Archive member included to satisfy reference by file (symbol)

../LEDTileLib/obj/default\libLEDTileLib.a(LEDTileLib.o)
                              obj/default/main.o (displayBitmap)
../giflib-5.1.2/lib/obj/default\libGIFLIB.a(dgif_lib.o)
                              obj/default/main.o (DGifOpen)
../giflib-5.1.2/lib/obj/default\libGIFLIB.a(gifalloc.o)
                              ../giflib-5.1.2/lib/obj/default\libGIFLIB.a(dgif_lib.o) (GifMakeMapObject)
../giflib-5.1.2/lib/obj/default\libGIFLIB.a(openbsd-reallocarray.o)
                              ../giflib-5.1.2/lib/obj/default\libGIFLIB.a(dgif_lib.o) (reallocarray)
c:/altera/14.1/nios2eds/bin/gnu/h-x86_64-mingw32/bin/../lib/gcc/nios2-elf/4.8.3/mno-hw-mul\libgcc.a(lib2-divmod.o)
                              ../giflib-5.1.2/lib/obj/default\libGIFLIB.a(dgif_lib.o) (__divsi3)
c:/altera/14.1/nios2eds/bin/gnu/h-x86_64-mingw32/bin/../lib/gcc/nios2-elf/4.8.3/mno-hw-mul\libgcc.a(lib2-mul.o)
                              obj/default/main.o (__mulsi3)
c:/altera/14.1/nios2eds/bin/gnu/h-x86_64-mingw32/bin/../lib/gcc/nios2-elf/4.8.3/mno-hw-mul\libgcc.a(divdf3.o)
                              ../LEDTileLib/obj/default\libLEDTileLib.a(LEDTileLib.o) (__divdf3)
c:/altera/14.1/nios2eds/bin/gnu/h-x86_64-mingw32/bin/../lib/gcc/nios2-elf/4.8.3/mno-hw-mul\libgcc.a(muldf3.o)
                              ../LEDTileLib/obj/default\libLEDTileLib.a(LEDTileLib.o) (__muldf3)
c:/altera/14.1/nios2eds/bin/gnu/h-x86_64-mingw32/bin/../lib/gcc/nios2-elf/4.8.3/mno-hw-mul\libgcc.a(fixdfsi.o)
                              ../LEDTileLib/obj/default\libLEDTileLib.a(LEDTileLib.o) (__fixdfsi)
c:/altera/14.1/nios2eds/bin/gnu/h-x86_64-mingw32/bin/../lib/gcc/nios2-elf/4.8.3/mno-hw-mul\libgcc.a(floatsidf.o)
                              ../LEDTileLib/obj/default\libLEDTileLib.a(LEDTileLib.o) (__floatsidf)
c:/altera/14.1/nios2eds/bin/gnu/h-x86_64-mingw32/bin/../lib/gcc/nios2-elf/4.8.3/mno-hw-mul\libgcc.a(_clzsi2.o)
                              c:/altera/14.1/nios2eds/bin/gnu/h-x86_64-mingw32/bin/../lib/gcc/nios2-elf/4.8.3/mno-hw-mul\libgcc.a(divdf3.o) (__clzsi2)
c:/altera/14.1/nios2eds/bin/gnu/h-x86_64-mingw32/bin/../lib/gcc/nios2-elf/4.8.3/mno-hw-mul\libgcc.a(_clz.o)
                              c:/altera/14.1/nios2eds/bin/gnu/h-x86_64-mingw32/bin/../lib/gcc/nios2-elf/4.8.3/mno-hw-mul\libgcc.a(_clzsi2.o) (__clz_tab)
c:/altera/14.1/nios2eds/bin/gnu/h-x86_64-mingw32/bin/../lib/gcc/nios2-elf/4.8.3/../../../../../H-x86_64-mingw32/nios2-elf/lib/mno-hw-mul\libc.a(lib_a-calloc.o)
                              ../giflib-5.1.2/lib/obj/default\libGIFLIB.a(gifalloc.o) (calloc)
c:/altera/14.1/nios2eds/bin/gnu/h-x86_64-mingw32/bin/../lib/gcc/nios2-elf/4.8.3/../../../../../H-x86_64-mingw32/nios2-elf/lib/mno-hw-mul\libc.a(lib_a-callocr.o)
                              c:/altera/14.1/nios2eds/bin/gnu/h-x86_64-mingw32/bin/../lib/gcc/nios2-elf/4.8.3/../../../../../H-x86_64-mingw32/nios2-elf/lib/mno-hw-mul\libc.a(lib_a-calloc.o) (_calloc_r)
c:/altera/14.1/nios2eds/bin/gnu/h-x86_64-mingw32/bin/../lib/gcc/nios2-elf/4.8.3/../../../../../H-x86_64-mingw32/nios2-elf/lib/mno-hw-mul\libc.a(lib_a-errno.o)
                              ../giflib-5.1.2/lib/obj/default\libGIFLIB.a(openbsd-reallocarray.o) (__errno)
c:/altera/14.1/nios2eds/bin/gnu/h-x86_64-mingw32/bin/../lib/gcc/nios2-elf/4.8.3/../../../../../H-x86_64-mingw32/nios2-elf/lib/mno-hw-mul\libc.a(lib_a-fclose.o)
                              ../giflib-5.1.2/lib/obj/default\libGIFLIB.a(dgif_lib.o) (fclose)
c:/altera/14.1/nios2eds/bin/gnu/h-x86_64-mingw32/bin/../lib/gcc/nios2-elf/4.8.3/../../../../../H-x86_64-mingw32/nios2-elf/lib/mno-hw-mul\libc.a(lib_a-fdopen.o)
                              ../giflib-5.1.2/lib/obj/default\libGIFLIB.a(dgif_lib.o) (fdopen)
c:/altera/14.1/nios2eds/bin/gnu/h-x86_64-mingw32/bin/../lib/gcc/nios2-elf/4.8.3/../../../../../H-x86_64-mingw32/nios2-elf/lib/mno-hw-mul\libc.a(lib_a-fflush.o)
                              c:/altera/14.1/nios2eds/bin/gnu/h-x86_64-mingw32/bin/../lib/gcc/nios2-elf/4.8.3/../../../../../H-x86_64-mingw32/nios2-elf/lib/mno-hw-mul\libc.a(lib_a-fclose.o) (_fflush_r)
c:/altera/14.1/nios2eds/bin/gnu/h-x86_64-mingw32/bin/../lib/gcc/nios2-elf/4.8.3/../../../../../H-x86_64-mingw32/nios2-elf/lib/mno-hw-mul\libc.a(lib_a-findfp.o)
                              c:/altera/14.1/nios2eds/bin/gnu/h-x86_64-mingw32/bin/../lib/gcc/nios2-elf/4.8.3/../../../../../H-x86_64-mingw32/nios2-elf/lib/mno-hw-mul\libc.a(lib_a-fclose.o) (__sinit)
c:/altera/14.1/nios2eds/bin/gnu/h-x86_64-mingw32/bin/../lib/gcc/nios2-elf/4.8.3/../../../../../H-x86_64-mingw32/nios2-elf/lib/mno-hw-mul\libc.a(lib_a-flags.o)
                              c:/altera/14.1/nios2eds/bin/gnu/h-x86_64-mingw32/bin/../lib/gcc/nios2-elf/4.8.3/../../../../../H-x86_64-mingw32/nios2-elf/lib/mno-hw-mul\libc.a(lib_a-fdopen.o) (__sflags)
[...]
Memory Configuration

Name             Origin             Length             Attributes
sdram_controller_BEFORE_EXCEPTION 0x0000000002000000 0x0000000000000020
sdram_controller 0x0000000002000020 0x0000000001ffffe0
onchip_memory2   0x0000000004000000 0x0000000000006590
reset            0x0000000004009000 0x0000000000000020
epcs_flash_controller 0x0000000004009020 0x00000000000007e0
*default*        0x0000000000000000 0xffffffffffffffff

Linker script and memory map

LOAD ../LEDTile_BSP2//obj/HAL/src/crt0.o
LOAD obj/default/main.o
LOAD ../LEDTileLib/obj/default\libLEDTileLib.a
LOAD ../giflib-5.1.2/lib/obj/default\libGIFLIB.a
LOAD c:/altera/14.1/nios2eds/bin/gnu/h-x86_64-mingw32/bin/../lib/gcc/nios2-elf/4.8.3/../../../../../H-x86_64-mingw32/nios2-elf/lib/mno-hw-mul\libstdc++.a
LOAD c:/altera/14.1/nios2eds/bin/gnu/h-x86_64-mingw32/bin/../lib/gcc/nios2-elf/4.8.3/../../../../../H-x86_64-mingw32/nios2-elf/lib/mno-hw-mul\libm.a
LOAD c:/altera/14.1/nios2eds/bin/gnu/h-x86_64-mingw32/bin/../lib/gcc/nios2-elf/4.8.3/mno-hw-mul\libgcc.a
START GROUP
LOAD c:/altera/14.1/nios2eds/bin/gnu/h-x86_64-mingw32/bin/../lib/gcc/nios2-elf/4.8.3/../../../../../H-x86_64-mingw32/nios2-elf/lib/mno-hw-mul\libc.a
LOAD c:/altera/14.1/nios2eds/bin/gnu/h-x86_64-mingw32/bin/../lib/gcc/nios2-elf/4.8.3/mno-hw-mul\libgcc.a
LOAD ../LEDTile_BSP2/\libhal_bsp.a
END GROUP
LOAD c:/altera/14.1/nios2eds/bin/gnu/h-x86_64-mingw32/bin/../lib/gcc/nios2-elf/4.8.3/mno-hw-mul\libgcc.a
                0x0000000002000000                __alt_mem_sdram_controller = 0x2000000
                0x0000000004000000                __alt_mem_onchip_memory2 = 0x4000000
                0x0000000004009000                __alt_mem_epcs_flash_controller = 0x4009000

.entry          0x0000000004009000        0x0
 *(.entry)
 .entry         0x0000000004009000        0x0 ../LEDTile_BSP2//obj/HAL/src/crt0.o
                0x0000000004009000                __reset

.exceptions     0x0000000002000020      0x20c
                0x0000000002000020                PROVIDE (__ram_exceptions_start, ABSOLUTE (.))
                0x0000000002000020                . = ALIGN (0x20)
 *(.irq)
 *(.exceptions.entry.label)
 .exceptions.entry.label
                0x0000000002000020        0x0 ../LEDTile_BSP2/\libhal_bsp.a(alt_irq_entry.o)
                0x0000000002000020                alt_irq_entry
 .exceptions.entry.label
                0x0000000002000020        0x0 ../LEDTile_BSP2/\libhal_bsp.a(alt_exception_entry.o)
                0x0000000002000020                alt_exception
 *(.exceptions.entry.user)
 *(.exceptions.entry.ecc_fatal)
 *(.exceptions.entry)
 .exceptions.entry
                0x0000000002000020       0x54 ../LEDTile_BSP2/\libhal_bsp.a(alt_exception_entry.o)
 *(.exceptions.irqtest.user)
 *(.exceptions.irqtest)
 .exceptions.irqtest
                0x0000000002000074       0x10 ../LEDTile_BSP2/\libhal_bsp.a(alt_irq_entry.o)
 *(.exceptions.irqhandler.user)
 *(.exceptions.irqhandler)
 .exceptions.irqhandler
                0x0000000002000084        0x4 ../LEDTile_BSP2/\libhal_bsp.a(alt_irq_entry.o)
 *(.exceptions.irqreturn.user)
 *(.exceptions.irqreturn)
 .exceptions.irqreturn
                0x0000000002000088        0x4 ../LEDTile_BSP2/\libhal_bsp.a(alt_irq_entry.o)
 *(.exceptions.notirq.label)
 .exceptions.notirq.label
                0x000000000200008c        0x0 ../LEDTile_BSP2/\libhal_bsp.a(alt_irq_entry.o)
 *(.exceptions.notirq.user)
 *(.exceptions.notirq)
 .exceptions.notirq
                0x000000000200008c        0x8 ../LEDTile_BSP2/\libhal_bsp.a(alt_exception_entry.o)
 *(.exceptions.soft.user)
 *(.exceptions.soft)
 *(.exceptions.unknown.user)
 *(.exceptions.unknown)
 .exceptions.unknown
                0x0000000002000094       0x14 ../LEDTile_BSP2/\libhal_bsp.a(alt_exception_entry.o)
 *(.exceptions.exit.label)
 .exceptions.exit.label
                0x00000000020000a8        0x0 ../LEDTile_BSP2/\libhal_bsp.a(alt_irq_entry.o)
 .exceptions.exit.label
                0x00000000020000a8        0x0 ../LEDTile_BSP2/\libhal_bsp.a(alt_exception_entry.o)
 *(.exceptions.exit.user)
 *(.exceptions.exit)
 .exceptions.exit
                0x00000000020000a8       0x54 ../LEDTile_BSP2/\libhal_bsp.a(alt_exception_entry.o)
 *(.exceptions)
 .exceptions    0x00000000020000fc       0xd0 ../LEDTile_BSP2/\libhal_bsp.a(alt_irq_handler.o)
                0x00000000020000fc                alt_irq_handler
 .exceptions    0x00000000020001cc       0x60 ../LEDTile_BSP2/\libhal_bsp.a(alt_instruction_exception_entry.o)
                0x00000000020001cc                alt_instruction_exception_entry
                0x000000000200022c                PROVIDE (__ram_exceptions_end, ABSOLUTE (.))
                0x0000000002000020                PROVIDE (__flash_exceptions_start, LOADADDR (.exceptions))

.text           0x000000000200022c    0x1692c
                0x000000000200022c                PROVIDE (stext, ABSOLUTE (.))
 *(.interp)
 *(.hash)
 *(.dynsym)
 *(.dynstr)
 *(.gnu.version)
 *(.gnu.version_d)
 *(.gnu.version_r)
 *(.rel.init)
 *(.rela.init)
 *(.rel.text .rel.text.* .rel.gnu.linkonce.t.*)
 *(.rela.text .rela.text.* .rela.gnu.linkonce.t.*)
 *(.rel.fini)
 *(.rela.fini)
 *(.rel.rodata .rel.rodata.* .rel.gnu.linkonce.r.*)
 *(.rela.rodata .rela.rodata.* .rela.gnu.linkonce.r.*)
 *(.rel.data .rel.data.* .rel.gnu.linkonce.d.*)
 *(.rela.data .rela.data.* .rela.gnu.linkonce.d.*)
 *(.rel.tdata .rel.tdata.* .rel.gnu.linkonce.td.*)
 *(.rela.tdata .rela.tdata.* .rela.gnu.linkonce.td.*)
 *(.rel.tbss .rel.tbss.* .rel.gnu.linkonce.tb.*)
 *(.rela.tbss .rela.tbss.* .rela.gnu.linkonce.tb.*)
 *(.rel.ctors)
 *(.rela.ctors)
 *(.rel.dtors)
 *(.rela.dtors)
 *(.rel.got)
 *(.rela.got)
 *(.rel.sdata .rel.sdata.* .rel.gnu.linkonce.s.*)
 *(.rela.sdata .rela.sdata.* .rela.gnu.linkonce.s.*)
 *(.rel.sbss .rel.sbss.* .rel.gnu.linkonce.sb.*)
 *(.rela.sbss .rela.sbss.* .rela.gnu.linkonce.sb.*)
 *(.rel.sdata2 .rel.sdata2.* .rel.gnu.linkonce.s2.*)
 *(.rela.sdata2 .rela.sdata2.* .rela.gnu.linkonce.s2.*)
 *(.rel.sbss2 .rel.sbss2.* .rel.gnu.linkonce.sb2.*)
 *(.rela.sbss2 .rela.sbss2.* .rela.gnu.linkonce.sb2.*)
 *(.rel.bss .rel.bss.* .rel.gnu.linkonce.b.*)
 *(.rela.bss .rela.bss.* .rela.gnu.linkonce.b.*)
 *(.rel.plt)
 *(.rela.plt)
 *(.rel.dyn)
 *(.init)
 *(.plt)
 *(.text .stub .text.* .gnu.linkonce.t.*)
 .text          0x000000000200022c       0x38 ../LEDTile_BSP2//obj/HAL/src/crt0.o
                0x000000000200022c                _start
 .text          0x0000000002000264      0x3c4 obj/default/main.o
                0x0000000002000264                frame_callback
                0x00000000020004a0                MemoryGIFRead
                0x000000000200054c                main
 .text          0x0000000002000628     0x1ba8 ../LEDTileLib/obj/default\libLEDTileLib.a(LEDTileLib.o)
                0x0000000002000628                delay
                0x0000000002000660                blank
                0x0000000002000738                displayBitmap
                0x000000000200087c                displayColourBars
                0x0000000002001040                displayCIEColourBars
                0x00000000020014a4                displayGamma149ColourBars
                0x0000000002001908                displayGamma98ColourBars
                0x0000000002001d6c                displayGamma46ColourBars
 .text          0x00000000020021d0     0x291c ../giflib-5.1.2/lib/obj/default\libGIFLIB.a(dgif_lib.o)
                0x00000000020021d0                DGifOpenFileName
                0x0000000002002248                DGifOpenFileHandle
                0x00000000020024a8                DGifOpen
                0x00000000020026e4                DGifGetScreenDesc
                0x0000000002002a14                DGifGetRecordType
                0x0000000002002b60                DGifGetImageDesc
                0x0000000002003028                DGifGetLine
                0x000000000200312c                DGifGetPixel
                0x000000000200321c                DGifGetExtension
                0x0000000002003314                DGifGetExtensionNext
                0x0000000002003490                DGifExtensionToGCB
                0x000000000200357c                DGifSavedExtensionToGCB
                0x00000000020036ac                DGifCloseFile
                0x0000000002003908                DGifGetCode
                0x0000000002003984                DGifGetCodeNext
                0x0000000002004244                DGifGetLZCodes
                0x0000000002004708                DGifSlurp
 .text          0x0000000002004aec      0xc8c ../giflib-5.1.2/lib/obj/default\libGIFLIB.a(gifalloc.o)
                0x0000000002004aec                GifBitSize
                0x0000000002004b40                GifMakeMapObject
                0x0000000002004c38                GifFreeMapObject
                0x0000000002004c80                GifUnionColorMap
                0x0000000002005068                GifApplyTranslation
                0x000000000200510c                GifAddExtensionBlock
                0x0000000002005278                GifFreeExtensions
                0x0000000002005330                FreeLastSavedImage
                0x000000000200540c                GifMakeSavedImage
                0x0000000002005678                GifFreeSavedImages
 .text          0x0000000002005778       0x94 ../giflib-5.1.2/lib/obj/default\libGIFLIB.a(openbsd-reallocarray.o)
                0x0000000002005778                reallocarray
 .text          0x000000000200580c      0x114 c:/altera/14.1/nios2eds/bin/gnu/h-x86_64-mingw32/bin/../lib/gcc/nios2-elf/4.8.3/mno-hw-mul\libgcc.a(lib2-divmod.o)
                0x000000000200587c                __divsi3
                0x00000000020058c4                __modsi3
                0x0000000002005910                __udivsi3
                0x0000000002005918                __umodsi3
 .text          0x0000000002005920       0x28 c:/altera/14.1/nios2eds/bin/gnu/h-x86_64-mingw32/bin/../lib/gcc/nios2-elf/4.8.3/mno-hw-mul\libgcc.a(lib2-mul.o)
                0x0000000002005920                __mulsi3
 .text          0x0000000002005948      0x99c c:/altera/14.1/nios2eds/bin/gnu/h-x86_64-mingw32/bin/../lib/gcc/nios2-elf/4.8.3/mno-hw-mul\libgcc.a(divdf3.o)
                0x0000000002005948                __divdf3
 .text          0x00000000020062e4      0x800 c:/altera/14.1/nios2eds/bin/gnu/h-x86_64-mingw32/bin/../lib/gcc/nios2-elf/4.8.3/mno-hw-mul\libgcc.a(muldf3.o)
                0x00000000020062e4                __muldf3
 .text          0x0000000002006ae4       0x80 c:/altera/14.1/nios2eds/bin/gnu/h-x86_64-mingw32/bin/../lib/gcc/nios2-elf/4.8.3/mno-hw-mul\libgcc.a(fixdfsi.o)
                0x0000000002006ae4                __fixdfsi
 .text          0x0000000002006b64       0xd0 c:/altera/14.1/nios2eds/bin/gnu/h-x86_64-mingw32/bin/../lib/gcc/nios2-elf/4.8.3/mno-hw-mul\libgcc.a(floatsidf.o)
                0x0000000002006b64                __floatsidf
 .text          0x0000000002006c34       0xac c:/altera/14.1/nios2eds/bin/gnu/h-x86_64-mingw32/bin/../lib/gcc/nios2-elf/4.8.3/mno-hw-mul\libgcc.a(_clzsi2.o)
                0x0000000002006c34                __clzsi2
 .text          0x0000000002006ce0        0x0 c:/altera/14.1/nios2eds/bin/gnu/h-x86_64-mingw32/bin/../lib/gcc/nios2-elf/4.8.3/mno-hw-mul\libgcc.a(_clz.o)
 .text          0x0000000002006ce0       0x1c c:/altera/14.1/nios2eds/bin/gnu/h-x86_64-mingw32/bin/../lib/gcc/nios2-elf/4.8.3/../../../../../H-x86_64-mingw32/nios2-elf/lib/mno-hw-mul\libc.a(lib_a-calloc.o)
                0x0000000002006ce0                calloc
 .text          0x0000000002006cfc       0xd8 c:/altera/14.1/nios2eds/bin/gnu/h-x86_64-mingw32/bin/../lib/gcc/nios2-elf/4.8.3/../../../../../H-x86_64-mingw32/nios2-elf/lib/mno-hw-mul\libc.a(lib_a-callocr.o)
                0x0000000002006cfc                _calloc_r
 .text          0x0000000002006dd4       0x10 c:/altera/14.1/nios2eds/bin/gnu/h-x86_64-mingw32/bin/../lib/gcc/nios2-elf/4.8.3/../../../../../H-x86_64-mingw32/nios2-elf/lib/mno-hw-mul\libc.a(lib_a-errno.o)
                0x0000000002006dd4                __errno
 .text          0x0000000002006de4      0x13c c:/altera/14.1/nios2eds/bin/gnu/h-x86_64-mingw32/bin/../lib/gcc/nios2-elf/4.8.3/../../../../../H-x86_64-mingw32/nios2-elf/lib/mno-hw-mul\libc.a(lib_a-fclose.o)
                0x0000000002006de4                _fclose_r
                0x0000000002006f0c                fclose
 .text          0x0000000002006f20       0xd0 c:/altera/14.1/nios2eds/bin/gnu/h-x86_64-mingw32/bin/../lib/gcc/nios2-elf/4.8.3/../../../../../H-x86_64-mingw32/nios2-elf/lib/mno-hw-mul\libc.a(lib_a-fdopen.o)
                0x0000000002006f20                _fdopen_r
                0x0000000002006fd4                fdopen
 .text          0x0000000002006ff0      0x274 c:/altera/14.1/nios2eds/bin/gnu/h-x86_64-mingw32/bin/../lib/gcc/nios2-elf/4.8.3/../../../../../H-x86_64-mingw32/nios2-elf/lib/mno-hw-mul\libc.a(lib_a-fflush.o)
                0x0000000002006ff0                _fflush_r
                0x0000000002007234                fflush
 .text          0x0000000002007264      0x3a4 c:/altera/14.1/nios2eds/bin/gnu/h-x86_64-mingw32/bin/../lib/gcc/nios2-elf/4.8.3/../../../../../H-x86_64-mingw32/nios2-elf/lib/mno-hw-mul\libc.a(lib_a-findfp.o)
                0x0000000002007274                _cleanup_r
                0x0000000002007280                __sfmoreglue
                0x00000000020072f8                _cleanup
                0x0000000002007310                __sinit
                0x00000000020074ac                __sfp
                0x00000000020075c8                __sfp_lock_acquire
                0x00000000020075cc                __sfp_lock_release
                0x00000000020075d0                __sinit_lock_acquire
                0x00000000020075d4                __sinit_lock_release
                0x00000000020075d8                __fp_lock_all
                0x00000000020075f0                __fp_unlock_all
 .text          0x0000000002007608       0x98 c:/altera/14.1/nios2eds/bin/gnu/h-x86_64-mingw32/bin/../lib/gcc/nios2-elf/4.8.3/../../../../../H-x86_64-mingw32/nios2-elf/lib/mno-hw-mul\libc.a(lib_a-flags.o)
                0x0000000002007608                __sflags
 .text          0x00000000020076a0      0x290 c:/altera/14.1/nios2eds/bin/gnu/h-x86_64-mingw32/bin/../lib/gcc/nios2-elf/4.8.3/../../../../../H-x86_64-mingw32/nios2-elf/lib/mno-hw-mul\libc.a(lib_a-fread.o)
                0x00000000020076a0                _fread_r
                0x00000000020078f0                fread
 .text          0x0000000002007930      0x40c c:/altera/14.1/nios2eds/bin/gnu/h-x86_64-mingw32/bin/../lib/gcc/nios2-elf/4.8.3/../../../../../H-x86_64-mingw32/nios2-elf/lib/mno-hw-mul\libc.a(lib_a-freer.o)
                0x0000000002007930                _malloc_trim_r
                0x0000000002007a6c                _free_r
 .text          0x0000000002007d3c      0x160 c:/altera/14.1/nios2eds/bin/gnu/h-x86_64-mingw32/bin/../lib/gcc/nios2-elf/4.8.3/../../../../../H-x86_64-mingw32/nios2-elf/lib/mno-hw-mul\libc.a(lib_a-fwalk.o)
                0x0000000002007d3c                _fwalk
                0x0000000002007de4                _fwalk_reent
 .text          0x0000000002007e9c        0x0 c:/altera/14.1/nios2eds/bin/gnu/h-x86_64-mingw32/bin/../lib/gcc/nios2-elf/4.8.3/../../../../../H-x86_64-mingw32/nios2-elf/lib/mno-hw-mul\libc.a(lib_a-impure.o)
 .text          0x0000000002007e9c       0x28 c:/altera/14.1/nios2eds/bin/gnu/h-x86_64-mingw32/bin/../lib/gcc/nios2-elf/4.8.3/../../../../../H-x86_64-mingw32/nios2-elf/lib/mno-hw-mul\libc.a(lib_a-malloc.o)
                0x0000000002007e9c                malloc
                0x0000000002007eb0                free
 .text          0x0000000002007ec4      0x7c4 c:/altera/14.1/nios2eds/bin/gnu/h-x86_64-mingw32/bin/../lib/gcc/nios2-elf/4.8.3/../../../../../H-x86_64-mingw32/nios2-elf/lib/mno-hw-mul\libc.a(lib_a-mallocr.o)
                0x0000000002007ec4                _malloc_r
 .text          0x0000000002008688       0x7c c:/altera/14.1/nios2eds/bin/gnu/h-x86_64-mingw32/bin/../lib/gcc/nios2-elf/4.8.3/../../../../../H-x86_64-mingw32/nios2-elf/lib/mno-hw-mul\libc.a(lib_a-memcmp.o)
                0x0000000002008688                memcmp
 .text          0x0000000002008704      0x10c c:/altera/14.1/nios2eds/bin/gnu/h-x86_64-mingw32/bin/../lib/gcc/nios2-elf/4.8.3/../../../../../H-x86_64-mingw32/nios2-elf/lib/mno-hw-mul\libc.a(lib_a-memcpy.o)
                0x0000000002008704                memcpy
 .text          0x0000000002008810      0x114 c:/altera/14.1/nios2eds/bin/gnu/h-x86_64-mingw32/bin/../lib/gcc/nios2-elf/4.8.3/../../../../../H-x86_64-mingw32/nios2-elf/lib/mno-hw-mul\libc.a(lib_a-memset.o)
                0x0000000002008810                memset
 .text          0x0000000002008924       0x68 c:/altera/14.1/nios2eds/bin/gnu/h-x86_64-mingw32/bin/../lib/gcc/nios2-elf/4.8.3/../../../../../H-x86_64-mingw32/nios2-elf/lib/mno-hw-mul\libc.a(lib_a-printf.o)
                0x0000000002008924                _printf_r
                0x0000000002008950                printf
 .text          0x000000000200898c       0x1c c:/altera/14.1/nios2eds/bin/gnu/h-x86_64-mingw32/bin/../lib/gcc/nios2-elf/4.8.3/../../../../../H-x86_64-mingw32/nios2-elf/lib/mno-hw-mul\libc.a(lib_a-realloc.o)
                0x000000000200898c                realloc
 .text          0x00000000020089a8      0x564 c:/altera/14.1/nios2eds/bin/gnu/h-x86_64-mingw32/bin/../lib/gcc/nios2-elf/4.8.3/../../../../../H-x86_64-mingw32/nios2-elf/lib/mno-hw-mul\libc.a(lib_a-reallocr.o)
                0x00000000020089a8                _realloc_r
 .text          0x0000000002008f0c      0x1f4 c:/altera/14.1/nios2eds/bin/gnu/h-x86_64-mingw32/bin/../lib/gcc/nios2-elf/4.8.3/../../../../../H-x86_64-mingw32/nios2-elf/lib/mno-hw-mul\libc.a(lib_a-refill.o)
                0x0000000002008f28                __srefill_r
 .text          0x0000000002009100       0x64 c:/altera/14.1/nios2eds/bin/gnu/h-x86_64-mingw32/bin/../lib/gcc/nios2-elf/4.8.3/../../../../../H-x86_64-mingw32/nios2-elf/lib/mno-hw-mul\libc.a(lib_a-sbrkr.o)
                0x0000000002009100                _sbrk_r
 .text          0x0000000002009164      0x13c c:/altera/14.1/nios2eds/bin/gnu/h-x86_64-mingw32/bin/../lib/gcc/nios2-elf/4.8.3/../../../../../H-x86_64-mingw32/nios2-elf/lib/mno-hw-mul\libc.a(lib_a-stdio.o)
                0x0000000002009164                __sread
                0x00000000020091b8                __seofread
                0x00000000020091c0                __swrite
                0x000000000200923c                __sseek
                0x0000000002009298                __sclose
 .text          0x00000000020092a0       0xfc c:/altera/14.1/nios2eds/bin/gnu/h-x86_64-mingw32/bin/../lib/gcc/nios2-elf/4.8.3/../../../../../H-x86_64-mingw32/nios2-elf/lib/mno-hw-mul\libc.a(lib_a-strncmp.o)
                0x00000000020092a0                strncmp
 .text          0x000000000200939c     0x2178 c:/altera/14.1/nios2eds/bin/gnu/h-x86_64-mingw32/bin/../lib/gcc/nios2-elf/4.8.3/../../../../../H-x86_64-mingw32/nios2-elf/lib/mno-hw-mul\libc.a(lib_a-vfprintf.o)
                0x000000000200939c                ___vfprintf_internal_r
                0x000000000200b4f0                __vfprintf_internal
 .text          0x000000000200b514       0x6c c:/altera/14.1/nios2eds/bin/gnu/h-x86_64-mingw32/bin/../lib/gcc/nios2-elf/4.8.3/../../../../../H-x86_64-mingw32/nios2-elf/lib/mno-hw-mul\libc.a(lib_a-writer.o)
                0x000000000200b514                _write_r
 .text          0x000000000200b580      0x138 c:/altera/14.1/nios2eds/bin/gnu/h-x86_64-mingw32/bin/../lib/gcc/nios2-elf/4.8.3/../../../../../H-x86_64-mingw32/nios2-elf/lib/mno-hw-mul\libc.a(lib_a-wsetup.o)
                0x000000000200b580                __swsetup_r
 .text          0x000000000200b6b8       0x64 c:/altera/14.1/nios2eds/bin/gnu/h-x86_64-mingw32/bin/../lib/gcc/nios2-elf/4.8.3/../../../../../H-x86_64-mingw32/nios2-elf/lib/mno-hw-mul\libc.a(closer.o)
                0x000000000200b6b8                _close_r
 .text          0x000000000200b71c     0x1864 c:/altera/14.1/nios2eds/bin/gnu/h-x86_64-mingw32/bin/../lib/gcc/nios2-elf/4.8.3/../../../../../H-x86_64-mingw32/nios2-elf/lib/mno-hw-mul\libc.a(lib_a-dtoa.o)
                0x000000000200b944                _dtoa_r
 .text          0x000000000200cf80        0x0 c:/altera/14.1/nios2eds/bin/gnu/h-x86_64-mingw32/bin/../lib/gcc/nios2-elf/4.8.3/../../../../../H-x86_64-mingw32/nios2-elf/lib/mno-hw-mul\libc.a(lib_a-int_errno.o)
 .text          0x000000000200cf80       0xd4 c:/altera/14.1/nios2eds/bin/gnu/h-x86_64-mingw32/bin/../lib/gcc/nios2-elf/4.8.3/../../../../../H-x86_64-mingw32/nios2-elf/lib/mno-hw-mul\libc.a(lib_a-locale.o)
                0x000000000200cf80                _setlocale_r
                0x000000000200cff0                __locale_charset
                0x000000000200cffc                __locale_mb_cur_max
                0x000000000200d00c                __locale_msgcharset
                0x000000000200d018                __locale_cjk_lang
                0x000000000200d020                _localeconv_r
                0x000000000200d02c                setlocale
                0x000000000200d048                localeconv
 .text          0x000000000200d054       0x6c c:/altera/14.1/nios2eds/bin/gnu/h-x86_64-mingw32/bin/../lib/gcc/nios2-elf/4.8.3/../../../../../H-x86_64-mingw32/nios2-elf/lib/mno-hw-mul\libc.a(lib_a-lseekr.o)
                0x000000000200d054                _lseek_r
 .text          0x000000000200d0c0      0x1b4 c:/altera/14.1/nios2eds/bin/gnu/h-x86_64-mingw32/bin/../lib/gcc/nios2-elf/4.8.3/../../../../../H-x86_64-mingw32/nios2-elf/lib/mno-hw-mul\libc.a(lib_a-makebuf.o)
                0x000000000200d0c0                __smakebuf_r
 .text          0x000000000200d274       0xe8 c:/altera/14.1/nios2eds/bin/gnu/h-x86_64-mingw32/bin/../lib/gcc/nios2-elf/4.8.3/../../../../../H-x86_64-mingw32/nios2-elf/lib/mno-hw-mul\libc.a(lib_a-memchr.o)
                0x000000000200d274                memchr
 .text          0x000000000200d35c      0x13c c:/altera/14.1/nios2eds/bin/gnu/h-x86_64-mingw32/bin/../lib/gcc/nios2-elf/4.8.3/../../../../../H-x86_64-mingw32/nios2-elf/lib/mno-hw-mul\libc.a(lib_a-memmove.o)
                0x000000000200d35c                memmove
 .text          0x000000000200d498     0x1028 c:/altera/14.1/nios2eds/bin/gnu/h-x86_64-mingw32/bin/../lib/gcc/nios2-elf/4.8.3/../../../../../H-x86_64-mingw32/nios2-elf/lib/mno-hw-mul\libc.a(lib_a-mprec.o)
                0x000000000200d498                _Balloc
                0x000000000200d540                _Bfree
                0x000000000200d568                __multadd
                0x000000000200d6ac                __s2b
                0x000000000200d7b0                __hi0bits
                0x000000000200d818                __lo0bits
                0x000000000200d8c8                __i2b
                0x000000000200d904                __multiply
                0x000000000200db70                __pow5mult
                0x000000000200dcb8                __lshift
                0x000000000200de08                __mcmp
                0x000000000200de68                __mdiff
                0x000000000200e018                __ulp
                0x000000000200e078                __b2d
                0x000000000200e168                __d2b
                0x000000000200e2ac                __ratio
                0x000000000200e34c                _mprec_log10
                0x000000000200e3c0                __copybits
                0x000000000200e438                __any_on
 .text          0x000000000200e4c0       0x6c c:/altera/14.1/nios2eds/bin/gnu/h-x86_64-mingw32/bin/../lib/gcc/nios2-elf/4.8.3/../../../../../H-x86_64-mingw32/nios2-elf/lib/mno-hw-mul\libc.a(lib_a-readr.o)
                0x000000000200e4c0                _read_r
 .text          0x000000000200e52c       0x68 c:/altera/14.1/nios2eds/bin/gnu/h-x86_64-mingw32/bin/../lib/gcc/nios2-elf/4.8.3/../../../../../H-x86_64-mingw32/nios2-elf/lib/mno-hw-mul\libc.a(lib_a-s_fpclassify.o)
                0x000000000200e52c                __fpclassifyd
 .text          0x000000000200e594       0xa4 c:/altera/14.1/nios2eds/bin/gnu/h-x86_64-mingw32/bin/../lib/gcc/nios2-elf/4.8.3/../../../../../H-x86_64-mingw32/nios2-elf/lib/mno-hw-mul\libc.a(lib_a-strcmp.o)
                0x000000000200e594                strcmp
 .text          0x000000000200e638       0x8c c:/altera/14.1/nios2eds/bin/gnu/h-x86_64-mingw32/bin/../lib/gcc/nios2-elf/4.8.3/../../../../../H-x86_64-mingw32/nios2-elf/lib/mno-hw-mul\libc.a(lib_a-strlen.o)
                0x000000000200e638                strlen
 .text          0x000000000200e6c4     0x1580 c:/altera/14.1/nios2eds/bin/gnu/h-x86_64-mingw32/bin/../lib/gcc/nios2-elf/4.8.3/../../../../../H-x86_64-mingw32/nios2-elf/lib/mno-hw-mul\libc.a(lib_a-vfiprintf.o)
                0x000000000200e7c0                __sprint_r
                0x000000000200e7d8                ___vfiprintf_internal_r
                0x000000000200fc20                __vfiprintf_internal
 .text          0x000000000200fc44      0x1fc c:/altera/14.1/nios2eds/bin/gnu/h-x86_64-mingw32/bin/../lib/gcc/nios2-elf/4.8.3/../../../../../H-x86_64-mingw32/nios2-elf/lib/mno-hw-mul\libc.a(lib_a-fputwc.o)
                0x000000000200fc44                _fputwc_r
                0x000000000200fdc8                fputwc
 .text          0x000000000200fe40       0x68 c:/altera/14.1/nios2eds/bin/gnu/h-x86_64-mingw32/bin/../lib/gcc/nios2-elf/4.8.3/../../../../../H-x86_64-mingw32/nios2-elf/lib/mno-hw-mul\libc.a(lib_a-fstatr.o)
                0x000000000200fe40                _fstat_r
 .text          0x000000000200fea8      0x4ac c:/altera/14.1/nios2eds/bin/gnu/h-x86_64-mingw32/bin/../lib/gcc/nios2-elf/4.8.3/../../../../../H-x86_64-mingw32/nios2-elf/lib/mno-hw-mul\libc.a(lib_a-fvwrite.o)
                0x000000000200fea8                __sfvwrite_r
 .text          0x0000000002010354       0x64 c:/altera/14.1/nios2eds/bin/gnu/h-x86_64-mingw32/bin/../lib/gcc/nios2-elf/4.8.3/../../../../../H-x86_64-mingw32/nios2-elf/lib/mno-hw-mul\libc.a(lib_a-isattyr.o)
                0x0000000002010354                _isatty_r
 .text          0x00000000020103b8      0x19c c:/altera/14.1/nios2eds/bin/gnu/h-x86_64-mingw32/bin/../lib/gcc/nios2-elf/4.8.3/../../../../../H-x86_64-mingw32/nios2-elf/lib/mno-hw-mul\libc.a(lib_a-wbuf.o)
                0x00000000020103b8                __swbuf_r
                0x0000000002010538                __swbuf
 .text          0x0000000002010554      0x174 c:/altera/14.1/nios2eds/bin/gnu/h-x86_64-mingw32/bin/../lib/gcc/nios2-elf/4.8.3/../../../../../H-x86_64-mingw32/nios2-elf/lib/mno-hw-mul\libc.a(lib_a-wcrtomb.o)
                0x0000000002010554                _wcrtomb_r
                0x00000000020105f0                wcrtomb
 .text          0x00000000020106c8       0x8c c:/altera/14.1/nios2eds/bin/gnu/h-x86_64-mingw32/bin/../lib/gcc/nios2-elf/4.8.3/../../../../../H-x86_64-mingw32/nios2-elf/lib/mno-hw-mul\libc.a(lib_a-wctomb_r.o)
                0x00000000020106c8                __ascii_wctomb
                0x00000000020106f8                _wctomb_r
 .text          0x0000000002010754      0x654 c:/altera/14.1/nios2eds/bin/gnu/h-x86_64-mingw32/bin/../lib/gcc/nios2-elf/4.8.3/mno-hw-mul\libgcc.a(_udivdi3.o)
                0x0000000002010754                __udivdi3
 .text          0x0000000002010da8      0x634 c:/altera/14.1/nios2eds/bin/gnu/h-x86_64-mingw32/bin/../lib/gcc/nios2-elf/4.8.3/mno-hw-mul\libgcc.a(_umoddi3.o)
                0x0000000002010da8                __umoddi3
 .text          0x00000000020113dc      0x87c c:/altera/14.1/nios2eds/bin/gnu/h-x86_64-mingw32/bin/../lib/gcc/nios2-elf/4.8.3/mno-hw-mul\libgcc.a(adddf3.o)
                0x00000000020113dc                __adddf3
 .text          0x0000000002011c58       0x84 c:/altera/14.1/nios2eds/bin/gnu/h-x86_64-mingw32/bin/../lib/gcc/nios2-elf/4.8.3/mno-hw-mul\libgcc.a(eqdf2.o)
                0x0000000002011c58                __nedf2
                0x0000000002011c58                __eqdf2
 .text          0x0000000002011cdc       0xd8 c:/altera/14.1/nios2eds/bin/gnu/h-x86_64-mingw32/bin/../lib/gcc/nios2-elf/4.8.3/mno-hw-mul\libgcc.a(gedf2.o)
                0x0000000002011cdc                __gedf2
                0x0000000002011cdc                __gtdf2
 .text          0x0000000002011db4       0xec c:/altera/14.1/nios2eds/bin/gnu/h-x86_64-mingw32/bin/../lib/gcc/nios2-elf/4.8.3/mno-hw-mul\libgcc.a(ledf2.o)
                0x0000000002011db4                __ledf2
                0x0000000002011db4                __ltdf2
 .text          0x0000000002011ea0      0x888 c:/altera/14.1/nios2eds/bin/gnu/h-x86_64-mingw32/bin/../lib/gcc/nios2-elf/4.8.3/mno-hw-mul\libgcc.a(subdf3.o)
                0x0000000002011ea0                __subdf3
 .text          0x0000000002012728       0xa0 c:/altera/14.1/nios2eds/bin/gnu/h-x86_64-mingw32/bin/../lib/gcc/nios2-elf/4.8.3/mno-hw-mul\libgcc.a(floatunsidf.o)
                0x0000000002012728                __floatunsidf
 .text          0x00000000020127c8      0x140 ../LEDTile_BSP2/\libhal_bsp.a(alt_alarm_start.o)
                0x00000000020127c8                alt_alarm_start
 .text          0x0000000002012908      0x120 ../LEDTile_BSP2/\libhal_bsp.a(alt_close.o)
                0x0000000002012958                close
 .text          0x0000000002012a28       0x2c ../LEDTile_BSP2/\libhal_bsp.a(alt_dev.o)
 .text          0x0000000002012a54        0x0 ../LEDTile_BSP2/\libhal_bsp.a(alt_errno.o)
 .text          0x0000000002012a54      0x104 ../LEDTile_BSP2/\libhal_bsp.a(alt_fstat.o)
                0x0000000002012aa4                fstat
 .text          0x0000000002012b58       0xf8 ../LEDTile_BSP2/\libhal_bsp.a(alt_isatty.o)
                0x0000000002012ba8                isatty
 .text          0x0000000002012c50      0x128 ../LEDTile_BSP2/\libhal_bsp.a(alt_lseek.o)
                0x0000000002012ca0                lseek
 .text          0x0000000002012d78       0x78 ../LEDTile_BSP2/\libhal_bsp.a(alt_main.o)
                0x0000000002012d78                alt_main
 .text          0x0000000002012df0       0x40 ../LEDTile_BSP2/\libhal_bsp.a(alt_malloc_lock.o)
                0x0000000002012df0                __malloc_lock
                0x0000000002012e10                __malloc_unlock
 .text          0x0000000002012e30      0x2a0 ../LEDTile_BSP2/\libhal_bsp.a(alt_open.o)
                0x0000000002012f74                open
 .text          0x00000000020130d0      0x148 ../LEDTile_BSP2/\libhal_bsp.a(alt_read.o)
                0x0000000002013120                read
 .text          0x0000000002013218       0x80 ../LEDTile_BSP2/\libhal_bsp.a(alt_release_fd.o)
                0x0000000002013218                alt_release_fd
 .text          0x0000000002013298       0xb0 ../LEDTile_BSP2/\libhal_bsp.a(alt_sbrk.o)
                0x0000000002013298                sbrk
 .text          0x0000000002013348      0x19c ../LEDTile_BSP2/\libhal_bsp.a(alt_tick.o)
                0x0000000002013348                alt_alarm_stop
                0x00000000020133e0                alt_tick
 .text          0x00000000020134e4      0x144 ../LEDTile_BSP2/\libhal_bsp.a(alt_write.o)
                0x0000000002013534                write
 .text          0x0000000002013628       0xf8 ../LEDTile_BSP2/\libhal_bsp.a(alt_sys_init.o)
                0x0000000002013660                alt_irq_init
                0x0000000002013694                alt_sys_init
 .text          0x0000000002013720      0xafc ../LEDTile_BSP2/\libhal_bsp.a(altera_avalon_epcs_flash_controller.o)
                0x0000000002013758                alt_epcs_flash_init
                0x0000000002013c8c                alt_epcs_flash_write
                0x0000000002013eec                alt_epcs_flash_get_info
                0x000000000201400c                alt_epcs_flash_erase_block
                0x0000000002014080                alt_epcs_flash_write_block
                0x0000000002014184                alt_epcs_flash_read
 .text          0x000000000201421c      0x164 ../LEDTile_BSP2/\libhal_bsp.a(altera_avalon_jtag_uart_fd.o)
                0x000000000201421c                altera_avalon_jtag_uart_read_fd
                0x000000000201427c                altera_avalon_jtag_uart_write_fd
                0x00000000020142dc                altera_avalon_jtag_uart_close_fd
                0x000000000201432c                altera_avalon_jtag_uart_ioctl_fd
 .text          0x0000000002014380      0x3c8 ../LEDTile_BSP2/\libhal_bsp.a(altera_avalon_jtag_uart_init.o)
                0x0000000002014380                altera_avalon_jtag_uart_init
                0x00000000020146e0                altera_avalon_jtag_uart_close
 .text          0x0000000002014748       0xec ../LEDTile_BSP2/\libhal_bsp.a(altera_avalon_jtag_uart_ioctl.o)
                0x0000000002014748                altera_avalon_jtag_uart_ioctl
 .text          0x0000000002014834      0x208 ../LEDTile_BSP2/\libhal_bsp.a(altera_avalon_jtag_uart_read.o)
                0x0000000002014834                altera_avalon_jtag_uart_read
 .text          0x0000000002014a3c      0x218 ../LEDTile_BSP2/\libhal_bsp.a(altera_avalon_jtag_uart_write.o)
                0x0000000002014a3c                altera_avalon_jtag_uart_write
 .text          0x0000000002014c54       0xfc ../LEDTile_BSP2/\libhal_bsp.a(altera_avalon_timer_sc.o)
                0x0000000002014cc8                alt_avalon_timer_sc_init
 .text          0x0000000002014d50      0x110 ../LEDTile_BSP2/\libhal_bsp.a(altera_avalon_uart_fd.o)
                0x0000000002014d50                altera_avalon_uart_read_fd
                0x0000000002014db0                altera_avalon_uart_write_fd
                0x0000000002014e10                altera_avalon_uart_close_fd
 .text          0x0000000002014e60      0x3b4 ../LEDTile_BSP2/\libhal_bsp.a(altera_avalon_uart_init.o)
                0x0000000002014e60                altera_avalon_uart_init
                0x00000000020151c0                altera_avalon_uart_close
 .text          0x0000000002015214      0x22c ../LEDTile_BSP2/\libhal_bsp.a(altera_avalon_uart_read.o)
                0x0000000002015264                altera_avalon_uart_read
 .text          0x0000000002015440      0x1f8 ../LEDTile_BSP2/\libhal_bsp.a(altera_avalon_uart_write.o)
                0x0000000002015490                altera_avalon_uart_write
 .text          0x0000000002015638      0x62c ../LEDTile_BSP2/\libhal_bsp.a(epcs_commands.o)
                0x0000000002015638                epcs_read_status_register
                0x0000000002015704                epcs_sector_erase
                0x00000000020157fc                epcs_read_buffer
                0x00000000020158f0                epcs_write_enable
                0x0000000002015940                epcs_write_status_register
                0x00000000020159a8                epcs_write_buffer
                0x0000000002015ac4                epcs_read_electronic_signature
                0x0000000002015b2c                epcs_read_device_id
                0x0000000002015bac                epcs_enter_4_bytes_mode
                0x0000000002015c08                epcs_exit_4_bytes_mode
 .text          0x0000000002015c64       0xf0 ../LEDTile_BSP2/\libhal_bsp.a(alt_dev_llist_insert.o)
                0x0000000002015cb4                alt_dev_llist_insert
 .text          0x0000000002015d54       0x5c ../LEDTile_BSP2/\libhal_bsp.a(alt_do_ctors.o)
                0x0000000002015d54                _do_ctors
 .text          0x0000000002015db0       0x5c ../LEDTile_BSP2/\libhal_bsp.a(alt_do_dtors.o)
                0x0000000002015db0                _do_dtors
 .text          0x0000000002015e0c       0x90 ../LEDTile_BSP2/\libhal_bsp.a(alt_find_dev.o)
                0x0000000002015e0c                alt_find_dev
 .text          0x0000000002015e9c      0x114 ../LEDTile_BSP2/\libhal_bsp.a(alt_find_file.o)
                0x0000000002015e9c                alt_find_file
 .text          0x0000000002015fb0       0xb8 ../LEDTile_BSP2/\libhal_bsp.a(alt_flash_dev.o)
                0x0000000002015fb0                alt_flash_open_dev
                0x0000000002016018                alt_flash_close_dev
 .text          0x0000000002016068       0xd4 ../LEDTile_BSP2/\libhal_bsp.a(alt_get_fd.o)
                0x0000000002016068                alt_get_fd
 .text          0x000000000201613c      0x1d8 ../LEDTile_BSP2/\libhal_bsp.a(alt_iic.o)
                0x000000000201613c                alt_ic_isr_register
                0x000000000201618c                alt_ic_irq_enable
                0x0000000002016228                alt_ic_irq_disable
                0x00000000020162c8                alt_ic_irq_enabled
 .text          0x0000000002016314       0xf0 ../LEDTile_BSP2/\libhal_bsp.a(alt_iic_isr_register.o)
                0x0000000002016314                alt_iic_isr_register
 .text          0x0000000002016404      0x158 ../LEDTile_BSP2/\libhal_bsp.a(alt_io_redirect.o)
                0x00000000020164e4                alt_io_redirect
 .text          0x000000000201655c        0x0 ../LEDTile_BSP2/\libhal_bsp.a(alt_irq_entry.o)
 .text          0x000000000201655c        0x0 ../LEDTile_BSP2/\libhal_bsp.a(alt_irq_handler.o)
 .text          0x000000000201655c        0x0 ../LEDTile_BSP2/\libhal_bsp.a(alt_irq_vars.o)
 .text          0x000000000201655c       0x20 ../LEDTile_BSP2/\libhal_bsp.a(altera_nios2_gen2_irq.o)
                0x000000000201655c                altera_nios2_gen2_irq_init
 .text          0x000000000201657c      0x1fc ../LEDTile_BSP2/\libhal_bsp.a(altera_avalon_spi.o)
                0x000000000201657c                alt_avalon_spi_command
 .text          0x0000000002016778        0x0 ../LEDTile_BSP2/\libhal_bsp.a(alt_exception_entry.o)
 .text          0x0000000002016778       0xa0 ../LEDTile_BSP2/\libhal_bsp.a(alt_instruction_exception_entry.o)
                0x0000000002016778                alt_exception_cause_generated_bad_addr
 .text          0x0000000002016818       0x14 c:/altera/14.1/nios2eds/bin/gnu/h-x86_64-mingw32/bin/../lib/gcc/nios2-elf/4.8.3/../../../../../H-x86_64-mingw32/nios2-elf/lib/mno-hw-mul\libc.a(lib_a-atexit.o)
                0x0000000002016818                atexit
 .text          0x000000000201682c       0x38 c:/altera/14.1/nios2eds/bin/gnu/h-x86_64-mingw32/bin/../lib/gcc/nios2-elf/4.8.3/../../../../../H-x86_64-mingw32/nios2-elf/lib/mno-hw-mul\libc.a(lib_a-exit.o)
                0x000000000201682c                exit
 .text          0x0000000002016864      0x11c c:/altera/14.1/nios2eds/bin/gnu/h-x86_64-mingw32/bin/../lib/gcc/nios2-elf/4.8.3/../../../../../H-x86_64-mingw32/nios2-elf/lib/mno-hw-mul\libc.a(lib_a-__atexit.o)
                0x0000000002016864                __register_exitproc
 .text          0x0000000002016980      0x1a4 c:/altera/14.1/nios2eds/bin/gnu/h-x86_64-mingw32/bin/../lib/gcc/nios2-elf/4.8.3/../../../../../H-x86_64-mingw32/nios2-elf/lib/mno-hw-mul\libc.a(lib_a-__call_atexit.o)
                0x0000000002016980                __call_exitprocs
 .text          0x0000000002016b24       0x34 ../LEDTile_BSP2/\libhal_bsp.a(alt_exit.o)
                0x0000000002016b24                _exit
 *(.gnu.warning.*)
 *(.fini)
                0x0000000002016b58                PROVIDE (__etext, ABSOLUTE (.))
                0x0000000002016b58                PROVIDE (_etext, ABSOLUTE (.))
                0x0000000002016b58                PROVIDE (etext, ABSOLUTE (.))
 *(.eh_frame_hdr)
                0x0000000002016b58                . = ALIGN (0x4)
                0x0000000002016b58                PROVIDE (__preinit_array_start, ABSOLUTE (.))
 *(.preinit_array)
                0x0000000002016b58                PROVIDE (__preinit_array_end, ABSOLUTE (.))
                0x0000000002016b58                PROVIDE (__init_array_start, ABSOLUTE (.))
 *(.init_array)
                0x0000000002016b58                PROVIDE (__init_array_end, ABSOLUTE (.))
                0x0000000002016b58                PROVIDE (__fini_array_start, ABSOLUTE (.))
 *(.fini_array)
                0x0000000002016b58                PROVIDE (__fini_array_end, ABSOLUTE (.))
 *(.eh_frame)
 *(.gcc_except_table .gcc_except_table.*)
 *(.dynamic)
                0x0000000002016b58                PROVIDE (__CTOR_LIST__, ABSOLUTE (.))
 *(.ctors)
 *(SORT(.ctors.*))
                0x0000000002016b58                PROVIDE (__CTOR_END__, ABSOLUTE (.))
                0x0000000002016b58                PROVIDE (__DTOR_LIST__, ABSOLUTE (.))
 *(.dtors)
 *(SORT(.dtors.*))
                0x0000000002016b58                PROVIDE (__DTOR_END__, ABSOLUTE (.))
 *(.jcr)
                0x0000000002016b58                . = ALIGN (0x4)

.rodata         0x0000000002016b58     0x8594
                0x0000000002016b58                PROVIDE (__ram_rodata_start, ABSOLUTE (.))
                0x0000000002016b58                . = ALIGN (0x4)
 *(.rodata .rodata.* .gnu.linkonce.r.*)
 .rodata        0x0000000002016b58     0x7850 obj/default/main.o
                0x0000000002016b58                margepolicebytes
                0x0000000002016cf0                margepolice
                0x0000000002016cfc                psyduckbytes
                0x0000000002017294                psyduck
                0x00000000020172a0                FF4ChestGifBytes
                0x0000000002017490                FF4ChestGIF
                0x000000000201749c                WiggumGifBytes
                0x00000000020175dc                WiggumGIF
                0x00000000020175e8                cattailbytes
                0x000000000201a0b4                cattail
                0x000000000201a0c0                DrWBytes
                0x000000000201a1d4                DrW
                0x000000000201a1e0                girlprayingbytes
                0x000000000201a310                girlpraying
                0x000000000201a31c                pharmacybytes
                0x000000000201b7f4                pharmacy
                0x000000000201b8f8                Link
                0x000000000201cf94                fishswimming1
                0x000000000201d120                Goomba
                0x000000000201d204                WeaponShop2
                0x000000000201d2c4                StairsDown2
                0x000000000201d3ac                Candle
                0x000000000201d480                Letter
                0x000000000201d6d0                CecilWalking
                0x000000000201d8d8                Rydia
                0x000000000201da30                RydiaStone
                0x000000000201dddc                CupOfWishes
                0x000000000201de8c                Mac
                0x000000000201df38                Mouse
                0x000000000201dff4                TeachText
                0x000000000201e0b0                TrashBulging
                0x000000000201e1cc                Notepad
                0x000000000201e320                CDROM
 .rodata        0x000000000201e3a8      0xa00 ../LEDTileLib/obj/default\libLEDTileLib.a(LEDTileLib.o)
                0x000000000201e3a8                linearRGB
                0x000000000201e5a8                cie1931
                0x000000000201e7a8                gamma149half
                0x000000000201e9a8                gamma98half
                0x000000000201eba8                gamma46half
 .rodata        0x000000000201eda8       0x28 ../giflib-5.1.2/lib/obj/default\libGIFLIB.a(dgif_lib.o)
 .rodata        0x000000000201edd0      0x100 c:/altera/14.1/nios2eds/bin/gnu/h-x86_64-mingw32/bin/../lib/gcc/nios2-elf/4.8.3/mno-hw-mul\libgcc.a(_clz.o)
                0x000000000201edd0                __clz_tab
 .rodata.str1.4
                0x000000000201eed0        0x2 c:/altera/14.1/nios2eds/bin/gnu/h-x86_64-mingw32/bin/../lib/gcc/nios2-elf/4.8.3/../../../../../H-x86_64-mingw32/nios2-elf/lib/mno-hw-mul\libc.a(lib_a-impure.o)
                                          0x4 (size before relaxing)
 *fill*         0x000000000201eed2        0x2 
 .rodata.str1.4
                0x000000000201eed4       0x42 c:/altera/14.1/nios2eds/bin/gnu/h-x86_64-mingw32/bin/../lib/gcc/nios2-elf/4.8.3/../../../../../H-x86_64-mingw32/nios2-elf/lib/mno-hw-mul\libc.a(lib_a-vfprintf.o)
                                         0x44 (size before relaxing)
 .rodata        0x000000000201ef16       0x20 c:/altera/14.1/nios2eds/bin/gnu/h-x86_64-mingw32/bin/../lib/gcc/nios2-elf/4.8.3/../../../../../H-x86_64-mingw32/nios2-elf/lib/mno-hw-mul\libc.a(lib_a-vfprintf.o)
 *fill*         0x000000000201ef36        0x2 
 .rodata.str1.4
                0x000000000201ef38       0x10 c:/altera/14.1/nios2eds/bin/gnu/h-x86_64-mingw32/bin/../lib/gcc/nios2-elf/4.8.3/../../../../../H-x86_64-mingw32/nios2-elf/lib/mno-hw-mul\libc.a(lib_a-dtoa.o)
                                         0x14 (size before relaxing)
 .rodata.str1.4
                0x000000000201ef48        0xc c:/altera/14.1/nios2eds/bin/gnu/h-x86_64-mingw32/bin/../lib/gcc/nios2-elf/4.8.3/../../../../../H-x86_64-mingw32/nios2-elf/lib/mno-hw-mul\libc.a(lib_a-locale.o)
                                         0x14 (size before relaxing)
 .rodata        0x000000000201ef54      0x124 c:/altera/14.1/nios2eds/bin/gnu/h-x86_64-mingw32/bin/../lib/gcc/nios2-elf/4.8.3/../../../../../H-x86_64-mingw32/nios2-elf/lib/mno-hw-mul\libc.a(lib_a-mprec.o)
                0x000000000201ef60                __mprec_tinytens
                0x000000000201ef88                __mprec_bigtens
                0x000000000201efb0                __mprec_tens
 .rodata.str1.4
                0x0000000000000000       0x30 c:/altera/14.1/nios2eds/bin/gnu/h-x86_64-mingw32/bin/../lib/gcc/nios2-elf/4.8.3/../../../../../H-x86_64-mingw32/nios2-elf/lib/mno-hw-mul\libc.a(lib_a-vfiprintf.o)
 .rodata        0x000000000201f078       0x20 c:/altera/14.1/nios2eds/bin/gnu/h-x86_64-mingw32/bin/../lib/gcc/nios2-elf/4.8.3/../../../../../H-x86_64-mingw32/nios2-elf/lib/mno-hw-mul\libc.a(lib_a-vfiprintf.o)
 .rodata        0x000000000201f098        0xc ../LEDTile_BSP2/\libhal_bsp.a(alt_dev.o)
 .rodata        0x000000000201f0a4       0x10 ../LEDTile_BSP2/\libhal_bsp.a(alt_main.o)
 .rodata        0x000000000201f0b4       0x38 ../LEDTile_BSP2/\libhal_bsp.a(alt_sys_init.o)
 *(.rodata1)
                0x000000000201f0ec                . = ALIGN (0x4)
                0x000000000201f0ec                PROVIDE (__ram_rodata_end, ABSOLUTE (.))
                0x0000000002016b58                PROVIDE (__flash_rodata_start, LOADADDR (.rodata))

.rwdata         0x000000000201f0ec     0x1cdc
                0x000000000201f0ec                PROVIDE (__ram_rwdata_start, ABSOLUTE (.))
                0x000000000201f0ec                . = ALIGN (0x4)
 *(.got.plt)
 *(.got)
 *(.data1)
 *(.data .data.* .gnu.linkonce.d.*)
 .data          0x000000000201f0ec        0x0 ../LEDTile_BSP2//obj/HAL/src/crt0.o
 .data          0x000000000201f0ec       0x54 obj/default/main.o
                0x000000000201f0ec                memoryGifs
 .data          0x000000000201f140        0x0 ../LEDTileLib/obj/default\libLEDTileLib.a(LEDTileLib.o)
 .data          0x000000000201f140        0x0 ../giflib-5.1.2/lib/obj/default\libGIFLIB.a(dgif_lib.o)
 .data          0x000000000201f140        0x0 ../giflib-5.1.2/lib/obj/default\libGIFLIB.a(gifalloc.o)
 .data          0x000000000201f140        0x0 ../giflib-5.1.2/lib/obj/default\libGIFLIB.a(openbsd-reallocarray.o)
 .data          0x000000000201f140        0x0 c:/altera/14.1/nios2eds/bin/gnu/h-x86_64-mingw32/bin/../lib/gcc/nios2-elf/4.8.3/mno-hw-mul\libgcc.a(lib2-divmod.o)
 .data          0x000000000201f140        0x0 c:/altera/14.1/nios2eds/bin/gnu/h-x86_64-mingw32/bin/../lib/gcc/nios2-elf/4.8.3/mno-hw-mul\libgcc.a(lib2-mul.o)
 .data          0x000000000201f140        0x0 c:/altera/14.1/nios2eds/bin/gnu/h-x86_64-mingw32/bin/../lib/gcc/nios2-elf/4.8.3/mno-hw-mul\libgcc.a(divdf3.o)
 .data          0x000000000201f140        0x0 c:/altera/14.1/nios2eds/bin/gnu/h-x86_64-mingw32/bin/../lib/gcc/nios2-elf/4.8.3/mno-hw-mul\libgcc.a(muldf3.o)
 .data          0x000000000201f140        0x0 c:/altera/14.1/nios2eds/bin/gnu/h-x86_64-mingw32/bin/../lib/gcc/nios2-elf/4.8.3/mno-hw-mul\libgcc.a(fixdfsi.o)
 .data          0x000000000201f140        0x0 c:/altera/14.1/nios2eds/bin/gnu/h-x86_64-mingw32/bin/../lib/gcc/nios2-elf/4.8.3/mno-hw-mul\libgcc.a(floatsidf.o)
 .data          0x000000000201f140        0x0 c:/altera/14.1/nios2eds/bin/gnu/h-x86_64-mingw32/bin/../lib/gcc/nios2-elf/4.8.3/mno-hw-mul\libgcc.a(_clzsi2.o)
 .data          0x000000000201f140        0x0 c:/altera/14.1/nios2eds/bin/gnu/h-x86_64-mingw32/bin/../lib/gcc/nios2-elf/4.8.3/mno-hw-mul\libgcc.a(_clz.o)
 .data          0x000000000201f140        0x0 c:/altera/14.1/nios2eds/bin/gnu/h-x86_64-mingw32/bin/../lib/gcc/nios2-elf/4.8.3/../../../../../H-x86_64-mingw32/nios2-elf/lib/mno-hw-mul\libc.a(lib_a-calloc.o)
 .data          0x000000000201f140        0x0 c:/altera/14.1/nios2eds/bin/gnu/h-x86_64-mingw32/bin/../lib/gcc/nios2-elf/4.8.3/../../../../../H-x86_64-mingw32/nios2-elf/lib/mno-hw-mul\libc.a(lib_a-callocr.o)
 .data          0x000000000201f140        0x0 c:/altera/14.1/nios2eds/bin/gnu/h-x86_64-mingw32/bin/../lib/gcc/nios2-elf/4.8.3/../../../../../H-x86_64-mingw32/nios2-elf/lib/mno-hw-mul\libc.a(lib_a-errno.o)
 .data          0x000000000201f140        0x0 c:/altera/14.1/nios2eds/bin/gnu/h-x86_64-mingw32/bin/../lib/gcc/nios2-elf/4.8.3/../../../../../H-x86_64-mingw32/nios2-elf/lib/mno-hw-mul\libc.a(lib_a-fclose.o)
 .data          0x000000000201f140        0x0 c:/altera/14.1/nios2eds/bin/gnu/h-x86_64-mingw32/bin/../lib/gcc/nios2-elf/4.8.3/../../../../../H-x86_64-mingw32/nios2-elf/lib/mno-hw-mul\libc.a(lib_a-fdopen.o)
 .data          0x000000000201f140        0x0 c:/altera/14.1/nios2eds/bin/gnu/h-x86_64-mingw32/bin/../lib/gcc/nios2-elf/4.8.3/../../../../../H-x86_64-mingw32/nios2-elf/lib/mno-hw-mul\libc.a(lib_a-fflush.o)
 .data          0x000000000201f140        0x0 c:/altera/14.1/nios2eds/bin/gnu/h-x86_64-mingw32/bin/../lib/gcc/nios2-elf/4.8.3/../../../../../H-x86_64-mingw32/nios2-elf/lib/mno-hw-mul\libc.a(lib_a-findfp.o)
 .data          0x000000000201f140        0x0 c:/altera/14.1/nios2eds/bin/gnu/h-x86_64-mingw32/bin/../lib/gcc/nios2-elf/4.8.3/../../../../../H-x86_64-mingw32/nios2-elf/lib/mno-hw-mul\libc.a(lib_a-flags.o)
 .data          0x000000000201f140        0x0 c:/altera/14.1/nios2eds/bin/gnu/h-x86_64-mingw32/bin/../lib/gcc/nios2-elf/4.8.3/../../../../../H-x86_64-mingw32/nios2-elf/lib/mno-hw-mul\libc.a(lib_a-fread.o)
 .data          0x000000000201f140        0x0 c:/altera/14.1/nios2eds/bin/gnu/h-x86_64-mingw32/bin/../lib/gcc/nios2-elf/4.8.3/../../../../../H-x86_64-mingw32/nios2-elf/lib/mno-hw-mul\libc.a(lib_a-freer.o)
 .data          0x000000000201f140        0x0 c:/altera/14.1/nios2eds/bin/gnu/h-x86_64-mingw32/bin/../lib/gcc/nios2-elf/4.8.3/../../../../../H-x86_64-mingw32/nios2-elf/lib/mno-hw-mul\libc.a(lib_a-fwalk.o)
 .data          0x000000000201f140      0x424 c:/altera/14.1/nios2eds/bin/gnu/h-x86_64-mingw32/bin/../lib/gcc/nios2-elf/4.8.3/../../../../../H-x86_64-mingw32/nios2-elf/lib/mno-hw-mul\libc.a(lib_a-impure.o)
 .data          0x000000000201f564        0x0 c:/altera/14.1/nios2eds/bin/gnu/h-x86_64-mingw32/bin/../lib/gcc/nios2-elf/4.8.3/../../../../../H-x86_64-mingw32/nios2-elf/lib/mno-hw-mul\libc.a(lib_a-malloc.o)
 .data          0x000000000201f564      0x408 c:/altera/14.1/nios2eds/bin/gnu/h-x86_64-mingw32/bin/../lib/gcc/nios2-elf/4.8.3/../../../../../H-x86_64-mingw32/nios2-elf/lib/mno-hw-mul\libc.a(lib_a-mallocr.o)
                0x000000000201f564                __malloc_av_
 .data          0x000000000201f96c        0x0 c:/altera/14.1/nios2eds/bin/gnu/h-x86_64-mingw32/bin/../lib/gcc/nios2-elf/4.8.3/../../../../../H-x86_64-mingw32/nios2-elf/lib/mno-hw-mul\libc.a(lib_a-memcmp.o)
 .data          0x000000000201f96c        0x0 c:/altera/14.1/nios2eds/bin/gnu/h-x86_64-mingw32/bin/../lib/gcc/nios2-elf/4.8.3/../../../../../H-x86_64-mingw32/nios2-elf/lib/mno-hw-mul\libc.a(lib_a-memcpy.o)
 .data          0x000000000201f96c        0x0 c:/altera/14.1/nios2eds/bin/gnu/h-x86_64-mingw32/bin/../lib/gcc/nios2-elf/4.8.3/../../../../../H-x86_64-mingw32/nios2-elf/lib/mno-hw-mul\libc.a(lib_a-memset.o)
 .data          0x000000000201f96c        0x0 c:/altera/14.1/nios2eds/bin/gnu/h-x86_64-mingw32/bin/../lib/gcc/nios2-elf/4.8.3/../../../../../H-x86_64-mingw32/nios2-elf/lib/mno-hw-mul\libc.a(lib_a-printf.o)
 .data          0x000000000201f96c        0x0 c:/altera/14.1/nios2eds/bin/gnu/h-x86_64-mingw32/bin/../lib/gcc/nios2-elf/4.8.3/../../../../../H-x86_64-mingw32/nios2-elf/lib/mno-hw-mul\libc.a(lib_a-realloc.o)
 .data          0x000000000201f96c        0x0 c:/altera/14.1/nios2eds/bin/gnu/h-x86_64-mingw32/bin/../lib/gcc/nios2-elf/4.8.3/../../../../../H-x86_64-mingw32/nios2-elf/lib/mno-hw-mul\libc.a(lib_a-reallocr.o)
 .data          0x000000000201f96c        0x0 c:/altera/14.1/nios2eds/bin/gnu/h-x86_64-mingw32/bin/../lib/gcc/nios2-elf/4.8.3/../../../../../H-x86_64-mingw32/nios2-elf/lib/mno-hw-mul\libc.a(lib_a-refill.o)
 .data          0x000000000201f96c        0x0 c:/altera/14.1/nios2eds/bin/gnu/h-x86_64-mingw32/bin/../lib/gcc/nios2-elf/4.8.3/../../../../../H-x86_64-mingw32/nios2-elf/lib/mno-hw-mul\libc.a(lib_a-sbrkr.o)
 .data          0x000000000201f96c        0x0 c:/altera/14.1/nios2eds/bin/gnu/h-x86_64-mingw32/bin/../lib/gcc/nios2-elf/4.8.3/../../../../../H-x86_64-mingw32/nios2-elf/lib/mno-hw-mul\libc.a(lib_a-stdio.o)
 .data          0x000000000201f96c        0x0 c:/altera/14.1/nios2eds/bin/gnu/h-x86_64-mingw32/bin/../lib/gcc/nios2-elf/4.8.3/../../../../../H-x86_64-mingw32/nios2-elf/lib/mno-hw-mul\libc.a(lib_a-strncmp.o)
 .data          0x000000000201f96c        0x0 c:/altera/14.1/nios2eds/bin/gnu/h-x86_64-mingw32/bin/../lib/gcc/nios2-elf/4.8.3/../../../../../H-x86_64-mingw32/nios2-elf/lib/mno-hw-mul\libc.a(lib_a-vfprintf.o)
 .data          0x000000000201f96c        0x0 c:/altera/14.1/nios2eds/bin/gnu/h-x86_64-mingw32/bin/../lib/gcc/nios2-elf/4.8.3/../../../../../H-x86_64-mingw32/nios2-elf/lib/mno-hw-mul\libc.a(lib_a-writer.o)
 .data          0x000000000201f96c        0x0 c:/altera/14.1/nios2eds/bin/gnu/h-x86_64-mingw32/bin/../lib/gcc/nios2-elf/4.8.3/../../../../../H-x86_64-mingw32/nios2-elf/lib/mno-hw-mul\libc.a(lib_a-wsetup.o)
 .data          0x000000000201f96c        0x0 c:/altera/14.1/nios2eds/bin/gnu/h-x86_64-mingw32/bin/../lib/gcc/nios2-elf/4.8.3/../../../../../H-x86_64-mingw32/nios2-elf/lib/mno-hw-mul\libc.a(closer.o)
 .data          0x000000000201f96c        0x0 c:/altera/14.1/nios2eds/bin/gnu/h-x86_64-mingw32/bin/../lib/gcc/nios2-elf/4.8.3/../../../../../H-x86_64-mingw32/nios2-elf/lib/mno-hw-mul\libc.a(lib_a-dtoa.o)
 .data          0x000000000201f96c        0x0 c:/altera/14.1/nios2eds/bin/gnu/h-x86_64-mingw32/bin/../lib/gcc/nios2-elf/4.8.3/../../../../../H-x86_64-mingw32/nios2-elf/lib/mno-hw-mul\libc.a(lib_a-int_errno.o)
 .data          0x000000000201f96c       0x78 c:/altera/14.1/nios2eds/bin/gnu/h-x86_64-mingw32/bin/../lib/gcc/nios2-elf/4.8.3/../../../../../H-x86_64-mingw32/nios2-elf/lib/mno-hw-mul\libc.a(lib_a-locale.o)
 .data          0x000000000201f9e4        0x0 c:/altera/14.1/nios2eds/bin/gnu/h-x86_64-mingw32/bin/../lib/gcc/nios2-elf/4.8.3/../../../../../H-x86_64-mingw32/nios2-elf/lib/mno-hw-mul\libc.a(lib_a-lseekr.o)
 .data          0x000000000201f9e4        0x0 c:/altera/14.1/nios2eds/bin/gnu/h-x86_64-mingw32/bin/../lib/gcc/nios2-elf/4.8.3/../../../../../H-x86_64-mingw32/nios2-elf/lib/mno-hw-mul\libc.a(lib_a-makebuf.o)
 .data          0x000000000201f9e4        0x0 c:/altera/14.1/nios2eds/bin/gnu/h-x86_64-mingw32/bin/../lib/gcc/nios2-elf/4.8.3/../../../../../H-x86_64-mingw32/nios2-elf/lib/mno-hw-mul\libc.a(lib_a-memchr.o)
 .data          0x000000000201f9e4        0x0 c:/altera/14.1/nios2eds/bin/gnu/h-x86_64-mingw32/bin/../lib/gcc/nios2-elf/4.8.3/../../../../../H-x86_64-mingw32/nios2-elf/lib/mno-hw-mul\libc.a(lib_a-memmove.o)
 .data          0x000000000201f9e4        0x0 c:/altera/14.1/nios2eds/bin/gnu/h-x86_64-mingw32/bin/../lib/gcc/nios2-elf/4.8.3/../../../../../H-x86_64-mingw32/nios2-elf/lib/mno-hw-mul\libc.a(lib_a-mprec.o)
 .data          0x000000000201f9e4        0x0 c:/altera/14.1/nios2eds/bin/gnu/h-x86_64-mingw32/bin/../lib/gcc/nios2-elf/4.8.3/../../../../../H-x86_64-mingw32/nios2-elf/lib/mno-hw-mul\libc.a(lib_a-readr.o)
 .data          0x000000000201f9e4        0x0 c:/altera/14.1/nios2eds/bin/gnu/h-x86_64-mingw32/bin/../lib/gcc/nios2-elf/4.8.3/../../../../../H-x86_64-mingw32/nios2-elf/lib/mno-hw-mul\libc.a(lib_a-s_fpclassify.o)
 .data          0x000000000201f9e4        0x0 c:/altera/14.1/nios2eds/bin/gnu/h-x86_64-mingw32/bin/../lib/gcc/nios2-elf/4.8.3/../../../../../H-x86_64-mingw32/nios2-elf/lib/mno-hw-mul\libc.a(lib_a-strcmp.o)
 .data          0x000000000201f9e4        0x0 c:/altera/14.1/nios2eds/bin/gnu/h-x86_64-mingw32/bin/../lib/gcc/nios2-elf/4.8.3/../../../../../H-x86_64-mingw32/nios2-elf/lib/mno-hw-mul\libc.a(lib_a-strlen.o)
 .data          0x000000000201f9e4        0x0 c:/altera/14.1/nios2eds/bin/gnu/h-x86_64-mingw32/bin/../lib/gcc/nios2-elf/4.8.3/../../../../../H-x86_64-mingw32/nios2-elf/lib/mno-hw-mul\libc.a(lib_a-vfiprintf.o)
 .data          0x000000000201f9e4        0x0 c:/altera/14.1/nios2eds/bin/gnu/h-x86_64-mingw32/bin/../lib/gcc/nios2-elf/4.8.3/../../../../../H-x86_64-mingw32/nios2-elf/lib/mno-hw-mul\libc.a(lib_a-fputwc.o)
 .data          0x000000000201f9e4        0x0 c:/altera/14.1/nios2eds/bin/gnu/h-x86_64-mingw32/bin/../lib/gcc/nios2-elf/4.8.3/../../../../../H-x86_64-mingw32/nios2-elf/lib/mno-hw-mul\libc.a(lib_a-fstatr.o)
 .data          0x000000000201f9e4        0x0 c:/altera/14.1/nios2eds/bin/gnu/h-x86_64-mingw32/bin/../lib/gcc/nios2-elf/4.8.3/../../../../../H-x86_64-mingw32/nios2-elf/lib/mno-hw-mul\libc.a(lib_a-fvwrite.o)
 .data          0x000000000201f9e4        0x0 c:/altera/14.1/nios2eds/bin/gnu/h-x86_64-mingw32/bin/../lib/gcc/nios2-elf/4.8.3/../../../../../H-x86_64-mingw32/nios2-elf/lib/mno-hw-mul\libc.a(lib_a-isattyr.o)
 .data          0x000000000201f9e4        0x0 c:/altera/14.1/nios2eds/bin/gnu/h-x86_64-mingw32/bin/../lib/gcc/nios2-elf/4.8.3/../../../../../H-x86_64-mingw32/nios2-elf/lib/mno-hw-mul\libc.a(lib_a-wbuf.o)
 .data          0x000000000201f9e4        0x0 c:/altera/14.1/nios2eds/bin/gnu/h-x86_64-mingw32/bin/../lib/gcc/nios2-elf/4.8.3/../../../../../H-x86_64-mingw32/nios2-elf/lib/mno-hw-mul\libc.a(lib_a-wcrtomb.o)
 .data          0x000000000201f9e4        0x0 c:/altera/14.1/nios2eds/bin/gnu/h-x86_64-mingw32/bin/../lib/gcc/nios2-elf/4.8.3/../../../../../H-x86_64-mingw32/nios2-elf/lib/mno-hw-mul\libc.a(lib_a-wctomb_r.o)
 .data          0x000000000201f9e4        0x0 c:/altera/14.1/nios2eds/bin/gnu/h-x86_64-mingw32/bin/../lib/gcc/nios2-elf/4.8.3/mno-hw-mul\libgcc.a(_udivdi3.o)
 .data          0x000000000201f9e4        0x0 c:/altera/14.1/nios2eds/bin/gnu/h-x86_64-mingw32/bin/../lib/gcc/nios2-elf/4.8.3/mno-hw-mul\libgcc.a(_umoddi3.o)
 .data          0x000000000201f9e4        0x0 c:/altera/14.1/nios2eds/bin/gnu/h-x86_64-mingw32/bin/../lib/gcc/nios2-elf/4.8.3/mno-hw-mul\libgcc.a(adddf3.o)
 .data          0x000000000201f9e4        0x0 c:/altera/14.1/nios2eds/bin/gnu/h-x86_64-mingw32/bin/../lib/gcc/nios2-elf/4.8.3/mno-hw-mul\libgcc.a(eqdf2.o)
 .data          0x000000000201f9e4        0x0 c:/altera/14.1/nios2eds/bin/gnu/h-x86_64-mingw32/bin/../lib/gcc/nios2-elf/4.8.3/mno-hw-mul\libgcc.a(gedf2.o)
 .data          0x000000000201f9e4        0x0 c:/altera/14.1/nios2eds/bin/gnu/h-x86_64-mingw32/bin/../lib/gcc/nios2-elf/4.8.3/mno-hw-mul\libgcc.a(ledf2.o)
 .data          0x000000000201f9e4        0x0 c:/altera/14.1/nios2eds/bin/gnu/h-x86_64-mingw32/bin/../lib/gcc/nios2-elf/4.8.3/mno-hw-mul\libgcc.a(subdf3.o)
 .data          0x000000000201f9e4        0x0 c:/altera/14.1/nios2eds/bin/gnu/h-x86_64-mingw32/bin/../lib/gcc/nios2-elf/4.8.3/mno-hw-mul\libgcc.a(floatunsidf.o)
 .data          0x000000000201f9e4        0x0 ../LEDTile_BSP2/\libhal_bsp.a(alt_alarm_start.o)
 .data          0x000000000201f9e4        0x0 ../LEDTile_BSP2/\libhal_bsp.a(alt_close.o)
 .data          0x000000000201f9e4      0x1a8 ../LEDTile_BSP2/\libhal_bsp.a(alt_dev.o)
                0x000000000201f9e4                alt_dev_null
                0x000000000201fa0c                alt_fd_list
 .data          0x000000000201fb8c        0x0 ../LEDTile_BSP2/\libhal_bsp.a(alt_errno.o)
 .data          0x000000000201fb8c        0x0 ../LEDTile_BSP2/\libhal_bsp.a(alt_fstat.o)
 .data          0x000000000201fb8c        0x0 ../LEDTile_BSP2/\libhal_bsp.a(alt_isatty.o)
 .data          0x000000000201fb8c        0x0 ../LEDTile_BSP2/\libhal_bsp.a(alt_lseek.o)
 .data          0x000000000201fb8c        0x0 ../LEDTile_BSP2/\libhal_bsp.a(alt_main.o)
 .data          0x000000000201fb8c        0x0 ../LEDTile_BSP2/\libhal_bsp.a(alt_malloc_lock.o)
 .data          0x000000000201fb8c        0x0 ../LEDTile_BSP2/\libhal_bsp.a(alt_open.o)
 .data          0x000000000201fb8c        0x0 ../LEDTile_BSP2/\libhal_bsp.a(alt_read.o)
 .data          0x000000000201fb8c        0x0 ../LEDTile_BSP2/\libhal_bsp.a(alt_release_fd.o)
 .data          0x000000000201fb8c        0x0 ../LEDTile_BSP2/\libhal_bsp.a(alt_sbrk.o)
 .data          0x000000000201fb8c        0x0 ../LEDTile_BSP2/\libhal_bsp.a(alt_tick.o)
 .data          0x000000000201fb8c        0x0 ../LEDTile_BSP2/\libhal_bsp.a(alt_write.o)
 .data          0x000000000201fb8c     0x11ec ../LEDTile_BSP2/\libhal_bsp.a(alt_sys_init.o)
 .data          0x0000000002020d78        0x0 ../LEDTile_BSP2/\libhal_bsp.a(altera_avalon_epcs_flash_controller.o)
 .data          0x0000000002020d78        0x0 ../LEDTile_BSP2/\libhal_bsp.a(altera_avalon_jtag_uart_fd.o)
 .data          0x0000000002020d78        0x0 ../LEDTile_BSP2/\libhal_bsp.a(altera_avalon_jtag_uart_init.o)
 .data          0x0000000002020d78        0x0 ../LEDTile_BSP2/\libhal_bsp.a(altera_avalon_jtag_uart_ioctl.o)
 .data          0x0000000002020d78        0x0 ../LEDTile_BSP2/\libhal_bsp.a(altera_avalon_jtag_uart_read.o)
 .data          0x0000000002020d78        0x0 ../LEDTile_BSP2/\libhal_bsp.a(altera_avalon_jtag_uart_write.o)
 .data          0x0000000002020d78        0x0 ../LEDTile_BSP2/\libhal_bsp.a(altera_avalon_timer_sc.o)
 .data          0x0000000002020d78        0x0 ../LEDTile_BSP2/\libhal_bsp.a(altera_avalon_uart_fd.o)
 .data          0x0000000002020d78        0x0 ../LEDTile_BSP2/\libhal_bsp.a(altera_avalon_uart_init.o)
 .data          0x0000000002020d78        0x0 ../LEDTile_BSP2/\libhal_bsp.a(altera_avalon_uart_read.o)
 .data          0x0000000002020d78        0x0 ../LEDTile_BSP2/\libhal_bsp.a(altera_avalon_uart_write.o)
 .data          0x0000000002020d78        0x0 ../LEDTile_BSP2/\libhal_bsp.a(epcs_commands.o)
 .data          0x0000000002020d78        0x0 ../LEDTile_BSP2/\libhal_bsp.a(alt_dev_llist_insert.o)
 .data          0x0000000002020d78        0x0 ../LEDTile_BSP2/\libhal_bsp.a(alt_do_ctors.o)
 .data          0x0000000002020d78        0x0 ../LEDTile_BSP2/\libhal_bsp.a(alt_do_dtors.o)
 .data          0x0000000002020d78        0x0 ../LEDTile_BSP2/\libhal_bsp.a(alt_find_dev.o)
 .data          0x0000000002020d78        0x0 ../LEDTile_BSP2/\libhal_bsp.a(alt_find_file.o)
 .data          0x0000000002020d78        0x0 ../LEDTile_BSP2/\libhal_bsp.a(alt_flash_dev.o)
 .data          0x0000000002020d78        0x0 ../LEDTile_BSP2/\libhal_bsp.a(alt_get_fd.o)
 .data          0x0000000002020d78        0x0 ../LEDTile_BSP2/\libhal_bsp.a(alt_iic.o)
 .data          0x0000000002020d78        0x0 ../LEDTile_BSP2/\libhal_bsp.a(alt_iic_isr_register.o)
 .data          0x0000000002020d78        0x0 ../LEDTile_BSP2/\libhal_bsp.a(alt_io_redirect.o)
 .data          0x0000000002020d78        0x0 ../LEDTile_BSP2/\libhal_bsp.a(alt_irq_entry.o)
 .data          0x0000000002020d78        0x0 ../LEDTile_BSP2/\libhal_bsp.a(alt_irq_handler.o)
 .data          0x0000000002020d78        0x0 ../LEDTile_BSP2/\libhal_bsp.a(alt_irq_vars.o)
 .data          0x0000000002020d78        0x0 ../LEDTile_BSP2/\libhal_bsp.a(altera_nios2_gen2_irq.o)
 .data          0x0000000002020d78        0x0 ../LEDTile_BSP2/\libhal_bsp.a(altera_avalon_spi.o)
 .data          0x0000000002020d78        0x0 ../LEDTile_BSP2/\libhal_bsp.a(alt_exception_entry.o)
 .data          0x0000000002020d78        0x0 ../LEDTile_BSP2/\libhal_bsp.a(alt_instruction_exception_entry.o)
 .data          0x0000000002020d78        0x0 c:/altera/14.1/nios2eds/bin/gnu/h-x86_64-mingw32/bin/../lib/gcc/nios2-elf/4.8.3/../../../../../H-x86_64-mingw32/nios2-elf/lib/mno-hw-mul\libc.a(lib_a-atexit.o)
 .data          0x0000000002020d78        0x0 c:/altera/14.1/nios2eds/bin/gnu/h-x86_64-mingw32/bin/../lib/gcc/nios2-elf/4.8.3/../../../../../H-x86_64-mingw32/nios2-elf/lib/mno-hw-mul\libc.a(lib_a-exit.o)
 .data          0x0000000002020d78        0x0 c:/altera/14.1/nios2eds/bin/gnu/h-x86_64-mingw32/bin/../lib/gcc/nios2-elf/4.8.3/../../../../../H-x86_64-mingw32/nios2-elf/lib/mno-hw-mul\libc.a(lib_a-__atexit.o)
 .data          0x0000000002020d78        0x0 c:/altera/14.1/nios2eds/bin/gnu/h-x86_64-mingw32/bin/../lib/gcc/nios2-elf/4.8.3/../../../../../H-x86_64-mingw32/nios2-elf/lib/mno-hw-mul\libc.a(lib_a-__call_atexit.o)
 .data          0x0000000002020d78        0x0 ../LEDTile_BSP2/\libhal_bsp.a(alt_exit.o)
                0x0000000002028d78                _gp = ABSOLUTE ((. + 0x8000))
                0x0000000002028d78                PROVIDE (gp, _gp)
 *(.rwdata .rwdata.*)
 *(.sdata .sdata.* .gnu.linkonce.s.*)
 .sdata         0x0000000002020d78        0x8 obj/default/main.o
                0x0000000002020d78                numGIFs
 .sdata         0x0000000002020d80        0x8 c:/altera/14.1/nios2eds/bin/gnu/h-x86_64-mingw32/bin/../lib/gcc/nios2-elf/4.8.3/../../../../../H-x86_64-mingw32/nios2-elf/lib/mno-hw-mul\libc.a(lib_a-impure.o)
                0x0000000002020d80                _global_impure_ptr
                0x0000000002020d84                _impure_ptr
 .sdata         0x0000000002020d88        0x8 c:/altera/14.1/nios2eds/bin/gnu/h-x86_64-mingw32/bin/../lib/gcc/nios2-elf/4.8.3/../../../../../H-x86_64-mingw32/nios2-elf/lib/mno-hw-mul\libc.a(lib_a-mallocr.o)
                0x0000000002020d88                __malloc_sbrk_base
                0x0000000002020d8c                __malloc_trim_threshold
 .sdata         0x0000000002020d90        0x4 c:/altera/14.1/nios2eds/bin/gnu/h-x86_64-mingw32/bin/../lib/gcc/nios2-elf/4.8.3/../../../../../H-x86_64-mingw32/nios2-elf/lib/mno-hw-mul\libc.a(lib_a-locale.o)
                0x0000000002020d90                __mb_cur_max
 .sdata         0x0000000002020d94        0x4 c:/altera/14.1/nios2eds/bin/gnu/h-x86_64-mingw32/bin/../lib/gcc/nios2-elf/4.8.3/../../../../../H-x86_64-mingw32/nios2-elf/lib/mno-hw-mul\libc.a(lib_a-wctomb_r.o)
                0x0000000002020d94                __wctomb
 .sdata         0x0000000002020d98       0x14 ../LEDTile_BSP2/\libhal_bsp.a(alt_dev.o)
                0x0000000002020d98                alt_fs_list
                0x0000000002020da0                alt_dev_list
                0x0000000002020da8                alt_max_fd
 .sdata         0x0000000002020dac        0x4 ../LEDTile_BSP2/\libhal_bsp.a(alt_errno.o)
                0x0000000002020dac                alt_errno
 .sdata         0x0000000002020db0        0x4 ../LEDTile_BSP2/\libhal_bsp.a(alt_sbrk.o)
 .sdata         0x0000000002020db4        0x8 ../LEDTile_BSP2/\libhal_bsp.a(alt_tick.o)
                0x0000000002020db4                alt_alarm_list
 .sdata         0x0000000002020dbc        0x8 ../LEDTile_BSP2/\libhal_bsp.a(alt_flash_dev.o)
                0x0000000002020dbc                alt_flash_dev_list
 .sdata         0x0000000002020dc4        0x4 ../LEDTile_BSP2/\libhal_bsp.a(alt_irq_vars.o)
                0x0000000002020dc4                alt_priority_mask
 *(.sdata2 .sdata2.* .gnu.linkonce.s2.*)
                0x0000000002020dc8                . = ALIGN (0x4)
                0x0000000002020dc8                _edata = ABSOLUTE (.)
                0x0000000002020dc8                PROVIDE (edata, ABSOLUTE (.))
                0x0000000002020dc8                PROVIDE (__ram_rwdata_end, ABSOLUTE (.))
                0x000000000201f0ec                PROVIDE (__flash_rwdata_start, LOADADDR (.rwdata))

.bss            0x0000000002020dc8      0x188
                0x0000000002020dc8                __bss_start = ABSOLUTE (.)
                0x0000000002020dc8                PROVIDE (__sbss_start, ABSOLUTE (.))
                0x0000000002020dc8                PROVIDE (___sbss_start, ABSOLUTE (.))
 *(.dynsbss)
 *(.sbss .sbss.* .gnu.linkonce.sb.*)
 .sbss          0x0000000002020dc8       0x10 obj/default/main.o
                0x0000000002020dc8                gMemoryGifBytesRead
                0x0000000002020dcc                gFrameIndex
                0x0000000002020dd0                gCurrentGIF
 .sbss          0x0000000002020dd8        0xc c:/altera/14.1/nios2eds/bin/gnu/h-x86_64-mingw32/bin/../lib/gcc/nios2-elf/4.8.3/../../../../../H-x86_64-mingw32/nios2-elf/lib/mno-hw-mul\libc.a(lib_a-mallocr.o)
                0x0000000002020dd8                __malloc_max_total_mem
                0x0000000002020ddc                __malloc_max_sbrked_mem
                0x0000000002020de0                __malloc_top_pad
 .sbss          0x0000000002020de4        0x4 c:/altera/14.1/nios2eds/bin/gnu/h-x86_64-mingw32/bin/../lib/gcc/nios2-elf/4.8.3/../../../../../H-x86_64-mingw32/nios2-elf/lib/mno-hw-mul\libc.a(lib_a-int_errno.o)
                0x0000000002020de4                errno
 .sbss          0x0000000002020de8        0xc c:/altera/14.1/nios2eds/bin/gnu/h-x86_64-mingw32/bin/../lib/gcc/nios2-elf/4.8.3/../../../../../H-x86_64-mingw32/nios2-elf/lib/mno-hw-mul\libc.a(lib_a-locale.o)
                0x0000000002020de8                _PathLocale
                0x0000000002020dec                __mlocale_changed
                0x0000000002020df0                __nlocale_changed
 .sbss          0x0000000002020df4        0xc ../LEDTile_BSP2/\libhal_bsp.a(alt_main.o)
                0x0000000002020df4                alt_argc
                0x0000000002020df8                alt_argv
                0x0000000002020dfc                alt_envp
 .sbss          0x0000000002020e00        0x8 ../LEDTile_BSP2/\libhal_bsp.a(alt_tick.o)
                0x0000000002020e00                _alt_tick_rate
                0x0000000002020e04                _alt_nticks
 .sbss          0x0000000002020e08        0x4 ../LEDTile_BSP2/\libhal_bsp.a(alt_irq_vars.o)
                0x0000000002020e08                alt_irq_active
 .sbss          0x0000000002020e0c        0x4 ../LEDTile_BSP2/\libhal_bsp.a(alt_instruction_exception_entry.o)
                0x0000000002020e0c                alt_instruction_exception_handler
 *(.sbss2 .sbss2.* .gnu.linkonce.sb2.*)
 *(.scommon)
                0x0000000002020e10                PROVIDE (__sbss_end, ABSOLUTE (.))
                0x0000000002020e10                PROVIDE (___sbss_end, ABSOLUTE (.))
 *(.dynbss)
 *(.bss .bss.* .gnu.linkonce.b.*)
 .bss           0x0000000002020e10        0x0 ../LEDTile_BSP2//obj/HAL/src/crt0.o
 .bss           0x0000000002020e10        0x0 obj/default/main.o
 .bss           0x0000000002020e10        0x0 ../LEDTileLib/obj/default\libLEDTileLib.a(LEDTileLib.o)
 .bss           0x0000000002020e10        0x0 ../giflib-5.1.2/lib/obj/default\libGIFLIB.a(dgif_lib.o)
 .bss           0x0000000002020e10        0x0 ../giflib-5.1.2/lib/obj/default\libGIFLIB.a(gifalloc.o)
 .bss           0x0000000002020e10        0x0 ../giflib-5.1.2/lib/obj/default\libGIFLIB.a(openbsd-reallocarray.o)
 .bss           0x0000000002020e10        0x0 c:/altera/14.1/nios2eds/bin/gnu/h-x86_64-mingw32/bin/../lib/gcc/nios2-elf/4.8.3/mno-hw-mul\libgcc.a(lib2-divmod.o)
 .bss           0x0000000002020e10        0x0 c:/altera/14.1/nios2eds/bin/gnu/h-x86_64-mingw32/bin/../lib/gcc/nios2-elf/4.8.3/mno-hw-mul\libgcc.a(lib2-mul.o)
 .bss           0x0000000002020e10        0x0 c:/altera/14.1/nios2eds/bin/gnu/h-x86_64-mingw32/bin/../lib/gcc/nios2-elf/4.8.3/mno-hw-mul\libgcc.a(divdf3.o)
 .bss           0x0000000002020e10        0x0 c:/altera/14.1/nios2eds/bin/gnu/h-x86_64-mingw32/bin/../lib/gcc/nios2-elf/4.8.3/mno-hw-mul\libgcc.a(muldf3.o)
 .bss           0x0000000002020e10        0x0 c:/altera/14.1/nios2eds/bin/gnu/h-x86_64-mingw32/bin/../lib/gcc/nios2-elf/4.8.3/mno-hw-mul\libgcc.a(fixdfsi.o)
 .bss           0x0000000002020e10        0x0 c:/altera/14.1/nios2eds/bin/gnu/h-x86_64-mingw32/bin/../lib/gcc/nios2-elf/4.8.3/mno-hw-mul\libgcc.a(floatsidf.o)
 .bss           0x0000000002020e10        0x0 c:/altera/14.1/nios2eds/bin/gnu/h-x86_64-mingw32/bin/../lib/gcc/nios2-elf/4.8.3/mno-hw-mul\libgcc.a(_clzsi2.o)
 .bss           0x0000000002020e10        0x0 c:/altera/14.1/nios2eds/bin/gnu/h-x86_64-mingw32/bin/../lib/gcc/nios2-elf/4.8.3/mno-hw-mul\libgcc.a(_clz.o)
 .bss           0x0000000002020e10        0x0 c:/altera/14.1/nios2eds/bin/gnu/h-x86_64-mingw32/bin/../lib/gcc/nios2-elf/4.8.3/../../../../../H-x86_64-mingw32/nios2-elf/lib/mno-hw-mul\libc.a(lib_a-calloc.o)
 .bss           0x0000000002020e10        0x0 c:/altera/14.1/nios2eds/bin/gnu/h-x86_64-mingw32/bin/../lib/gcc/nios2-elf/4.8.3/../../../../../H-x86_64-mingw32/nios2-elf/lib/mno-hw-mul\libc.a(lib_a-callocr.o)
 .bss           0x0000000002020e10        0x0 c:/altera/14.1/nios2eds/bin/gnu/h-x86_64-mingw32/bin/../lib/gcc/nios2-elf/4.8.3/../../../../../H-x86_64-mingw32/nios2-elf/lib/mno-hw-mul\libc.a(lib_a-errno.o)
 .bss           0x0000000002020e10        0x0 c:/altera/14.1/nios2eds/bin/gnu/h-x86_64-mingw32/bin/../lib/gcc/nios2-elf/4.8.3/../../../../../H-x86_64-mingw32/nios2-elf/lib/mno-hw-mul\libc.a(lib_a-fclose.o)
 .bss           0x0000000002020e10        0x0 c:/altera/14.1/nios2eds/bin/gnu/h-x86_64-mingw32/bin/../lib/gcc/nios2-elf/4.8.3/../../../../../H-x86_64-mingw32/nios2-elf/lib/mno-hw-mul\libc.a(lib_a-fdopen.o)
 .bss           0x0000000002020e10        0x0 c:/altera/14.1/nios2eds/bin/gnu/h-x86_64-mingw32/bin/../lib/gcc/nios2-elf/4.8.3/../../../../../H-x86_64-mingw32/nios2-elf/lib/mno-hw-mul\libc.a(lib_a-fflush.o)
 .bss           0x0000000002020e10        0x0 c:/altera/14.1/nios2eds/bin/gnu/h-x86_64-mingw32/bin/../lib/gcc/nios2-elf/4.8.3/../../../../../H-x86_64-mingw32/nios2-elf/lib/mno-hw-mul\libc.a(lib_a-findfp.o)
 .bss           0x0000000002020e10        0x0 c:/altera/14.1/nios2eds/bin/gnu/h-x86_64-mingw32/bin/../lib/gcc/nios2-elf/4.8.3/../../../../../H-x86_64-mingw32/nios2-elf/lib/mno-hw-mul\libc.a(lib_a-flags.o)
 .bss           0x0000000002020e10        0x0 c:/altera/14.1/nios2eds/bin/gnu/h-x86_64-mingw32/bin/../lib/gcc/nios2-elf/4.8.3/../../../../../H-x86_64-mingw32/nios2-elf/lib/mno-hw-mul\libc.a(lib_a-fread.o)
 .bss           0x0000000002020e10        0x0 c:/altera/14.1/nios2eds/bin/gnu/h-x86_64-mingw32/bin/../lib/gcc/nios2-elf/4.8.3/../../../../../H-x86_64-mingw32/nios2-elf/lib/mno-hw-mul\libc.a(lib_a-freer.o)
 .bss           0x0000000002020e10        0x0 c:/altera/14.1/nios2eds/bin/gnu/h-x86_64-mingw32/bin/../lib/gcc/nios2-elf/4.8.3/../../../../../H-x86_64-mingw32/nios2-elf/lib/mno-hw-mul\libc.a(lib_a-fwalk.o)
 .bss           0x0000000002020e10        0x0 c:/altera/14.1/nios2eds/bin/gnu/h-x86_64-mingw32/bin/../lib/gcc/nios2-elf/4.8.3/../../../../../H-x86_64-mingw32/nios2-elf/lib/mno-hw-mul\libc.a(lib_a-impure.o)
 .bss           0x0000000002020e10        0x0 c:/altera/14.1/nios2eds/bin/gnu/h-x86_64-mingw32/bin/../lib/gcc/nios2-elf/4.8.3/../../../../../H-x86_64-mingw32/nios2-elf/lib/mno-hw-mul\libc.a(lib_a-malloc.o)
 .bss           0x0000000002020e10       0x28 c:/altera/14.1/nios2eds/bin/gnu/h-x86_64-mingw32/bin/../lib/gcc/nios2-elf/4.8.3/../../../../../H-x86_64-mingw32/nios2-elf/lib/mno-hw-mul\libc.a(lib_a-mallocr.o)
                0x0000000002020e10                __malloc_current_mallinfo
 .bss           0x0000000002020e38        0x0 c:/altera/14.1/nios2eds/bin/gnu/h-x86_64-mingw32/bin/../lib/gcc/nios2-elf/4.8.3/../../../../../H-x86_64-mingw32/nios2-elf/lib/mno-hw-mul\libc.a(lib_a-memcmp.o)
 .bss           0x0000000002020e38        0x0 c:/altera/14.1/nios2eds/bin/gnu/h-x86_64-mingw32/bin/../lib/gcc/nios2-elf/4.8.3/../../../../../H-x86_64-mingw32/nios2-elf/lib/mno-hw-mul\libc.a(lib_a-memcpy.o)
 .bss           0x0000000002020e38        0x0 c:/altera/14.1/nios2eds/bin/gnu/h-x86_64-mingw32/bin/../lib/gcc/nios2-elf/4.8.3/../../../../../H-x86_64-mingw32/nios2-elf/lib/mno-hw-mul\libc.a(lib_a-memset.o)
 .bss           0x0000000002020e38        0x0 c:/altera/14.1/nios2eds/bin/gnu/h-x86_64-mingw32/bin/../lib/gcc/nios2-elf/4.8.3/../../../../../H-x86_64-mingw32/nios2-elf/lib/mno-hw-mul\libc.a(lib_a-printf.o)
 .bss           0x0000000002020e38        0x0 c:/altera/14.1/nios2eds/bin/gnu/h-x86_64-mingw32/bin/../lib/gcc/nios2-elf/4.8.3/../../../../../H-x86_64-mingw32/nios2-elf/lib/mno-hw-mul\libc.a(lib_a-realloc.o)
 .bss           0x0000000002020e38        0x0 c:/altera/14.1/nios2eds/bin/gnu/h-x86_64-mingw32/bin/../lib/gcc/nios2-elf/4.8.3/../../../../../H-x86_64-mingw32/nios2-elf/lib/mno-hw-mul\libc.a(lib_a-reallocr.o)
 .bss           0x0000000002020e38        0x0 c:/altera/14.1/nios2eds/bin/gnu/h-x86_64-mingw32/bin/../lib/gcc/nios2-elf/4.8.3/../../../../../H-x86_64-mingw32/nios2-elf/lib/mno-hw-mul\libc.a(lib_a-refill.o)
 .bss           0x0000000002020e38        0x0 c:/altera/14.1/nios2eds/bin/gnu/h-x86_64-mingw32/bin/../lib/gcc/nios2-elf/4.8.3/../../../../../H-x86_64-mingw32/nios2-elf/lib/mno-hw-mul\libc.a(lib_a-sbrkr.o)
 .bss           0x0000000002020e38        0x0 c:/altera/14.1/nios2eds/bin/gnu/h-x86_64-mingw32/bin/../lib/gcc/nios2-elf/4.8.3/../../../../../H-x86_64-mingw32/nios2-elf/lib/mno-hw-mul\libc.a(lib_a-stdio.o)
 .bss           0x0000000002020e38        0x0 c:/altera/14.1/nios2eds/bin/gnu/h-x86_64-mingw32/bin/../lib/gcc/nios2-elf/4.8.3/../../../../../H-x86_64-mingw32/nios2-elf/lib/mno-hw-mul\libc.a(lib_a-strncmp.o)
 .bss           0x0000000002020e38        0x0 c:/altera/14.1/nios2eds/bin/gnu/h-x86_64-mingw32/bin/../lib/gcc/nios2-elf/4.8.3/../../../../../H-x86_64-mingw32/nios2-elf/lib/mno-hw-mul\libc.a(lib_a-vfprintf.o)
 .bss           0x0000000002020e38        0x0 c:/altera/14.1/nios2eds/bin/gnu/h-x86_64-mingw32/bin/../lib/gcc/nios2-elf/4.8.3/../../../../../H-x86_64-mingw32/nios2-elf/lib/mno-hw-mul\libc.a(lib_a-writer.o)
 .bss           0x0000000002020e38        0x0 c:/altera/14.1/nios2eds/bin/gnu/h-x86_64-mingw32/bin/../lib/gcc/nios2-elf/4.8.3/../../../../../H-x86_64-mingw32/nios2-elf/lib/mno-hw-mul\libc.a(lib_a-wsetup.o)
 .bss           0x0000000002020e38        0x0 c:/altera/14.1/nios2eds/bin/gnu/h-x86_64-mingw32/bin/../lib/gcc/nios2-elf/4.8.3/../../../../../H-x86_64-mingw32/nios2-elf/lib/mno-hw-mul\libc.a(closer.o)
 .bss           0x0000000002020e38        0x0 c:/altera/14.1/nios2eds/bin/gnu/h-x86_64-mingw32/bin/../lib/gcc/nios2-elf/4.8.3/../../../../../H-x86_64-mingw32/nios2-elf/lib/mno-hw-mul\libc.a(lib_a-dtoa.o)
 .bss           0x0000000002020e38        0x0 c:/altera/14.1/nios2eds/bin/gnu/h-x86_64-mingw32/bin/../lib/gcc/nios2-elf/4.8.3/../../../../../H-x86_64-mingw32/nios2-elf/lib/mno-hw-mul\libc.a(lib_a-int_errno.o)
 .bss           0x0000000002020e38        0x0 c:/altera/14.1/nios2eds/bin/gnu/h-x86_64-mingw32/bin/../lib/gcc/nios2-elf/4.8.3/../../../../../H-x86_64-mingw32/nios2-elf/lib/mno-hw-mul\libc.a(lib_a-locale.o)
 .bss           0x0000000002020e38        0x0 c:/altera/14.1/nios2eds/bin/gnu/h-x86_64-mingw32/bin/../lib/gcc/nios2-elf/4.8.3/../../../../../H-x86_64-mingw32/nios2-elf/lib/mno-hw-mul\libc.a(lib_a-lseekr.o)
 .bss           0x0000000002020e38        0x0 c:/altera/14.1/nios2eds/bin/gnu/h-x86_64-mingw32/bin/../lib/gcc/nios2-elf/4.8.3/../../../../../H-x86_64-mingw32/nios2-elf/lib/mno-hw-mul\libc.a(lib_a-makebuf.o)
 .bss           0x0000000002020e38        0x0 c:/altera/14.1/nios2eds/bin/gnu/h-x86_64-mingw32/bin/../lib/gcc/nios2-elf/4.8.3/../../../../../H-x86_64-mingw32/nios2-elf/lib/mno-hw-mul\libc.a(lib_a-memchr.o)
 .bss           0x0000000002020e38        0x0 c:/altera/14.1/nios2eds/bin/gnu/h-x86_64-mingw32/bin/../lib/gcc/nios2-elf/4.8.3/../../../../../H-x86_64-mingw32/nios2-elf/lib/mno-hw-mul\libc.a(lib_a-memmove.o)
 .bss           0x0000000002020e38        0x0 c:/altera/14.1/nios2eds/bin/gnu/h-x86_64-mingw32/bin/../lib/gcc/nios2-elf/4.8.3/../../../../../H-x86_64-mingw32/nios2-elf/lib/mno-hw-mul\libc.a(lib_a-mprec.o)
 .bss           0x0000000002020e38        0x0 c:/altera/14.1/nios2eds/bin/gnu/h-x86_64-mingw32/bin/../lib/gcc/nios2-elf/4.8.3/../../../../../H-x86_64-mingw32/nios2-elf/lib/mno-hw-mul\libc.a(lib_a-readr.o)
 .bss           0x0000000002020e38        0x0 c:/altera/14.1/nios2eds/bin/gnu/h-x86_64-mingw32/bin/../lib/gcc/nios2-elf/4.8.3/../../../../../H-x86_64-mingw32/nios2-elf/lib/mno-hw-mul\libc.a(lib_a-s_fpclassify.o)
 .bss           0x0000000002020e38        0x0 c:/altera/14.1/nios2eds/bin/gnu/h-x86_64-mingw32/bin/../lib/gcc/nios2-elf/4.8.3/../../../../../H-x86_64-mingw32/nios2-elf/lib/mno-hw-mul\libc.a(lib_a-strcmp.o)
 .bss           0x0000000002020e38        0x0 c:/altera/14.1/nios2eds/bin/gnu/h-x86_64-mingw32/bin/../lib/gcc/nios2-elf/4.8.3/../../../../../H-x86_64-mingw32/nios2-elf/lib/mno-hw-mul\libc.a(lib_a-strlen.o)
 .bss           0x0000000002020e38        0x0 c:/altera/14.1/nios2eds/bin/gnu/h-x86_64-mingw32/bin/../lib/gcc/nios2-elf/4.8.3/../../../../../H-x86_64-mingw32/nios2-elf/lib/mno-hw-mul\libc.a(lib_a-vfiprintf.o)
 .bss           0x0000000002020e38        0x0 c:/altera/14.1/nios2eds/bin/gnu/h-x86_64-mingw32/bin/../lib/gcc/nios2-elf/4.8.3/../../../../../H-x86_64-mingw32/nios2-elf/lib/mno-hw-mul\libc.a(lib_a-fputwc.o)
 .bss           0x0000000002020e38        0x0 c:/altera/14.1/nios2eds/bin/gnu/h-x86_64-mingw32/bin/../lib/gcc/nios2-elf/4.8.3/../../../../../H-x86_64-mingw32/nios2-elf/lib/mno-hw-mul\libc.a(lib_a-fstatr.o)
 .bss           0x0000000002020e38        0x0 c:/altera/14.1/nios2eds/bin/gnu/h-x86_64-mingw32/bin/../lib/gcc/nios2-elf/4.8.3/../../../../../H-x86_64-mingw32/nios2-elf/lib/mno-hw-mul\libc.a(lib_a-fvwrite.o)
 .bss           0x0000000002020e38        0x0 c:/altera/14.1/nios2eds/bin/gnu/h-x86_64-mingw32/bin/../lib/gcc/nios2-elf/4.8.3/../../../../../H-x86_64-mingw32/nios2-elf/lib/mno-hw-mul\libc.a(lib_a-isattyr.o)
 .bss           0x0000000002020e38        0x0 c:/altera/14.1/nios2eds/bin/gnu/h-x86_64-mingw32/bin/../lib/gcc/nios2-elf/4.8.3/../../../../../H-x86_64-mingw32/nios2-elf/lib/mno-hw-mul\libc.a(lib_a-wbuf.o)
 .bss           0x0000000002020e38        0x0 c:/altera/14.1/nios2eds/bin/gnu/h-x86_64-mingw32/bin/../lib/gcc/nios2-elf/4.8.3/../../../../../H-x86_64-mingw32/nios2-elf/lib/mno-hw-mul\libc.a(lib_a-wcrtomb.o)
 .bss           0x0000000002020e38        0x0 c:/altera/14.1/nios2eds/bin/gnu/h-x86_64-mingw32/bin/../lib/gcc/nios2-elf/4.8.3/../../../../../H-x86_64-mingw32/nios2-elf/lib/mno-hw-mul\libc.a(lib_a-wctomb_r.o)
 .bss           0x0000000002020e38        0x0 c:/altera/14.1/nios2eds/bin/gnu/h-x86_64-mingw32/bin/../lib/gcc/nios2-elf/4.8.3/mno-hw-mul\libgcc.a(_udivdi3.o)
 .bss           0x0000000002020e38        0x0 c:/altera/14.1/nios2eds/bin/gnu/h-x86_64-mingw32/bin/../lib/gcc/nios2-elf/4.8.3/mno-hw-mul\libgcc.a(_umoddi3.o)
 .bss           0x0000000002020e38        0x0 c:/altera/14.1/nios2eds/bin/gnu/h-x86_64-mingw32/bin/../lib/gcc/nios2-elf/4.8.3/mno-hw-mul\libgcc.a(adddf3.o)
 .bss           0x0000000002020e38        0x0 c:/altera/14.1/nios2eds/bin/gnu/h-x86_64-mingw32/bin/../lib/gcc/nios2-elf/4.8.3/mno-hw-mul\libgcc.a(eqdf2.o)
 .bss           0x0000000002020e38        0x0 c:/altera/14.1/nios2eds/bin/gnu/h-x86_64-mingw32/bin/../lib/gcc/nios2-elf/4.8.3/mno-hw-mul\libgcc.a(gedf2.o)
 .bss           0x0000000002020e38        0x0 c:/altera/14.1/nios2eds/bin/gnu/h-x86_64-mingw32/bin/../lib/gcc/nios2-elf/4.8.3/mno-hw-mul\libgcc.a(ledf2.o)
 .bss           0x0000000002020e38        0x0 c:/altera/14.1/nios2eds/bin/gnu/h-x86_64-mingw32/bin/../lib/gcc/nios2-elf/4.8.3/mno-hw-mul\libgcc.a(subdf3.o)
 .bss           0x0000000002020e38        0x0 c:/altera/14.1/nios2eds/bin/gnu/h-x86_64-mingw32/bin/../lib/gcc/nios2-elf/4.8.3/mno-hw-mul\libgcc.a(floatunsidf.o)
 .bss           0x0000000002020e38        0x0 ../LEDTile_BSP2/\libhal_bsp.a(alt_alarm_start.o)
 .bss           0x0000000002020e38        0x0 ../LEDTile_BSP2/\libhal_bsp.a(alt_close.o)
 .bss           0x0000000002020e38        0x0 ../LEDTile_BSP2/\libhal_bsp.a(alt_dev.o)
 .bss           0x0000000002020e38        0x0 ../LEDTile_BSP2/\libhal_bsp.a(alt_errno.o)
 .bss           0x0000000002020e38        0x0 ../LEDTile_BSP2/\libhal_bsp.a(alt_fstat.o)
 .bss           0x0000000002020e38        0x0 ../LEDTile_BSP2/\libhal_bsp.a(alt_isatty.o)
 .bss           0x0000000002020e38        0x0 ../LEDTile_BSP2/\libhal_bsp.a(alt_lseek.o)
 .bss           0x0000000002020e38        0x0 ../LEDTile_BSP2/\libhal_bsp.a(alt_main.o)
 .bss           0x0000000002020e38        0x0 ../LEDTile_BSP2/\libhal_bsp.a(alt_malloc_lock.o)
 .bss           0x0000000002020e38        0x0 ../LEDTile_BSP2/\libhal_bsp.a(alt_open.o)
 .bss           0x0000000002020e38        0x0 ../LEDTile_BSP2/\libhal_bsp.a(alt_read.o)
 .bss           0x0000000002020e38        0x0 ../LEDTile_BSP2/\libhal_bsp.a(alt_release_fd.o)
 .bss           0x0000000002020e38        0x0 ../LEDTile_BSP2/\libhal_bsp.a(alt_sbrk.o)
 .bss           0x0000000002020e38        0x0 ../LEDTile_BSP2/\libhal_bsp.a(alt_tick.o)
 .bss           0x0000000002020e38        0x0 ../LEDTile_BSP2/\libhal_bsp.a(alt_write.o)
 .bss           0x0000000002020e38        0x0 ../LEDTile_BSP2/\libhal_bsp.a(alt_sys_init.o)
 .bss           0x0000000002020e38        0x0 ../LEDTile_BSP2/\libhal_bsp.a(altera_avalon_epcs_flash_controller.o)
 .bss           0x0000000002020e38        0x0 ../LEDTile_BSP2/\libhal_bsp.a(altera_avalon_jtag_uart_fd.o)
 .bss           0x0000000002020e38        0x0 ../LEDTile_BSP2/\libhal_bsp.a(altera_avalon_jtag_uart_init.o)
 .bss           0x0000000002020e38        0x0 ../LEDTile_BSP2/\libhal_bsp.a(altera_avalon_jtag_uart_ioctl.o)
 .bss           0x0000000002020e38        0x0 ../LEDTile_BSP2/\libhal_bsp.a(altera_avalon_jtag_uart_read.o)
 .bss           0x0000000002020e38        0x0 ../LEDTile_BSP2/\libhal_bsp.a(altera_avalon_jtag_uart_write.o)
 .bss           0x0000000002020e38        0x0 ../LEDTile_BSP2/\libhal_bsp.a(altera_avalon_timer_sc.o)
 .bss           0x0000000002020e38        0x0 ../LEDTile_BSP2/\libhal_bsp.a(altera_avalon_uart_fd.o)
 .bss           0x0000000002020e38        0x0 ../LEDTile_BSP2/\libhal_bsp.a(altera_avalon_uart_init.o)
 .bss           0x0000000002020e38        0x0 ../LEDTile_BSP2/\libhal_bsp.a(altera_avalon_uart_read.o)
 .bss           0x0000000002020e38        0x0 ../LEDTile_BSP2/\libhal_bsp.a(altera_avalon_uart_write.o)
 .bss           0x0000000002020e38        0x0 ../LEDTile_BSP2/\libhal_bsp.a(epcs_commands.o)
 .bss           0x0000000002020e38        0x0 ../LEDTile_BSP2/\libhal_bsp.a(alt_dev_llist_insert.o)
 .bss           0x0000000002020e38        0x0 ../LEDTile_BSP2/\libhal_bsp.a(alt_do_ctors.o)
 .bss           0x0000000002020e38        0x0 ../LEDTile_BSP2/\libhal_bsp.a(alt_do_dtors.o)
 .bss           0x0000000002020e38        0x0 ../LEDTile_BSP2/\libhal_bsp.a(alt_find_dev.o)
 .bss           0x0000000002020e38        0x0 ../LEDTile_BSP2/\libhal_bsp.a(alt_find_file.o)
 .bss           0x0000000002020e38        0x0 ../LEDTile_BSP2/\libhal_bsp.a(alt_flash_dev.o)
 .bss           0x0000000002020e38        0x0 ../LEDTile_BSP2/\libhal_bsp.a(alt_get_fd.o)
 .bss           0x0000000002020e38        0x0 ../LEDTile_BSP2/\libhal_bsp.a(alt_iic.o)
 .bss           0x0000000002020e38        0x0 ../LEDTile_BSP2/\libhal_bsp.a(alt_iic_isr_register.o)
 .bss           0x0000000002020e38        0x0 ../LEDTile_BSP2/\libhal_bsp.a(alt_io_redirect.o)
 .bss           0x0000000002020e38        0x0 ../LEDTile_BSP2/\libhal_bsp.a(alt_irq_entry.o)
 .bss           0x0000000002020e38        0x0 ../LEDTile_BSP2/\libhal_bsp.a(alt_irq_handler.o)
 .bss           0x0000000002020e38        0x0 ../LEDTile_BSP2/\libhal_bsp.a(alt_irq_vars.o)
 .bss           0x0000000002020e38        0x0 ../LEDTile_BSP2/\libhal_bsp.a(altera_nios2_gen2_irq.o)
 .bss           0x0000000002020e38        0x0 ../LEDTile_BSP2/\libhal_bsp.a(altera_avalon_spi.o)
 .bss           0x0000000002020e38        0x0 ../LEDTile_BSP2/\libhal_bsp.a(alt_exception_entry.o)
 .bss           0x0000000002020e38        0x0 ../LEDTile_BSP2/\libhal_bsp.a(alt_instruction_exception_entry.o)
 .bss           0x0000000002020e38        0x0 c:/altera/14.1/nios2eds/bin/gnu/h-x86_64-mingw32/bin/../lib/gcc/nios2-elf/4.8.3/../../../../../H-x86_64-mingw32/nios2-elf/lib/mno-hw-mul\libc.a(lib_a-atexit.o)
 .bss           0x0000000002020e38        0x0 c:/altera/14.1/nios2eds/bin/gnu/h-x86_64-mingw32/bin/../lib/gcc/nios2-elf/4.8.3/../../../../../H-x86_64-mingw32/nios2-elf/lib/mno-hw-mul\libc.a(lib_a-exit.o)
 .bss           0x0000000002020e38        0x0 c:/altera/14.1/nios2eds/bin/gnu/h-x86_64-mingw32/bin/../lib/gcc/nios2-elf/4.8.3/../../../../../H-x86_64-mingw32/nios2-elf/lib/mno-hw-mul\libc.a(lib_a-__atexit.o)
 .bss           0x0000000002020e38        0x0 c:/altera/14.1/nios2eds/bin/gnu/h-x86_64-mingw32/bin/../lib/gcc/nios2-elf/4.8.3/../../../../../H-x86_64-mingw32/nios2-elf/lib/mno-hw-mul\libc.a(lib_a-__call_atexit.o)
 .bss           0x0000000002020e38        0x0 ../LEDTile_BSP2/\libhal_bsp.a(alt_exit.o)
 *(COMMON)
 COMMON         0x0000000002020e38       0x18 obj/default/main.o
                0x0000000002020e38                frameAlarm
 COMMON         0x0000000002020e50      0x100 ../LEDTile_BSP2/\libhal_bsp.a(alt_irq_handler.o)
                0x0000000002020e50                alt_irq
                0x0000000002020f50                . = ALIGN (0x4)
                0x0000000002020f50                __bss_end = ABSOLUTE (.)

.sdram_controller
                0x0000000002020f50        0x0
                0x0000000002020f50                PROVIDE (_alt_partition_sdram_controller_start, ABSOLUTE (.))
 *(.sdram_controller .sdram_controller. sdram_controller.*)
                0x0000000002020f50                . = ALIGN (0x4)
                0x0000000002020f50                PROVIDE (_alt_partition_sdram_controller_end, ABSOLUTE (.))
                0x0000000002020f50                _end = ABSOLUTE (.)
                0x0000000002020f50                end = ABSOLUTE (.)
                0x0000000002020f50                __alt_stack_base = ABSOLUTE (.)
                0x0000000002020f50                PROVIDE (_alt_partition_sdram_controller_load_addr, LOADADDR (.sdram_controller))

.onchip_memory2
                0x0000000004000000        0x0
                0x0000000004000000                PROVIDE (_alt_partition_onchip_memory2_start, ABSOLUTE (.))
 *(.onchip_memory2 .onchip_memory2. onchip_memory2.*)
                0x0000000004000000                . = ALIGN (0x4)
                0x0000000004000000                PROVIDE (_alt_partition_onchip_memory2_end, ABSOLUTE (.))
                0x0000000004000000                PROVIDE (_alt_partition_onchip_memory2_load_addr, LOADADDR (.onchip_memory2))

.epcs_flash_controller
                0x0000000004009020        0x0
                0x0000000004009020                PROVIDE (_alt_partition_epcs_flash_controller_start, ABSOLUTE (.))
 *(.epcs_flash_controller .epcs_flash_controller. epcs_flash_controller.*)
                0x0000000004009020                . = ALIGN (0x4)
                0x0000000004009020                PROVIDE (_alt_partition_epcs_flash_controller_end, ABSOLUTE (.))
                0x0000000004009020                PROVIDE (_alt_partition_epcs_flash_controller_load_addr, LOADADDR (.epcs_flash_controller))

.stab
 *(.stab)

.stabstr
 *(.stabstr)

.stab.excl
 *(.stab.excl)

.stab.exclstr
 *(.stab.exclstr)

.stab.index
 *(.stab.index)

.stab.indexstr
 *(.stab.indexstr)

.comment        0x0000000000000000       0x39
 *(.comment)
 .comment       0x0000000000000000       0x39 obj/default/main.o
                                         0x3a (size before relaxing)
 .comment       0x0000000000000000       0x3a ../LEDTileLib/obj/default\libLEDTileLib.a(LEDTileLib.o)
 .comment       0x0000000000000000       0x3a ../giflib-5.1.2/lib/obj/default\libGIFLIB.a(dgif_lib.o)
 .comment       0x0000000000000000       0x3a ../giflib-5.1.2/lib/obj/default\libGIFLIB.a(gifalloc.o)
 .comment       0x0000000000000000       0x3a ../giflib-5.1.2/lib/obj/default\libGIFLIB.a(openbsd-reallocarray.o)
 .comment       0x0000000000000000       0x3a c:/altera/14.1/nios2eds/bin/gnu/h-x86_64-mingw32/bin/../lib/gcc/nios2-elf/4.8.3/mno-hw-mul\libgcc.a(lib2-divmod.o)
 .comment       0x0000000000000000       0x3a c:/altera/14.1/nios2eds/bin/gnu/h-x86_64-mingw32/bin/../lib/gcc/nios2-elf/4.8.3/mno-hw-mul\libgcc.a(lib2-mul.o)
 .comment       0x0000000000000000       0x3a c:/altera/14.1/nios2eds/bin/gnu/h-x86_64-mingw32/bin/../lib/gcc/nios2-elf/4.8.3/mno-hw-mul\libgcc.a(divdf3.o)
 .comment       0x0000000000000000       0x3a c:/altera/14.1/nios2eds/bin/gnu/h-x86_64-mingw32/bin/../lib/gcc/nios2-elf/4.8.3/mno-hw-mul\libgcc.a(muldf3.o)
 .comment       0x0000000000000000       0x3a c:/altera/14.1/nios2eds/bin/gnu/h-x86_64-mingw32/bin/../lib/gcc/nios2-elf/4.8.3/mno-hw-mul\libgcc.a(fixdfsi.o)
 .comment       0x0000000000000000       0x3a c:/altera/14.1/nios2eds/bin/gnu/h-x86_64-mingw32/bin/../lib/gcc/nios2-elf/4.8.3/mno-hw-mul\libgcc.a(floatsidf.o)
 .comment       0x0000000000000000       0x3a c:/altera/14.1/nios2eds/bin/gnu/h-x86_64-mingw32/bin/../lib/gcc/nios2-elf/4.8.3/mno-hw-mul\libgcc.a(_clzsi2.o)
 .comment       0x0000000000000000       0x3a c:/altera/14.1/nios2eds/bin/gnu/h-x86_64-mingw32/bin/../lib/gcc/nios2-elf/4.8.3/mno-hw-mul\libgcc.a(_clz.o)