Archive member included to satisfy reference by file (symbol)

../LEDTileLib/obj/default\libLEDTileLib.a(LEDTileLib.o)
                              obj/default/main.o (delay)
c:/altera/14.1/nios2eds/bin/gnu/h-x86_64-mingw32/bin/../lib/gcc/nios2-elf/4.8.3/mno-hw-mul\libgcc.a(lib2-divmod.o)
                              obj/default/main.o (__modsi3)
c:/altera/14.1/nios2eds/bin/gnu/h-x86_64-mingw32/bin/../lib/gcc/nios2-elf/4.8.3/mno-hw-mul\libgcc.a(divdf3.o)
                              ../LEDTileLib/obj/default\libLEDTileLib.a(LEDTileLib.o) (__divdf3)
c:/altera/14.1/nios2eds/bin/gnu/h-x86_64-mingw32/bin/../lib/gcc/nios2-elf/4.8.3/mno-hw-mul\libgcc.a(muldf3.o)
                              ../LEDTileLib/obj/default\libLEDTileLib.a(LEDTileLib.o) (__muldf3)
c:/altera/14.1/nios2eds/bin/gnu/h-x86_64-mingw32/bin/../lib/gcc/nios2-elf/4.8.3/mno-hw-mul\libgcc.a(fixdfsi.o)
                              ../LEDTileLib/obj/default\libLEDTileLib.a(LEDTileLib.o) (__fixdfsi)
c:/altera/14.1/nios2eds/bin/gnu/h-x86_64-mingw32/bin/../lib/gcc/nios2-elf/4.8.3/mno-hw-mul\libgcc.a(floatsidf.o)
                              ../LEDTileLib/obj/default\libLEDTileLib.a(LEDTileLib.o) (__floatsidf)
c:/altera/14.1/nios2eds/bin/gnu/h-x86_64-mingw32/bin/../lib/gcc/nios2-elf/4.8.3/mno-hw-mul\libgcc.a(_clzsi2.o)
                              c:/altera/14.1/nios2eds/bin/gnu/h-x86_64-mingw32/bin/../lib/gcc/nios2-elf/4.8.3/mno-hw-mul\libgcc.a(divdf3.o) (__clzsi2)
c:/altera/14.1/nios2eds/bin/gnu/h-x86_64-mingw32/bin/../lib/gcc/nios2-elf/4.8.3/mno-hw-mul\libgcc.a(lib2-mul.o)
                              c:/altera/14.1/nios2eds/bin/gnu/h-x86_64-mingw32/bin/../lib/gcc/nios2-elf/4.8.3/mno-hw-mul\libgcc.a(divdf3.o) (__mulsi3)
c:/altera/14.1/nios2eds/bin/gnu/h-x86_64-mingw32/bin/../lib/gcc/nios2-elf/4.8.3/mno-hw-mul\libgcc.a(_clz.o)
                              c:/altera/14.1/nios2eds/bin/gnu/h-x86_64-mingw32/bin/../lib/gcc/nios2-elf/4.8.3/mno-hw-mul\libgcc.a(_clzsi2.o) (__clz_tab)
c:/altera/14.1/nios2eds/bin/gnu/h-x86_64-mingw32/bin/../lib/gcc/nios2-elf/4.8.3/../../../../../H-x86_64-mingw32/nios2-elf/lib/mno-hw-mul\libc.a(lib_a-getc.o)
                              obj/default/main.o (getc)
c:/altera/14.1/nios2eds/bin/gnu/h-x86_64-mingw32/bin/../lib/gcc/nios2-elf/4.8.3/../../../../../H-x86_64-mingw32/nios2-elf/lib/mno-hw-mul\libc.a(lib_a-impure.o)
                              obj/default/main.o (_impure_ptr)
c:/altera/14.1/nios2eds/bin/gnu/h-x86_64-mingw32/bin/../lib/gcc/nios2-elf/4.8.3/../../../../../H-x86_64-mingw32/nios2-elf/lib/mno-hw-mul\libc.a(lib_a-putchar.o)
                              obj/default/main.o (putchar)
c:/altera/14.1/nios2eds/bin/gnu/h-x86_64-mingw32/bin/../lib/gcc/nios2-elf/4.8.3/../../../../../H-x86_64-mingw32/nios2-elf/lib/mno-hw-mul\libc.a(lib_a-puts.o)
                              obj/default/main.o (puts)
c:/altera/14.1/nios2eds/bin/gnu/h-x86_64-mingw32/bin/../lib/gcc/nios2-elf/4.8.3/../../../../../H-x86_64-mingw32/nios2-elf/lib/mno-hw-mul\libc.a(lib_a-rget.o)
                              c:/altera/14.1/nios2eds/bin/gnu/h-x86_64-mingw32/bin/../lib/gcc/nios2-elf/4.8.3/../../../../../H-x86_64-mingw32/nios2-elf/lib/mno-hw-mul\libc.a(lib_a-getc.o) (__srget_r)
c:/altera/14.1/nios2eds/bin/gnu/h-x86_64-mingw32/bin/../lib/gcc/nios2-elf/4.8.3/../../../../../H-x86_64-mingw32/nios2-elf/lib/mno-hw-mul\libc.a(lib_a-strlen.o)
                              c:/altera/14.1/nios2eds/bin/gnu/h-x86_64-mingw32/bin/../lib/gcc/nios2-elf/4.8.3/../../../../../H-x86_64-mingw32/nios2-elf/lib/mno-hw-mul\libc.a(lib_a-puts.o) (strlen)
c:/altera/14.1/nios2eds/bin/gnu/h-x86_64-mingw32/bin/../lib/gcc/nios2-elf/4.8.3/../../../../../H-x86_64-mingw32/nios2-elf/lib/mno-hw-mul\libc.a(lib_a-findfp.o)
                              c:/altera/14.1/nios2eds/bin/gnu/h-x86_64-mingw32/bin/../lib/gcc/nios2-elf/4.8.3/../../../../../H-x86_64-mingw32/nios2-elf/lib/mno-hw-mul\libc.a(lib_a-getc.o) (__sinit)
c:/altera/14.1/nios2eds/bin/gnu/h-x86_64-mingw32/bin/../lib/gcc/nios2-elf/4.8.3/../../../../../H-x86_64-mingw32/nios2-elf/lib/mno-hw-mul\libc.a(lib_a-fvwrite.o)
                              c:/altera/14.1/nios2eds/bin/gnu/h-x86_64-mingw32/bin/../lib/gcc/nios2-elf/4.8.3/../../../../../H-x86_64-mingw32/nios2-elf/lib/mno-hw-mul\libc.a(lib_a-puts.o) (__sfvwrite_r)
c:/altera/14.1/nios2eds/bin/gnu/h-x86_64-mingw32/bin/../lib/gcc/nios2-elf/4.8.3/../../../../../H-x86_64-mingw32/nios2-elf/lib/mno-hw-mul\libc.a(lib_a-fwalk.o)
                              c:/altera/14.1/nios2eds/bin/gnu/h-x86_64-mingw32/bin/../lib/gcc/nios2-elf/4.8.3/../../../../../H-x86_64-mingw32/nios2-elf/lib/mno-hw-mul\libc.a(lib_a-findfp.o) (_fwalk)
c:/altera/14.1/nios2eds/bin/gnu/h-x86_64-mingw32/bin/../lib/gcc/nios2-elf/4.8.3/../../../../../H-x86_64-mingw32/nios2-elf/lib/mno-hw-mul\libc.a(lib_a-mallocr.o)
[...]
Memory Configuration

Name             Origin             Length             Attributes
sdram_controller_BEFORE_EXCEPTION 0x0000000002000000 0x0000000000000020
sdram_controller 0x0000000002000020 0x0000000001ffffe0
onchip_memory2   0x0000000004000000 0x0000000000006590
reset            0x0000000004009000 0x0000000000000020
epcs_flash_controller 0x0000000004009020 0x00000000000007e0
*default*        0x0000000000000000 0xffffffffffffffff

Linker script and memory map

LOAD ../LEDTile_BSP2/obj/HAL/src/crt0.o
LOAD obj/default/main.o
LOAD ../LEDTileLib/obj/default\libLEDTileLib.a
LOAD c:/altera/14.1/nios2eds/bin/gnu/h-x86_64-mingw32/bin/../lib/gcc/nios2-elf/4.8.3/../../../../../H-x86_64-mingw32/nios2-elf/lib/mno-hw-mul\libstdc++.a
LOAD c:/altera/14.1/nios2eds/bin/gnu/h-x86_64-mingw32/bin/../lib/gcc/nios2-elf/4.8.3/../../../../../H-x86_64-mingw32/nios2-elf/lib/mno-hw-mul\libm.a
LOAD c:/altera/14.1/nios2eds/bin/gnu/h-x86_64-mingw32/bin/../lib/gcc/nios2-elf/4.8.3/mno-hw-mul\libgcc.a
START GROUP
LOAD c:/altera/14.1/nios2eds/bin/gnu/h-x86_64-mingw32/bin/../lib/gcc/nios2-elf/4.8.3/../../../../../H-x86_64-mingw32/nios2-elf/lib/mno-hw-mul\libc.a
LOAD c:/altera/14.1/nios2eds/bin/gnu/h-x86_64-mingw32/bin/../lib/gcc/nios2-elf/4.8.3/mno-hw-mul\libgcc.a
LOAD ../LEDTile_BSP2\libhal_bsp.a
END GROUP
LOAD c:/altera/14.1/nios2eds/bin/gnu/h-x86_64-mingw32/bin/../lib/gcc/nios2-elf/4.8.3/mno-hw-mul\libgcc.a
                0x0000000002000000                __alt_mem_sdram_controller = 0x2000000
                0x0000000004000000                __alt_mem_onchip_memory2 = 0x4000000
                0x0000000004009000                __alt_mem_epcs_flash_controller = 0x4009000

.entry          0x0000000004009000        0x0
 *(.entry)
 .entry         0x0000000004009000        0x0 ../LEDTile_BSP2/obj/HAL/src/crt0.o
                0x0000000004009000                __reset

.exceptions     0x0000000002000020      0x20c
                0x0000000002000020                PROVIDE (__ram_exceptions_start, ABSOLUTE (.))
                0x0000000002000020                . = ALIGN (0x20)
 *(.irq)
 *(.exceptions.entry.label)
 .exceptions.entry.label
                0x0000000002000020        0x0 ../LEDTile_BSP2\libhal_bsp.a(alt_irq_entry.o)
                0x0000000002000020                alt_irq_entry
 .exceptions.entry.label
                0x0000000002000020        0x0 ../LEDTile_BSP2\libhal_bsp.a(alt_exception_entry.o)
                0x0000000002000020                alt_exception
 *(.exceptions.entry.user)
 *(.exceptions.entry.ecc_fatal)
 *(.exceptions.entry)
 .exceptions.entry
                0x0000000002000020       0x54 ../LEDTile_BSP2\libhal_bsp.a(alt_exception_entry.o)
 *(.exceptions.irqtest.user)
 *(.exceptions.irqtest)
 .exceptions.irqtest
                0x0000000002000074       0x10 ../LEDTile_BSP2\libhal_bsp.a(alt_irq_entry.o)
 *(.exceptions.irqhandler.user)
 *(.exceptions.irqhandler)
 .exceptions.irqhandler
                0x0000000002000084        0x4 ../LEDTile_BSP2\libhal_bsp.a(alt_irq_entry.o)
 *(.exceptions.irqreturn.user)
 *(.exceptions.irqreturn)
 .exceptions.irqreturn
                0x0000000002000088        0x4 ../LEDTile_BSP2\libhal_bsp.a(alt_irq_entry.o)
 *(.exceptions.notirq.label)
 .exceptions.notirq.label
                0x000000000200008c        0x0 ../LEDTile_BSP2\libhal_bsp.a(alt_irq_entry.o)
 *(.exceptions.notirq.user)
 *(.exceptions.notirq)
 .exceptions.notirq
                0x000000000200008c        0x8 ../LEDTile_BSP2\libhal_bsp.a(alt_exception_entry.o)
 *(.exceptions.soft.user)
 *(.exceptions.soft)
 *(.exceptions.unknown.user)
 *(.exceptions.unknown)
 .exceptions.unknown
                0x0000000002000094       0x14 ../LEDTile_BSP2\libhal_bsp.a(alt_exception_entry.o)
 *(.exceptions.exit.label)
 .exceptions.exit.label
                0x00000000020000a8        0x0 ../LEDTile_BSP2\libhal_bsp.a(alt_irq_entry.o)
 .exceptions.exit.label
                0x00000000020000a8        0x0 ../LEDTile_BSP2\libhal_bsp.a(alt_exception_entry.o)
 *(.exceptions.exit.user)
 *(.exceptions.exit)
 .exceptions.exit
                0x00000000020000a8       0x54 ../LEDTile_BSP2\libhal_bsp.a(alt_exception_entry.o)
 *(.exceptions)
 .exceptions    0x00000000020000fc       0xd0 ../LEDTile_BSP2\libhal_bsp.a(alt_irq_handler.o)
                0x00000000020000fc                alt_irq_handler
 .exceptions    0x00000000020001cc       0x60 ../LEDTile_BSP2\libhal_bsp.a(alt_instruction_exception_entry.o)
                0x00000000020001cc                alt_instruction_exception_entry
                0x000000000200022c                PROVIDE (__ram_exceptions_end, ABSOLUTE (.))
                0x0000000002000020                PROVIDE (__flash_exceptions_start, LOADADDR (.exceptions))

.text           0x000000000200022c     0xa824
                0x000000000200022c                PROVIDE (stext, ABSOLUTE (.))
 *(.interp)
 *(.hash)
 *(.dynsym)
 *(.dynstr)
 *(.gnu.version)
 *(.gnu.version_d)
 *(.gnu.version_r)
 *(.rel.init)
 *(.rela.init)
 *(.rel.text .rel.text.* .rel.gnu.linkonce.t.*)
 *(.rela.text .rela.text.* .rela.gnu.linkonce.t.*)
 *(.rel.fini)
 *(.rela.fini)
 *(.rel.rodata .rel.rodata.* .rel.gnu.linkonce.r.*)
 *(.rela.rodata .rela.rodata.* .rela.gnu.linkonce.r.*)
 *(.rel.data .rel.data.* .rel.gnu.linkonce.d.*)
 *(.rela.data .rela.data.* .rela.gnu.linkonce.d.*)
 *(.rel.tdata .rel.tdata.* .rel.gnu.linkonce.td.*)
 *(.rela.tdata .rela.tdata.* .rela.gnu.linkonce.td.*)
 *(.rel.tbss .rel.tbss.* .rel.gnu.linkonce.tb.*)
 *(.rela.tbss .rela.tbss.* .rela.gnu.linkonce.tb.*)
 *(.rel.ctors)
 *(.rela.ctors)
 *(.rel.dtors)
 *(.rela.dtors)
 *(.rel.got)
 *(.rela.got)
 *(.rel.sdata .rel.sdata.* .rel.gnu.linkonce.s.*)
 *(.rela.sdata .rela.sdata.* .rela.gnu.linkonce.s.*)
 *(.rel.sbss .rel.sbss.* .rel.gnu.linkonce.sb.*)
 *(.rela.sbss .rela.sbss.* .rela.gnu.linkonce.sb.*)
 *(.rel.sdata2 .rel.sdata2.* .rel.gnu.linkonce.s2.*)
 *(.rela.sdata2 .rela.sdata2.* .rela.gnu.linkonce.s2.*)
 *(.rel.sbss2 .rel.sbss2.* .rel.gnu.linkonce.sb2.*)
 *(.rela.sbss2 .rela.sbss2.* .rela.gnu.linkonce.sb2.*)
 *(.rel.bss .rel.bss.* .rel.gnu.linkonce.b.*)
 *(.rela.bss .rela.bss.* .rela.gnu.linkonce.b.*)
 *(.rel.plt)
 *(.rela.plt)
 *(.rel.dyn)
 *(.init)
 *(.plt)
 *(.text .stub .text.* .gnu.linkonce.t.*)
 .text          0x000000000200022c       0x38 ../LEDTile_BSP2/obj/HAL/src/crt0.o
                0x000000000200022c                _start
 .text          0x0000000002000264      0x180 obj/default/main.o
                0x0000000002000264                longDelay
                0x00000000020002a0                frame_callback
                0x0000000002000314                main
 .text          0x00000000020003e4     0x1ba8 ../LEDTileLib/obj/default\libLEDTileLib.a(LEDTileLib.o)
                0x00000000020003e4                delay
                0x000000000200041c                blank
                0x00000000020004f4                displayBitmap
                0x0000000002000638                displayColourBars
                0x0000000002000dfc                displayCIEColourBars
                0x0000000002001260                displayGamma149ColourBars
                0x00000000020016c4                displayGamma98ColourBars
                0x0000000002001b28                displayGamma46ColourBars
 .text          0x0000000002001f8c      0x114 c:/altera/14.1/nios2eds/bin/gnu/h-x86_64-mingw32/bin/../lib/gcc/nios2-elf/4.8.3/mno-hw-mul\libgcc.a(lib2-divmod.o)
                0x0000000002001ffc                __divsi3
                0x0000000002002044                __modsi3
                0x0000000002002090                __udivsi3
                0x0000000002002098                __umodsi3
 .text          0x00000000020020a0      0x99c c:/altera/14.1/nios2eds/bin/gnu/h-x86_64-mingw32/bin/../lib/gcc/nios2-elf/4.8.3/mno-hw-mul\libgcc.a(divdf3.o)
                0x00000000020020a0                __divdf3
 .text          0x0000000002002a3c      0x800 c:/altera/14.1/nios2eds/bin/gnu/h-x86_64-mingw32/bin/../lib/gcc/nios2-elf/4.8.3/mno-hw-mul\libgcc.a(muldf3.o)
                0x0000000002002a3c                __muldf3
 .text          0x000000000200323c       0x80 c:/altera/14.1/nios2eds/bin/gnu/h-x86_64-mingw32/bin/../lib/gcc/nios2-elf/4.8.3/mno-hw-mul\libgcc.a(fixdfsi.o)
                0x000000000200323c                __fixdfsi
 .text          0x00000000020032bc       0xd0 c:/altera/14.1/nios2eds/bin/gnu/h-x86_64-mingw32/bin/../lib/gcc/nios2-elf/4.8.3/mno-hw-mul\libgcc.a(floatsidf.o)
                0x00000000020032bc                __floatsidf
 .text          0x000000000200338c       0xac c:/altera/14.1/nios2eds/bin/gnu/h-x86_64-mingw32/bin/../lib/gcc/nios2-elf/4.8.3/mno-hw-mul\libgcc.a(_clzsi2.o)
                0x000000000200338c                __clzsi2
 .text          0x0000000002003438       0x28 c:/altera/14.1/nios2eds/bin/gnu/h-x86_64-mingw32/bin/../lib/gcc/nios2-elf/4.8.3/mno-hw-mul\libgcc.a(lib2-mul.o)
                0x0000000002003438                __mulsi3
 .text          0x0000000002003460        0x0 c:/altera/14.1/nios2eds/bin/gnu/h-x86_64-mingw32/bin/../lib/gcc/nios2-elf/4.8.3/mno-hw-mul\libgcc.a(_clz.o)
 .text          0x0000000002003460      0x10c c:/altera/14.1/nios2eds/bin/gnu/h-x86_64-mingw32/bin/../lib/gcc/nios2-elf/4.8.3/../../../../../H-x86_64-mingw32/nios2-elf/lib/mno-hw-mul\libc.a(lib_a-getc.o)
                0x0000000002003460                _getc_r
                0x00000000020034e0                getc
 .text          0x000000000200356c        0x0 c:/altera/14.1/nios2eds/bin/gnu/h-x86_64-mingw32/bin/../lib/gcc/nios2-elf/4.8.3/../../../../../H-x86_64-mingw32/nios2-elf/lib/mno-hw-mul\libc.a(lib_a-impure.o)
 .text          0x000000000200356c       0x24 c:/altera/14.1/nios2eds/bin/gnu/h-x86_64-mingw32/bin/../lib/gcc/nios2-elf/4.8.3/../../../../../H-x86_64-mingw32/nios2-elf/lib/mno-hw-mul\libc.a(lib_a-putchar.o)
                0x000000000200356c                _putchar_r
                0x0000000002003574                putchar
 .text          0x0000000002003590       0xcc c:/altera/14.1/nios2eds/bin/gnu/h-x86_64-mingw32/bin/../lib/gcc/nios2-elf/4.8.3/../../../../../H-x86_64-mingw32/nios2-elf/lib/mno-hw-mul\libc.a(lib_a-puts.o)
                0x0000000002003590                _puts_r
                0x0000000002003648                puts
 .text          0x000000000200365c       0x88 c:/altera/14.1/nios2eds/bin/gnu/h-x86_64-mingw32/bin/../lib/gcc/nios2-elf/4.8.3/../../../../../H-x86_64-mingw32/nios2-elf/lib/mno-hw-mul\libc.a(lib_a-rget.o)
                0x000000000200365c                __srget_r
                0x00000000020036d0                __srget
 .text          0x00000000020036e4       0x8c c:/altera/14.1/nios2eds/bin/gnu/h-x86_64-mingw32/bin/../lib/gcc/nios2-elf/4.8.3/../../../../../H-x86_64-mingw32/nios2-elf/lib/mno-hw-mul\libc.a(lib_a-strlen.o)
                0x00000000020036e4                strlen
 .text          0x0000000002003770      0x3a4 c:/altera/14.1/nios2eds/bin/gnu/h-x86_64-mingw32/bin/../lib/gcc/nios2-elf/4.8.3/../../../../../H-x86_64-mingw32/nios2-elf/lib/mno-hw-mul\libc.a(lib_a-findfp.o)
                0x0000000002003780                _cleanup_r
                0x000000000200378c                __sfmoreglue
                0x0000000002003804                _cleanup
                0x000000000200381c                __sinit
                0x00000000020039b8                __sfp
                0x0000000002003ad4                __sfp_lock_acquire
                0x0000000002003ad8                __sfp_lock_release
                0x0000000002003adc                __sinit_lock_acquire
                0x0000000002003ae0                __sinit_lock_release
                0x0000000002003ae4                __fp_lock_all
                0x0000000002003afc                __fp_unlock_all
 .text          0x0000000002003b14      0x4ac c:/altera/14.1/nios2eds/bin/gnu/h-x86_64-mingw32/bin/../lib/gcc/nios2-elf/4.8.3/../../../../../H-x86_64-mingw32/nios2-elf/lib/mno-hw-mul\libc.a(lib_a-fvwrite.o)
                0x0000000002003b14                __sfvwrite_r
 .text          0x0000000002003fc0      0x160 c:/altera/14.1/nios2eds/bin/gnu/h-x86_64-mingw32/bin/../lib/gcc/nios2-elf/4.8.3/../../../../../H-x86_64-mingw32/nios2-elf/lib/mno-hw-mul\libc.a(lib_a-fwalk.o)
                0x0000000002003fc0                _fwalk
                0x0000000002004068                _fwalk_reent
 .text          0x0000000002004120      0x7c4 c:/altera/14.1/nios2eds/bin/gnu/h-x86_64-mingw32/bin/../lib/gcc/nios2-elf/4.8.3/../../../../../H-x86_64-mingw32/nios2-elf/lib/mno-hw-mul\libc.a(lib_a-mallocr.o)
                0x0000000002004120                _malloc_r
 .text          0x00000000020048e4       0xe8 c:/altera/14.1/nios2eds/bin/gnu/h-x86_64-mingw32/bin/../lib/gcc/nios2-elf/4.8.3/../../../../../H-x86_64-mingw32/nios2-elf/lib/mno-hw-mul\libc.a(lib_a-memchr.o)
                0x00000000020048e4                memchr
 .text          0x00000000020049cc      0x10c c:/altera/14.1/nios2eds/bin/gnu/h-x86_64-mingw32/bin/../lib/gcc/nios2-elf/4.8.3/../../../../../H-x86_64-mingw32/nios2-elf/lib/mno-hw-mul\libc.a(lib_a-memcpy.o)
                0x00000000020049cc                memcpy
 .text          0x0000000002004ad8      0x13c c:/altera/14.1/nios2eds/bin/gnu/h-x86_64-mingw32/bin/../lib/gcc/nios2-elf/4.8.3/../../../../../H-x86_64-mingw32/nios2-elf/lib/mno-hw-mul\libc.a(lib_a-memmove.o)
                0x0000000002004ad8                memmove
 .text          0x0000000002004c14      0x114 c:/altera/14.1/nios2eds/bin/gnu/h-x86_64-mingw32/bin/../lib/gcc/nios2-elf/4.8.3/../../../../../H-x86_64-mingw32/nios2-elf/lib/mno-hw-mul\libc.a(lib_a-memset.o)
                0x0000000002004c14                memset
 .text          0x0000000002004d28      0x16c c:/altera/14.1/nios2eds/bin/gnu/h-x86_64-mingw32/bin/../lib/gcc/nios2-elf/4.8.3/../../../../../H-x86_64-mingw32/nios2-elf/lib/mno-hw-mul\libc.a(lib_a-putc.o)
                0x0000000002004d28                _putc_r
                0x0000000002004dc8                putc
 .text          0x0000000002004e94      0x564 c:/altera/14.1/nios2eds/bin/gnu/h-x86_64-mingw32/bin/../lib/gcc/nios2-elf/4.8.3/../../../../../H-x86_64-mingw32/nios2-elf/lib/mno-hw-mul\libc.a(lib_a-reallocr.o)
                0x0000000002004e94                _realloc_r
 .text          0x00000000020053f8      0x1f4 c:/altera/14.1/nios2eds/bin/gnu/h-x86_64-mingw32/bin/../lib/gcc/nios2-elf/4.8.3/../../../../../H-x86_64-mingw32/nios2-elf/lib/mno-hw-mul\libc.a(lib_a-refill.o)
                0x0000000002005414                __srefill_r
 .text          0x00000000020055ec       0x64 c:/altera/14.1/nios2eds/bin/gnu/h-x86_64-mingw32/bin/../lib/gcc/nios2-elf/4.8.3/../../../../../H-x86_64-mingw32/nios2-elf/lib/mno-hw-mul\libc.a(lib_a-sbrkr.o)
                0x00000000020055ec                _sbrk_r
 .text          0x0000000002005650      0x13c c:/altera/14.1/nios2eds/bin/gnu/h-x86_64-mingw32/bin/../lib/gcc/nios2-elf/4.8.3/../../../../../H-x86_64-mingw32/nios2-elf/lib/mno-hw-mul\libc.a(lib_a-stdio.o)
                0x0000000002005650                __sread
                0x00000000020056a4                __seofread
                0x00000000020056ac                __swrite
                0x0000000002005728                __sseek
                0x0000000002005784                __sclose
 .text          0x000000000200578c      0x19c c:/altera/14.1/nios2eds/bin/gnu/h-x86_64-mingw32/bin/../lib/gcc/nios2-elf/4.8.3/../../../../../H-x86_64-mingw32/nios2-elf/lib/mno-hw-mul\libc.a(lib_a-wbuf.o)
                0x000000000200578c                __swbuf_r
                0x000000000200590c                __swbuf
 .text          0x0000000002005928       0x6c c:/altera/14.1/nios2eds/bin/gnu/h-x86_64-mingw32/bin/../lib/gcc/nios2-elf/4.8.3/../../../../../H-x86_64-mingw32/nios2-elf/lib/mno-hw-mul\libc.a(lib_a-writer.o)
                0x0000000002005928                _write_r
 .text          0x0000000002005994      0x138 c:/altera/14.1/nios2eds/bin/gnu/h-x86_64-mingw32/bin/../lib/gcc/nios2-elf/4.8.3/../../../../../H-x86_64-mingw32/nios2-elf/lib/mno-hw-mul\libc.a(lib_a-wsetup.o)
                0x0000000002005994                __swsetup_r
 .text          0x0000000002005acc       0x64 c:/altera/14.1/nios2eds/bin/gnu/h-x86_64-mingw32/bin/../lib/gcc/nios2-elf/4.8.3/../../../../../H-x86_64-mingw32/nios2-elf/lib/mno-hw-mul\libc.a(closer.o)
                0x0000000002005acc                _close_r
 .text          0x0000000002005b30      0x13c c:/altera/14.1/nios2eds/bin/gnu/h-x86_64-mingw32/bin/../lib/gcc/nios2-elf/4.8.3/../../../../../H-x86_64-mingw32/nios2-elf/lib/mno-hw-mul\libc.a(lib_a-fclose.o)
                0x0000000002005b30                _fclose_r
                0x0000000002005c58                fclose
 .text          0x0000000002005c6c      0x274 c:/altera/14.1/nios2eds/bin/gnu/h-x86_64-mingw32/bin/../lib/gcc/nios2-elf/4.8.3/../../../../../H-x86_64-mingw32/nios2-elf/lib/mno-hw-mul\libc.a(lib_a-fflush.o)
                0x0000000002005c6c                _fflush_r
                0x0000000002005eb0                fflush
 .text          0x0000000002005ee0      0x40c c:/altera/14.1/nios2eds/bin/gnu/h-x86_64-mingw32/bin/../lib/gcc/nios2-elf/4.8.3/../../../../../H-x86_64-mingw32/nios2-elf/lib/mno-hw-mul\libc.a(lib_a-freer.o)
                0x0000000002005ee0                _malloc_trim_r
                0x000000000200601c                _free_r
 .text          0x00000000020062ec        0x0 c:/altera/14.1/nios2eds/bin/gnu/h-x86_64-mingw32/bin/../lib/gcc/nios2-elf/4.8.3/../../../../../H-x86_64-mingw32/nios2-elf/lib/mno-hw-mul\libc.a(lib_a-int_errno.o)
 .text          0x00000000020062ec       0x6c c:/altera/14.1/nios2eds/bin/gnu/h-x86_64-mingw32/bin/../lib/gcc/nios2-elf/4.8.3/../../../../../H-x86_64-mingw32/nios2-elf/lib/mno-hw-mul\libc.a(lib_a-lseekr.o)
                0x00000000020062ec                _lseek_r
 .text          0x0000000002006358      0x1b4 c:/altera/14.1/nios2eds/bin/gnu/h-x86_64-mingw32/bin/../lib/gcc/nios2-elf/4.8.3/../../../../../H-x86_64-mingw32/nios2-elf/lib/mno-hw-mul\libc.a(lib_a-makebuf.o)
                0x0000000002006358                __smakebuf_r
 .text          0x000000000200650c       0x6c c:/altera/14.1/nios2eds/bin/gnu/h-x86_64-mingw32/bin/../lib/gcc/nios2-elf/4.8.3/../../../../../H-x86_64-mingw32/nios2-elf/lib/mno-hw-mul\libc.a(lib_a-readr.o)
                0x000000000200650c                _read_r
 .text          0x0000000002006578       0x68 c:/altera/14.1/nios2eds/bin/gnu/h-x86_64-mingw32/bin/../lib/gcc/nios2-elf/4.8.3/../../../../../H-x86_64-mingw32/nios2-elf/lib/mno-hw-mul\libc.a(lib_a-fstatr.o)
                0x0000000002006578                _fstat_r
 .text          0x00000000020065e0       0x64 c:/altera/14.1/nios2eds/bin/gnu/h-x86_64-mingw32/bin/../lib/gcc/nios2-elf/4.8.3/../../../../../H-x86_64-mingw32/nios2-elf/lib/mno-hw-mul\libc.a(lib_a-isattyr.o)
                0x00000000020065e0                _isatty_r
 .text          0x0000000002006644      0x140 ../LEDTile_BSP2\libhal_bsp.a(alt_alarm_start.o)
                0x0000000002006644                alt_alarm_start
 .text          0x0000000002006784      0x120 ../LEDTile_BSP2\libhal_bsp.a(alt_close.o)
                0x00000000020067d4                close
 .text          0x00000000020068a4       0x2c ../LEDTile_BSP2\libhal_bsp.a(alt_dev.o)
 .text          0x00000000020068d0        0x0 ../LEDTile_BSP2\libhal_bsp.a(alt_errno.o)
 .text          0x00000000020068d0      0x104 ../LEDTile_BSP2\libhal_bsp.a(alt_fstat.o)
                0x0000000002006920                fstat
 .text          0x00000000020069d4       0xf8 ../LEDTile_BSP2\libhal_bsp.a(alt_isatty.o)
                0x0000000002006a24                isatty
 .text          0x0000000002006acc      0x128 ../LEDTile_BSP2\libhal_bsp.a(alt_lseek.o)
                0x0000000002006b1c                lseek
 .text          0x0000000002006bf4       0x78 ../LEDTile_BSP2\libhal_bsp.a(alt_main.o)
                0x0000000002006bf4                alt_main
 .text          0x0000000002006c6c       0x40 ../LEDTile_BSP2\libhal_bsp.a(alt_malloc_lock.o)
                0x0000000002006c6c                __malloc_lock
                0x0000000002006c8c                __malloc_unlock
 .text          0x0000000002006cac      0x148 ../LEDTile_BSP2\libhal_bsp.a(alt_read.o)
                0x0000000002006cfc                read
 .text          0x0000000002006df4       0x80 ../LEDTile_BSP2\libhal_bsp.a(alt_release_fd.o)
                0x0000000002006df4                alt_release_fd
 .text          0x0000000002006e74       0xb0 ../LEDTile_BSP2\libhal_bsp.a(alt_sbrk.o)
                0x0000000002006e74                sbrk
 .text          0x0000000002006f24      0x19c ../LEDTile_BSP2\libhal_bsp.a(alt_tick.o)
                0x0000000002006f24                alt_alarm_stop
                0x0000000002006fbc                alt_tick
 .text          0x00000000020070c0      0x144 ../LEDTile_BSP2\libhal_bsp.a(alt_write.o)
                0x0000000002007110                write
 .text          0x0000000002007204       0xf8 ../LEDTile_BSP2\libhal_bsp.a(alt_sys_init.o)
                0x000000000200723c                alt_irq_init
                0x0000000002007270                alt_sys_init
 .text          0x00000000020072fc      0xafc ../LEDTile_BSP2\libhal_bsp.a(altera_avalon_epcs_flash_controller.o)
                0x0000000002007334                alt_epcs_flash_init
                0x0000000002007868                alt_epcs_flash_write
                0x0000000002007ac8                alt_epcs_flash_get_info
                0x0000000002007be8                alt_epcs_flash_erase_block
                0x0000000002007c5c                alt_epcs_flash_write_block
                0x0000000002007d60                alt_epcs_flash_read
 .text          0x0000000002007df8      0x164 ../LEDTile_BSP2\libhal_bsp.a(altera_avalon_jtag_uart_fd.o)
                0x0000000002007df8                altera_avalon_jtag_uart_read_fd
                0x0000000002007e58                altera_avalon_jtag_uart_write_fd
                0x0000000002007eb8                altera_avalon_jtag_uart_close_fd
                0x0000000002007f08                altera_avalon_jtag_uart_ioctl_fd
 .text          0x0000000002007f5c      0x3c8 ../LEDTile_BSP2\libhal_bsp.a(altera_avalon_jtag_uart_init.o)
                0x0000000002007f5c                altera_avalon_jtag_uart_init
                0x00000000020082bc                altera_avalon_jtag_uart_close
 .text          0x0000000002008324       0xec ../LEDTile_BSP2\libhal_bsp.a(altera_avalon_jtag_uart_ioctl.o)
                0x0000000002008324                altera_avalon_jtag_uart_ioctl
 .text          0x0000000002008410      0x208 ../LEDTile_BSP2\libhal_bsp.a(altera_avalon_jtag_uart_read.o)
                0x0000000002008410                altera_avalon_jtag_uart_read
 .text          0x0000000002008618      0x218 ../LEDTile_BSP2\libhal_bsp.a(altera_avalon_jtag_uart_write.o)
                0x0000000002008618                altera_avalon_jtag_uart_write
 .text          0x0000000002008830       0xfc ../LEDTile_BSP2\libhal_bsp.a(altera_avalon_timer_sc.o)
                0x00000000020088a4                alt_avalon_timer_sc_init
 .text          0x000000000200892c      0x110 ../LEDTile_BSP2\libhal_bsp.a(altera_avalon_uart_fd.o)
                0x000000000200892c                altera_avalon_uart_read_fd
                0x000000000200898c                altera_avalon_uart_write_fd
                0x00000000020089ec                altera_avalon_uart_close_fd
 .text          0x0000000002008a3c      0x3b4 ../LEDTile_BSP2\libhal_bsp.a(altera_avalon_uart_init.o)
                0x0000000002008a3c                altera_avalon_uart_init
                0x0000000002008d9c                altera_avalon_uart_close
 .text          0x0000000002008df0      0x22c ../LEDTile_BSP2\libhal_bsp.a(altera_avalon_uart_read.o)
                0x0000000002008e40                altera_avalon_uart_read
 .text          0x000000000200901c      0x1f8 ../LEDTile_BSP2\libhal_bsp.a(altera_avalon_uart_write.o)
                0x000000000200906c                altera_avalon_uart_write
 .text          0x0000000002009214      0x62c ../LEDTile_BSP2\libhal_bsp.a(epcs_commands.o)
                0x0000000002009214                epcs_read_status_register
                0x00000000020092e0                epcs_sector_erase
                0x00000000020093d8                epcs_read_buffer
                0x00000000020094cc                epcs_write_enable
                0x000000000200951c                epcs_write_status_register
                0x0000000002009584                epcs_write_buffer
                0x00000000020096a0                epcs_read_electronic_signature
                0x0000000002009708                epcs_read_device_id
                0x0000000002009788                epcs_enter_4_bytes_mode
                0x00000000020097e4                epcs_exit_4_bytes_mode
 .text          0x0000000002009840       0xf0 ../LEDTile_BSP2\libhal_bsp.a(alt_dev_llist_insert.o)
                0x0000000002009890                alt_dev_llist_insert
 .text          0x0000000002009930       0x5c ../LEDTile_BSP2\libhal_bsp.a(alt_do_ctors.o)
                0x0000000002009930                _do_ctors
 .text          0x000000000200998c       0x5c ../LEDTile_BSP2\libhal_bsp.a(alt_do_dtors.o)
                0x000000000200998c                _do_dtors
 .text          0x00000000020099e8       0xb8 ../LEDTile_BSP2\libhal_bsp.a(alt_flash_dev.o)
                0x00000000020099e8                alt_flash_open_dev
                0x0000000002009a50                alt_flash_close_dev
 .text          0x0000000002009aa0      0x1d8 ../LEDTile_BSP2\libhal_bsp.a(alt_iic.o)
                0x0000000002009aa0                alt_ic_isr_register
                0x0000000002009af0                alt_ic_irq_enable
                0x0000000002009b8c                alt_ic_irq_disable
                0x0000000002009c2c                alt_ic_irq_enabled
 .text          0x0000000002009c78       0xf0 ../LEDTile_BSP2\libhal_bsp.a(alt_iic_isr_register.o)
                0x0000000002009c78                alt_iic_isr_register
 .text          0x0000000002009d68      0x158 ../LEDTile_BSP2\libhal_bsp.a(alt_io_redirect.o)
                0x0000000002009e48                alt_io_redirect
 .text          0x0000000002009ec0        0x0 ../LEDTile_BSP2\libhal_bsp.a(alt_irq_entry.o)
 .text          0x0000000002009ec0        0x0 ../LEDTile_BSP2\libhal_bsp.a(alt_irq_handler.o)
 .text          0x0000000002009ec0        0x0 ../LEDTile_BSP2\libhal_bsp.a(alt_irq_vars.o)
 .text          0x0000000002009ec0      0x2a0 ../LEDTile_BSP2\libhal_bsp.a(alt_open.o)
                0x000000000200a004                open
 .text          0x000000000200a160       0x20 ../LEDTile_BSP2\libhal_bsp.a(altera_nios2_gen2_irq.o)
                0x000000000200a160                altera_nios2_gen2_irq_init
 .text          0x000000000200a180      0x1fc ../LEDTile_BSP2\libhal_bsp.a(altera_avalon_spi.o)
                0x000000000200a180                alt_avalon_spi_command
 .text          0x000000000200a37c        0x0 ../LEDTile_BSP2\libhal_bsp.a(alt_exception_entry.o)
 .text          0x000000000200a37c       0x90 ../LEDTile_BSP2\libhal_bsp.a(alt_find_dev.o)
                0x000000000200a37c                alt_find_dev
 .text          0x000000000200a40c      0x114 ../LEDTile_BSP2\libhal_bsp.a(alt_find_file.o)
                0x000000000200a40c                alt_find_file
 .text          0x000000000200a520       0xd4 ../LEDTile_BSP2\libhal_bsp.a(alt_get_fd.o)
                0x000000000200a520                alt_get_fd
 .text          0x000000000200a5f4       0xa0 ../LEDTile_BSP2\libhal_bsp.a(alt_instruction_exception_entry.o)
                0x000000000200a5f4                alt_exception_cause_generated_bad_addr
 .text          0x000000000200a694       0x14 c:/altera/14.1/nios2eds/bin/gnu/h-x86_64-mingw32/bin/../lib/gcc/nios2-elf/4.8.3/../../../../../H-x86_64-mingw32/nios2-elf/lib/mno-hw-mul\libc.a(lib_a-atexit.o)
                0x000000000200a694                atexit
 .text          0x000000000200a6a8       0x38 c:/altera/14.1/nios2eds/bin/gnu/h-x86_64-mingw32/bin/../lib/gcc/nios2-elf/4.8.3/../../../../../H-x86_64-mingw32/nios2-elf/lib/mno-hw-mul\libc.a(lib_a-exit.o)
                0x000000000200a6a8                exit
 .text          0x000000000200a6e0       0x7c c:/altera/14.1/nios2eds/bin/gnu/h-x86_64-mingw32/bin/../lib/gcc/nios2-elf/4.8.3/../../../../../H-x86_64-mingw32/nios2-elf/lib/mno-hw-mul\libc.a(lib_a-memcmp.o)
                0x000000000200a6e0                memcmp
 .text          0x000000000200a75c      0x11c c:/altera/14.1/nios2eds/bin/gnu/h-x86_64-mingw32/bin/../lib/gcc/nios2-elf/4.8.3/../../../../../H-x86_64-mingw32/nios2-elf/lib/mno-hw-mul\libc.a(lib_a-__atexit.o)
                0x000000000200a75c                __register_exitproc
 .text          0x000000000200a878      0x1a4 c:/altera/14.1/nios2eds/bin/gnu/h-x86_64-mingw32/bin/../lib/gcc/nios2-elf/4.8.3/../../../../../H-x86_64-mingw32/nios2-elf/lib/mno-hw-mul\libc.a(lib_a-__call_atexit.o)
                0x000000000200a878                __call_exitprocs
 .text          0x000000000200aa1c       0x34 ../LEDTile_BSP2\libhal_bsp.a(alt_exit.o)
                0x000000000200aa1c                _exit
 *(.gnu.warning.*)
 *(.fini)
                0x000000000200aa50                PROVIDE (__etext, ABSOLUTE (.))
                0x000000000200aa50                PROVIDE (_etext, ABSOLUTE (.))
                0x000000000200aa50                PROVIDE (etext, ABSOLUTE (.))
 *(.eh_frame_hdr)
                0x000000000200aa50                . = ALIGN (0x4)
                0x000000000200aa50                PROVIDE (__preinit_array_start, ABSOLUTE (.))
 *(.preinit_array)
                0x000000000200aa50                PROVIDE (__preinit_array_end, ABSOLUTE (.))
                0x000000000200aa50                PROVIDE (__init_array_start, ABSOLUTE (.))
 *(.init_array)
                0x000000000200aa50                PROVIDE (__init_array_end, ABSOLUTE (.))
                0x000000000200aa50                PROVIDE (__fini_array_start, ABSOLUTE (.))
 *(.fini_array)
                0x000000000200aa50                PROVIDE (__fini_array_end, ABSOLUTE (.))
 *(.eh_frame)
 *(.gcc_except_table .gcc_except_table.*)
 *(.dynamic)
                0x000000000200aa50                PROVIDE (__CTOR_LIST__, ABSOLUTE (.))
 *(.ctors)
 *(SORT(.ctors.*))
                0x000000000200aa50                PROVIDE (__CTOR_END__, ABSOLUTE (.))
                0x000000000200aa50                PROVIDE (__DTOR_LIST__, ABSOLUTE (.))
 *(.dtors)
 *(SORT(.dtors.*))
                0x000000000200aa50                PROVIDE (__DTOR_END__, ABSOLUTE (.))
 *(.jcr)
                0x000000000200aa50                . = ALIGN (0x4)

.rodata         0x000000000200aa50    0x72ddc
                0x000000000200aa50                PROVIDE (__ram_rodata_start, ABSOLUTE (.))
                0x000000000200aa50                . = ALIGN (0x4)
 *(.rodata .rodata.* .gnu.linkonce.r.*)
 .rodata        0x000000000200aa50    0x72280 obj/default/main.o
                0x000000000200aa60                question
                0x000000000200ea70                Cid_Walk_Front
                0x0000000002010a84                Rupee
                0x0000000002012a9c                RedPotionZelda1
                0x0000000002013ab0                BombZelda1
                0x0000000002014ac8                FF4Chest
                0x0000000002016ae0                Mushroom
                0x0000000002017b00                Kain_Walk_Left
                0x0000000002019b14                Goomba
                0x000000000201ab2c                CheepCheep
                0x000000000201bb48                KoopaTroopa
                0x000000000201cb5c                Bowser
                0x000000000201db70                Coin
                0x000000000201eb88                MegaMan
                0x000000000201fb9c                Link
                0x0000000002020bb4                Kain
                0x0000000002021bcc                BlueVirus
                0x0000000002022be4                RedSlime
                0x0000000002023bfc                BlueGhost
                0x0000000002024c14                CecilHead
                0x0000000002025c28                Edgar
                0x0000000002026c3c                MacTCP
                0x0000000002027c54                ns6icon
                0x0000000002028c6c                mosaic
                0x0000000002040c8c                Netscapethrobber
                0x0000000002068cac                ie
 .rodata        0x000000000207ccd0      0xa00 ../LEDTileLib/obj/default\libLEDTileLib.a(LEDTileLib.o)
                0x000000000207ccd0                linearRGB
                0x000000000207ced0                cie1931
                0x000000000207d0d0                gamma149half
                0x000000000207d2d0                gamma98half
                0x000000000207d4d0                gamma46half
 .rodata        0x000000000207d6d0      0x100 c:/altera/14.1/nios2eds/bin/gnu/h-x86_64-mingw32/bin/../lib/gcc/nios2-elf/4.8.3/mno-hw-mul\libgcc.a(_clz.o)
                0x000000000207d6d0                __clz_tab
 .rodata.str1.4
                0x000000000207d7d0        0x2 c:/altera/14.1/nios2eds/bin/gnu/h-x86_64-mingw32/bin/../lib/gcc/nios2-elf/4.8.3/../../../../../H-x86_64-mingw32/nios2-elf/lib/mno-hw-mul\libc.a(lib_a-impure.o)
                                          0x4 (size before relaxing)
 *fill*         0x000000000207d7d2        0x2 
 .rodata.str1.4
                0x000000000207d7d4        0x4 c:/altera/14.1/nios2eds/bin/gnu/h-x86_64-mingw32/bin/../lib/gcc/nios2-elf/4.8.3/../../../../../H-x86_64-mingw32/nios2-elf/lib/mno-hw-mul\libc.a(lib_a-puts.o)
 .rodata        0x000000000207d7d8        0xc ../LEDTile_BSP2\libhal_bsp.a(alt_dev.o)
 .rodata        0x000000000207d7e4       0x10 ../LEDTile_BSP2\libhal_bsp.a(alt_main.o)
 .rodata        0x000000000207d7f4       0x38 ../LEDTile_BSP2\libhal_bsp.a(alt_sys_init.o)
 *(.rodata1)
                0x000000000207d82c                . = ALIGN (0x4)
                0x000000000207d82c                PROVIDE (__ram_rodata_end, ABSOLUTE (.))
                0x000000000200aa50                PROVIDE (__flash_rodata_start, LOADADDR (.rodata))

.rwdata         0x000000000207d82c     0x1c80
                0x000000000207d82c                PROVIDE (__ram_rwdata_start, ABSOLUTE (.))
                0x000000000207d82c                . = ALIGN (0x4)
 *(.got.plt)
 *(.got)
 *(.data1)
 *(.data .data.* .gnu.linkonce.d.*)
 .data          0x000000000207d82c        0x0 ../LEDTile_BSP2/obj/HAL/src/crt0.o
 .data          0x000000000207d82c       0x74 obj/default/main.o
                0x000000000207d82c                animations
                0x000000000207d894                halloweenAnimations
 .data          0x000000000207d8a0        0x0 ../LEDTileLib/obj/default\libLEDTileLib.a(LEDTileLib.o)
 .data          0x000000000207d8a0        0x0 c:/altera/14.1/nios2eds/bin/gnu/h-x86_64-mingw32/bin/../lib/gcc/nios2-elf/4.8.3/mno-hw-mul\libgcc.a(lib2-divmod.o)
 .data          0x000000000207d8a0        0x0 c:/altera/14.1/nios2eds/bin/gnu/h-x86_64-mingw32/bin/../lib/gcc/nios2-elf/4.8.3/mno-hw-mul\libgcc.a(divdf3.o)
 .data          0x000000000207d8a0        0x0 c:/altera/14.1/nios2eds/bin/gnu/h-x86_64-mingw32/bin/../lib/gcc/nios2-elf/4.8.3/mno-hw-mul\libgcc.a(muldf3.o)
 .data          0x000000000207d8a0        0x0 c:/altera/14.1/nios2eds/bin/gnu/h-x86_64-mingw32/bin/../lib/gcc/nios2-elf/4.8.3/mno-hw-mul\libgcc.a(fixdfsi.o)
 .data          0x000000000207d8a0        0x0 c:/altera/14.1/nios2eds/bin/gnu/h-x86_64-mingw32/bin/../lib/gcc/nios2-elf/4.8.3/mno-hw-mul\libgcc.a(floatsidf.o)
 .data          0x000000000207d8a0        0x0 c:/altera/14.1/nios2eds/bin/gnu/h-x86_64-mingw32/bin/../lib/gcc/nios2-elf/4.8.3/mno-hw-mul\libgcc.a(_clzsi2.o)
 .data          0x000000000207d8a0        0x0 c:/altera/14.1/nios2eds/bin/gnu/h-x86_64-mingw32/bin/../lib/gcc/nios2-elf/4.8.3/mno-hw-mul\libgcc.a(lib2-mul.o)
 .data          0x000000000207d8a0        0x0 c:/altera/14.1/nios2eds/bin/gnu/h-x86_64-mingw32/bin/../lib/gcc/nios2-elf/4.8.3/mno-hw-mul\libgcc.a(_clz.o)
 .data          0x000000000207d8a0        0x0 c:/altera/14.1/nios2eds/bin/gnu/h-x86_64-mingw32/bin/../lib/gcc/nios2-elf/4.8.3/../../../../../H-x86_64-mingw32/nios2-elf/lib/mno-hw-mul\libc.a(lib_a-getc.o)
 .data          0x000000000207d8a0      0x424 c:/altera/14.1/nios2eds/bin/gnu/h-x86_64-mingw32/bin/../lib/gcc/nios2-elf/4.8.3/../../../../../H-x86_64-mingw32/nios2-elf/lib/mno-hw-mul\libc.a(lib_a-impure.o)
 .data          0x000000000207dcc4        0x0 c:/altera/14.1/nios2eds/bin/gnu/h-x86_64-mingw32/bin/../lib/gcc/nios2-elf/4.8.3/../../../../../H-x86_64-mingw32/nios2-elf/lib/mno-hw-mul\libc.a(lib_a-putchar.o)
 .data          0x000000000207dcc4        0x0 c:/altera/14.1/nios2eds/bin/gnu/h-x86_64-mingw32/bin/../lib/gcc/nios2-elf/4.8.3/../../../../../H-x86_64-mingw32/nios2-elf/lib/mno-hw-mul\libc.a(lib_a-puts.o)
 .data          0x000000000207dcc4        0x0 c:/altera/14.1/nios2eds/bin/gnu/h-x86_64-mingw32/bin/../lib/gcc/nios2-elf/4.8.3/../../../../../H-x86_64-mingw32/nios2-elf/lib/mno-hw-mul\libc.a(lib_a-rget.o)
 .data          0x000000000207dcc4        0x0 c:/altera/14.1/nios2eds/bin/gnu/h-x86_64-mingw32/bin/../lib/gcc/nios2-elf/4.8.3/../../../../../H-x86_64-mingw32/nios2-elf/lib/mno-hw-mul\libc.a(lib_a-strlen.o)
 .data          0x000000000207dcc4        0x0 c:/altera/14.1/nios2eds/bin/gnu/h-x86_64-mingw32/bin/../lib/gcc/nios2-elf/4.8.3/../../../../../H-x86_64-mingw32/nios2-elf/lib/mno-hw-mul\libc.a(lib_a-findfp.o)
 .data          0x000000000207dcc4        0x0 c:/altera/14.1/nios2eds/bin/gnu/h-x86_64-mingw32/bin/../lib/gcc/nios2-elf/4.8.3/../../../../../H-x86_64-mingw32/nios2-elf/lib/mno-hw-mul\libc.a(lib_a-fvwrite.o)
 .data          0x000000000207dcc4        0x0 c:/altera/14.1/nios2eds/bin/gnu/h-x86_64-mingw32/bin/../lib/gcc/nios2-elf/4.8.3/../../../../../H-x86_64-mingw32/nios2-elf/lib/mno-hw-mul\libc.a(lib_a-fwalk.o)
 .data          0x000000000207dcc4      0x408 c:/altera/14.1/nios2eds/bin/gnu/h-x86_64-mingw32/bin/../lib/gcc/nios2-elf/4.8.3/../../../../../H-x86_64-mingw32/nios2-elf/lib/mno-hw-mul\libc.a(lib_a-mallocr.o)
                0x000000000207dcc4                __malloc_av_
 .data          0x000000000207e0cc        0x0 c:/altera/14.1/nios2eds/bin/gnu/h-x86_64-mingw32/bin/../lib/gcc/nios2-elf/4.8.3/../../../../../H-x86_64-mingw32/nios2-elf/lib/mno-hw-mul\libc.a(lib_a-memchr.o)
 .data          0x000000000207e0cc        0x0 c:/altera/14.1/nios2eds/bin/gnu/h-x86_64-mingw32/bin/../lib/gcc/nios2-elf/4.8.3/../../../../../H-x86_64-mingw32/nios2-elf/lib/mno-hw-mul\libc.a(lib_a-memcpy.o)
 .data          0x000000000207e0cc        0x0 c:/altera/14.1/nios2eds/bin/gnu/h-x86_64-mingw32/bin/../lib/gcc/nios2-elf/4.8.3/../../../../../H-x86_64-mingw32/nios2-elf/lib/mno-hw-mul\libc.a(lib_a-memmove.o)
 .data          0x000000000207e0cc        0x0 c:/altera/14.1/nios2eds/bin/gnu/h-x86_64-mingw32/bin/../lib/gcc/nios2-elf/4.8.3/../../../../../H-x86_64-mingw32/nios2-elf/lib/mno-hw-mul\libc.a(lib_a-memset.o)
 .data          0x000000000207e0cc        0x0 c:/altera/14.1/nios2eds/bin/gnu/h-x86_64-mingw32/bin/../lib/gcc/nios2-elf/4.8.3/../../../../../H-x86_64-mingw32/nios2-elf/lib/mno-hw-mul\libc.a(lib_a-putc.o)
 .data          0x000000000207e0cc        0x0 c:/altera/14.1/nios2eds/bin/gnu/h-x86_64-mingw32/bin/../lib/gcc/nios2-elf/4.8.3/../../../../../H-x86_64-mingw32/nios2-elf/lib/mno-hw-mul\libc.a(lib_a-reallocr.o)
 .data          0x000000000207e0cc        0x0 c:/altera/14.1/nios2eds/bin/gnu/h-x86_64-mingw32/bin/../lib/gcc/nios2-elf/4.8.3/../../../../../H-x86_64-mingw32/nios2-elf/lib/mno-hw-mul\libc.a(lib_a-refill.o)
 .data          0x000000000207e0cc        0x0 c:/altera/14.1/nios2eds/bin/gnu/h-x86_64-mingw32/bin/../lib/gcc/nios2-elf/4.8.3/../../../../../H-x86_64-mingw32/nios2-elf/lib/mno-hw-mul\libc.a(lib_a-sbrkr.o)
 .data          0x000000000207e0cc        0x0 c:/altera/14.1/nios2eds/bin/gnu/h-x86_64-mingw32/bin/../lib/gcc/nios2-elf/4.8.3/../../../../../H-x86_64-mingw32/nios2-elf/lib/mno-hw-mul\libc.a(lib_a-stdio.o)
 .data          0x000000000207e0cc        0x0 c:/altera/14.1/nios2eds/bin/gnu/h-x86_64-mingw32/bin/../lib/gcc/nios2-elf/4.8.3/../../../../../H-x86_64-mingw32/nios2-elf/lib/mno-hw-mul\libc.a(lib_a-wbuf.o)
 .data          0x000000000207e0cc        0x0 c:/altera/14.1/nios2eds/bin/gnu/h-x86_64-mingw32/bin/../lib/gcc/nios2-elf/4.8.3/../../../../../H-x86_64-mingw32/nios2-elf/lib/mno-hw-mul\libc.a(lib_a-writer.o)
 .data          0x000000000207e0cc        0x0 c:/altera/14.1/nios2eds/bin/gnu/h-x86_64-mingw32/bin/../lib/gcc/nios2-elf/4.8.3/../../../../../H-x86_64-mingw32/nios2-elf/lib/mno-hw-mul\libc.a(lib_a-wsetup.o)
 .data          0x000000000207e0cc        0x0 c:/altera/14.1/nios2eds/bin/gnu/h-x86_64-mingw32/bin/../lib/gcc/nios2-elf/4.8.3/../../../../../H-x86_64-mingw32/nios2-elf/lib/mno-hw-mul\libc.a(closer.o)
 .data          0x000000000207e0cc        0x0 c:/altera/14.1/nios2eds/bin/gnu/h-x86_64-mingw32/bin/../lib/gcc/nios2-elf/4.8.3/../../../../../H-x86_64-mingw32/nios2-elf/lib/mno-hw-mul\libc.a(lib_a-fclose.o)
 .data          0x000000000207e0cc        0x0 c:/altera/14.1/nios2eds/bin/gnu/h-x86_64-mingw32/bin/../lib/gcc/nios2-elf/4.8.3/../../../../../H-x86_64-mingw32/nios2-elf/lib/mno-hw-mul\libc.a(lib_a-fflush.o)
 .data          0x000000000207e0cc        0x0 c:/altera/14.1/nios2eds/bin/gnu/h-x86_64-mingw32/bin/../lib/gcc/nios2-elf/4.8.3/../../../../../H-x86_64-mingw32/nios2-elf/lib/mno-hw-mul\libc.a(lib_a-freer.o)
 .data          0x000000000207e0cc        0x0 c:/altera/14.1/nios2eds/bin/gnu/h-x86_64-mingw32/bin/../lib/gcc/nios2-elf/4.8.3/../../../../../H-x86_64-mingw32/nios2-elf/lib/mno-hw-mul\libc.a(lib_a-int_errno.o)
 .data          0x000000000207e0cc        0x0 c:/altera/14.1/nios2eds/bin/gnu/h-x86_64-mingw32/bin/../lib/gcc/nios2-elf/4.8.3/../../../../../H-x86_64-mingw32/nios2-elf/lib/mno-hw-mul\libc.a(lib_a-lseekr.o)
 .data          0x000000000207e0cc        0x0 c:/altera/14.1/nios2eds/bin/gnu/h-x86_64-mingw32/bin/../lib/gcc/nios2-elf/4.8.3/../../../../../H-x86_64-mingw32/nios2-elf/lib/mno-hw-mul\libc.a(lib_a-makebuf.o)
 .data          0x000000000207e0cc        0x0 c:/altera/14.1/nios2eds/bin/gnu/h-x86_64-mingw32/bin/../lib/gcc/nios2-elf/4.8.3/../../../../../H-x86_64-mingw32/nios2-elf/lib/mno-hw-mul\libc.a(lib_a-readr.o)
 .data          0x000000000207e0cc        0x0 c:/altera/14.1/nios2eds/bin/gnu/h-x86_64-mingw32/bin/../lib/gcc/nios2-elf/4.8.3/../../../../../H-x86_64-mingw32/nios2-elf/lib/mno-hw-mul\libc.a(lib_a-fstatr.o)
 .data          0x000000000207e0cc        0x0 c:/altera/14.1/nios2eds/bin/gnu/h-x86_64-mingw32/bin/../lib/gcc/nios2-elf/4.8.3/../../../../../H-x86_64-mingw32/nios2-elf/lib/mno-hw-mul\libc.a(lib_a-isattyr.o)
 .data          0x000000000207e0cc        0x0 ../LEDTile_BSP2\libhal_bsp.a(alt_alarm_start.o)
 .data          0x000000000207e0cc        0x0 ../LEDTile_BSP2\libhal_bsp.a(alt_close.o)
 .data          0x000000000207e0cc      0x1a8 ../LEDTile_BSP2\libhal_bsp.a(alt_dev.o)
                0x000000000207e0cc                alt_dev_null
                0x000000000207e0f4                alt_fd_list
 .data          0x000000000207e274        0x0 ../LEDTile_BSP2\libhal_bsp.a(alt_errno.o)
 .data          0x000000000207e274        0x0 ../LEDTile_BSP2\libhal_bsp.a(alt_fstat.o)
 .data          0x000000000207e274        0x0 ../LEDTile_BSP2\libhal_bsp.a(alt_isatty.o)
 .data          0x000000000207e274        0x0 ../LEDTile_BSP2\libhal_bsp.a(alt_lseek.o)
 .data          0x000000000207e274        0x0 ../LEDTile_BSP2\libhal_bsp.a(alt_main.o)
 .data          0x000000000207e274        0x0 ../LEDTile_BSP2\libhal_bsp.a(alt_malloc_lock.o)
 .data          0x000000000207e274        0x0 ../LEDTile_BSP2\libhal_bsp.a(alt_read.o)
 .data          0x000000000207e274        0x0 ../LEDTile_BSP2\libhal_bsp.a(alt_release_fd.o)
 .data          0x000000000207e274        0x0 ../LEDTile_BSP2\libhal_bsp.a(alt_sbrk.o)
 .data          0x000000000207e274        0x0 ../LEDTile_BSP2\libhal_bsp.a(alt_tick.o)
 .data          0x000000000207e274        0x0 ../LEDTile_BSP2\libhal_bsp.a(alt_write.o)
 .data          0x000000000207e274     0x11ec ../LEDTile_BSP2\libhal_bsp.a(alt_sys_init.o)
 .data          0x000000000207f460        0x0 ../LEDTile_BSP2\libhal_bsp.a(altera_avalon_epcs_flash_controller.o)
 .data          0x000000000207f460        0x0 ../LEDTile_BSP2\libhal_bsp.a(altera_avalon_jtag_uart_fd.o)
 .data          0x000000000207f460        0x0 ../LEDTile_BSP2\libhal_bsp.a(altera_avalon_jtag_uart_init.o)
 .data          0x000000000207f460        0x0 ../LEDTile_BSP2\libhal_bsp.a(altera_avalon_jtag_uart_ioctl.o)
 .data          0x000000000207f460        0x0 ../LEDTile_BSP2\libhal_bsp.a(altera_avalon_jtag_uart_read.o)
 .data          0x000000000207f460        0x0 ../LEDTile_BSP2\libhal_bsp.a(altera_avalon_jtag_uart_write.o)
 .data          0x000000000207f460        0x0 ../LEDTile_BSP2\libhal_bsp.a(altera_avalon_timer_sc.o)
 .data          0x000000000207f460        0x0 ../LEDTile_BSP2\libhal_bsp.a(altera_avalon_uart_fd.o)
 .data          0x000000000207f460        0x0 ../LEDTile_BSP2\libhal_bsp.a(altera_avalon_uart_init.o)
 .data          0x000000000207f460        0x0 ../LEDTile_BSP2\libhal_bsp.a(altera_avalon_uart_read.o)
 .data          0x000000000207f460        0x0 ../LEDTile_BSP2\libhal_bsp.a(altera_avalon_uart_write.o)
 .data          0x000000000207f460        0x0 ../LEDTile_BSP2\libhal_bsp.a(epcs_commands.o)
 .data          0x000000000207f460        0x0 ../LEDTile_BSP2\libhal_bsp.a(alt_dev_llist_insert.o)
 .data          0x000000000207f460        0x0 ../LEDTile_BSP2\libhal_bsp.a(alt_do_ctors.o)
 .data          0x000000000207f460        0x0 ../LEDTile_BSP2\libhal_bsp.a(alt_do_dtors.o)
 .data          0x000000000207f460        0x0 ../LEDTile_BSP2\libhal_bsp.a(alt_flash_dev.o)
 .data          0x000000000207f460        0x0 ../LEDTile_BSP2\libhal_bsp.a(alt_iic.o)
 .data          0x000000000207f460        0x0 ../LEDTile_BSP2\libhal_bsp.a(alt_iic_isr_register.o)
 .data          0x000000000207f460        0x0 ../LEDTile_BSP2\libhal_bsp.a(alt_io_redirect.o)
 .data          0x000000000207f460        0x0 ../LEDTile_BSP2\libhal_bsp.a(alt_irq_entry.o)
 .data          0x000000000207f460        0x0 ../LEDTile_BSP2\libhal_bsp.a(alt_irq_handler.o)
 .data          0x000000000207f460        0x0 ../LEDTile_BSP2\libhal_bsp.a(alt_irq_vars.o)
 .data          0x000000000207f460        0x0 ../LEDTile_BSP2\libhal_bsp.a(alt_open.o)
 .data          0x000000000207f460        0x0 ../LEDTile_BSP2\libhal_bsp.a(altera_nios2_gen2_irq.o)
 .data          0x000000000207f460        0x0 ../LEDTile_BSP2\libhal_bsp.a(altera_avalon_spi.o)
 .data          0x000000000207f460        0x0 ../LEDTile_BSP2\libhal_bsp.a(alt_exception_entry.o)
 .data          0x000000000207f460        0x0 ../LEDTile_BSP2\libhal_bsp.a(alt_find_dev.o)
 .data          0x000000000207f460        0x0 ../LEDTile_BSP2\libhal_bsp.a(alt_find_file.o)
 .data          0x000000000207f460        0x0 ../LEDTile_BSP2\libhal_bsp.a(alt_get_fd.o)
 .data          0x000000000207f460        0x0 ../LEDTile_BSP2\libhal_bsp.a(alt_instruction_exception_entry.o)
 .data          0x000000000207f460        0x0 c:/altera/14.1/nios2eds/bin/gnu/h-x86_64-mingw32/bin/../lib/gcc/nios2-elf/4.8.3/../../../../../H-x86_64-mingw32/nios2-elf/lib/mno-hw-mul\libc.a(lib_a-atexit.o)
 .data          0x000000000207f460        0x0 c:/altera/14.1/nios2eds/bin/gnu/h-x86_64-mingw32/bin/../lib/gcc/nios2-elf/4.8.3/../../../../../H-x86_64-mingw32/nios2-elf/lib/mno-hw-mul\libc.a(lib_a-exit.o)
 .data          0x000000000207f460        0x0 c:/altera/14.1/nios2eds/bin/gnu/h-x86_64-mingw32/bin/../lib/gcc/nios2-elf/4.8.3/../../../../../H-x86_64-mingw32/nios2-elf/lib/mno-hw-mul\libc.a(lib_a-memcmp.o)
 .data          0x000000000207f460        0x0 c:/altera/14.1/nios2eds/bin/gnu/h-x86_64-mingw32/bin/../lib/gcc/nios2-elf/4.8.3/../../../../../H-x86_64-mingw32/nios2-elf/lib/mno-hw-mul\libc.a(lib_a-__atexit.o)
 .data          0x000000000207f460        0x0 c:/altera/14.1/nios2eds/bin/gnu/h-x86_64-mingw32/bin/../lib/gcc/nios2-elf/4.8.3/../../../../../H-x86_64-mingw32/nios2-elf/lib/mno-hw-mul\libc.a(lib_a-__call_atexit.o)
 .data          0x000000000207f460        0x0 ../LEDTile_BSP2\libhal_bsp.a(alt_exit.o)
                0x0000000002087460                _gp = ABSOLUTE ((. + 0x8000))
                0x0000000002087460                PROVIDE (gp, _gp)
 *(.rwdata .rwdata.*)
 *(.sdata .sdata.* .gnu.linkonce.s.*)
 .sdata         0x000000000207f460        0xc obj/default/main.o
                0x000000000207f460                numAnimations
                0x000000000207f464                numHalloweenAnimations
                0x000000000207f468                numBitmaps
 .sdata         0x000000000207f46c        0x8 c:/altera/14.1/nios2eds/bin/gnu/h-x86_64-mingw32/bin/../lib/gcc/nios2-elf/4.8.3/../../../../../H-x86_64-mingw32/nios2-elf/lib/mno-hw-mul\libc.a(lib_a-impure.o)
                0x000000000207f46c                _global_impure_ptr
                0x000000000207f470                _impure_ptr
 .sdata         0x000000000207f474        0x8 c:/altera/14.1/nios2eds/bin/gnu/h-x86_64-mingw32/bin/../lib/gcc/nios2-elf/4.8.3/../../../../../H-x86_64-mingw32/nios2-elf/lib/mno-hw-mul\libc.a(lib_a-mallocr.o)
                0x000000000207f474                __malloc_sbrk_base
                0x000000000207f478                __malloc_trim_threshold
 .sdata         0x000000000207f47c       0x14 ../LEDTile_BSP2\libhal_bsp.a(alt_dev.o)
                0x000000000207f47c                alt_fs_list
                0x000000000207f484                alt_dev_list
                0x000000000207f48c                alt_max_fd
 .sdata         0x000000000207f490        0x4 ../LEDTile_BSP2\libhal_bsp.a(alt_errno.o)
                0x000000000207f490                alt_errno
 .sdata         0x000000000207f494        0x4 ../LEDTile_BSP2\libhal_bsp.a(alt_sbrk.o)
 .sdata         0x000000000207f498        0x8 ../LEDTile_BSP2\libhal_bsp.a(alt_tick.o)
                0x000000000207f498                alt_alarm_list
 .sdata         0x000000000207f4a0        0x8 ../LEDTile_BSP2\libhal_bsp.a(alt_flash_dev.o)
                0x000000000207f4a0                alt_flash_dev_list
 .sdata         0x000000000207f4a8        0x4 ../LEDTile_BSP2\libhal_bsp.a(alt_irq_vars.o)
                0x000000000207f4a8                alt_priority_mask
 *(.sdata2 .sdata2.* .gnu.linkonce.s2.*)
                0x000000000207f4ac                . = ALIGN (0x4)
                0x000000000207f4ac                _edata = ABSOLUTE (.)
                0x000000000207f4ac                PROVIDE (edata, ABSOLUTE (.))
                0x000000000207f4ac                PROVIDE (__ram_rwdata_end, ABSOLUTE (.))
                0x000000000207d82c                PROVIDE (__flash_rwdata_start, LOADADDR (.rwdata))

.bss            0x000000000207f4ac      0x178
                0x000000000207f4ac                __bss_start = ABSOLUTE (.)
                0x000000000207f4ac                PROVIDE (__sbss_start, ABSOLUTE (.))
                0x000000000207f4ac                PROVIDE (___sbss_start, ABSOLUTE (.))
 *(.dynsbss)
 *(.sbss .sbss.* .gnu.linkonce.sb.*)
 .sbss          0x000000000207f4ac        0x8 obj/default/main.o
                0x000000000207f4ac                state
 .sbss          0x000000000207f4b4        0x4 obj/default/main.o
                0x000000000207f4b4                currentAnimation
 .sbss          0x000000000207f4b8        0xc c:/altera/14.1/nios2eds/bin/gnu/h-x86_64-mingw32/bin/../lib/gcc/nios2-elf/4.8.3/../../../../../H-x86_64-mingw32/nios2-elf/lib/mno-hw-mul\libc.a(lib_a-mallocr.o)
                0x000000000207f4b8                __malloc_max_total_mem
                0x000000000207f4bc                __malloc_max_sbrked_mem
                0x000000000207f4c0                __malloc_top_pad
 .sbss          0x000000000207f4c4        0x4 c:/altera/14.1/nios2eds/bin/gnu/h-x86_64-mingw32/bin/../lib/gcc/nios2-elf/4.8.3/../../../../../H-x86_64-mingw32/nios2-elf/lib/mno-hw-mul\libc.a(lib_a-int_errno.o)
                0x000000000207f4c4                errno
 .sbss          0x000000000207f4c8        0xc ../LEDTile_BSP2\libhal_bsp.a(alt_main.o)
                0x000000000207f4c8                alt_argc
                0x000000000207f4cc                alt_argv
                0x000000000207f4d0                alt_envp
 .sbss          0x000000000207f4d4        0x8 ../LEDTile_BSP2\libhal_bsp.a(alt_tick.o)
                0x000000000207f4d4                _alt_tick_rate
                0x000000000207f4d8                _alt_nticks
 .sbss          0x000000000207f4dc        0x4 ../LEDTile_BSP2\libhal_bsp.a(alt_irq_vars.o)
                0x000000000207f4dc                alt_irq_active
 .sbss          0x000000000207f4e0        0x4 ../LEDTile_BSP2\libhal_bsp.a(alt_instruction_exception_entry.o)
                0x000000000207f4e0                alt_instruction_exception_handler
 *(.sbss2 .sbss2.* .gnu.linkonce.sb2.*)
 *(.scommon)
                0x000000000207f4e4                PROVIDE (__sbss_end, ABSOLUTE (.))
                0x000000000207f4e4                PROVIDE (___sbss_end, ABSOLUTE (.))
 *(.dynbss)
 *(.bss .bss.* .gnu.linkonce.b.*)
 .bss           0x000000000207f4e4        0x0 ../LEDTile_BSP2/obj/HAL/src/crt0.o
 .bss           0x000000000207f4e4       0x18 obj/default/main.o
 .bss           0x000000000207f4fc        0x0 ../LEDTileLib/obj/default\libLEDTileLib.a(LEDTileLib.o)
 .bss           0x000000000207f4fc        0x0 c:/altera/14.1/nios2eds/bin/gnu/h-x86_64-mingw32/bin/../lib/gcc/nios2-elf/4.8.3/mno-hw-mul\libgcc.a(lib2-divmod.o)
 .bss           0x000000000207f4fc        0x0 c:/altera/14.1/nios2eds/bin/gnu/h-x86_64-mingw32/bin/../lib/gcc/nios2-elf/4.8.3/mno-hw-mul\libgcc.a(divdf3.o)
 .bss           0x000000000207f4fc        0x0 c:/altera/14.1/nios2eds/bin/gnu/h-x86_64-mingw32/bin/../lib/gcc/nios2-elf/4.8.3/mno-hw-mul\libgcc.a(muldf3.o)
 .bss           0x000000000207f4fc        0x0 c:/altera/14.1/nios2eds/bin/gnu/h-x86_64-mingw32/bin/../lib/gcc/nios2-elf/4.8.3/mno-hw-mul\libgcc.a(fixdfsi.o)
 .bss           0x000000000207f4fc        0x0 c:/altera/14.1/nios2eds/bin/gnu/h-x86_64-mingw32/bin/../lib/gcc/nios2-elf/4.8.3/mno-hw-mul\libgcc.a(floatsidf.o)
 .bss           0x000000000207f4fc        0x0 c:/altera/14.1/nios2eds/bin/gnu/h-x86_64-mingw32/bin/../lib/gcc/nios2-elf/4.8.3/mno-hw-mul\libgcc.a(_clzsi2.o)
 .bss           0x000000000207f4fc        0x0 c:/altera/14.1/nios2eds/bin/gnu/h-x86_64-mingw32/bin/../lib/gcc/nios2-elf/4.8.3/mno-hw-mul\libgcc.a(lib2-mul.o)
 .bss           0x000000000207f4fc        0x0 c:/altera/14.1/nios2eds/bin/gnu/h-x86_64-mingw32/bin/../lib/gcc/nios2-elf/4.8.3/mno-hw-mul\libgcc.a(_clz.o)
 .bss           0x000000000207f4fc        0x0 c:/altera/14.1/nios2eds/bin/gnu/h-x86_64-mingw32/bin/../lib/gcc/nios2-elf/4.8.3/../../../../../H-x86_64-mingw32/nios2-elf/lib/mno-hw-mul\libc.a(lib_a-getc.o)
 .bss           0x000000000207f4fc        0x0 c:/altera/14.1/nios2eds/bin/gnu/h-x86_64-mingw32/bin/../lib/gcc/nios2-elf/4.8.3/../../../../../H-x86_64-mingw32/nios2-elf/lib/mno-hw-mul\libc.a(lib_a-impure.o)
 .bss           0x000000000207f4fc        0x0 c:/altera/14.1/nios2eds/bin/gnu/h-x86_64-mingw32/bin/../lib/gcc/nios2-elf/4.8.3/../../../../../H-x86_64-mingw32/nios2-elf/lib/mno-hw-mul\libc.a(lib_a-putchar.o)
 .bss           0x000000000207f4fc        0x0 c:/altera/14.1/nios2eds/bin/gnu/h-x86_64-mingw32/bin/../lib/gcc/nios2-elf/4.8.3/../../../../../H-x86_64-mingw32/nios2-elf/lib/mno-hw-mul\libc.a(lib_a-puts.o)
 .bss           0x000000000207f4fc        0x0 c:/altera/14.1/nios2eds/bin/gnu/h-x86_64-mingw32/bin/../lib/gcc/nios2-elf/4.8.3/../../../../../H-x86_64-mingw32/nios2-elf/lib/mno-hw-mul\libc.a(lib_a-rget.o)
 .bss           0x000000000207f4fc        0x0 c:/altera/14.1/nios2eds/bin/gnu/h-x86_64-mingw32/bin/../lib/gcc/nios2-elf/4.8.3/../../../../../H-x86_64-mingw32/nios2-elf/lib/mno-hw-mul\libc.a(lib_a-strlen.o)
 .bss           0x000000000207f4fc        0x0 c:/altera/14.1/nios2eds/bin/gnu/h-x86_64-mingw32/bin/../lib/gcc/nios2-elf/4.8.3/../../../../../H-x86_64-mingw32/nios2-elf/lib/mno-hw-mul\libc.a(lib_a-findfp.o)
 .bss           0x000000000207f4fc        0x0 c:/altera/14.1/nios2eds/bin/gnu/h-x86_64-mingw32/bin/../lib/gcc/nios2-elf/4.8.3/../../../../../H-x86_64-mingw32/nios2-elf/lib/mno-hw-mul\libc.a(lib_a-fvwrite.o)
 .bss           0x000000000207f4fc        0x0 c:/altera/14.1/nios2eds/bin/gnu/h-x86_64-mingw32/bin/../lib/gcc/nios2-elf/4.8.3/../../../../../H-x86_64-mingw32/nios2-elf/lib/mno-hw-mul\libc.a(lib_a-fwalk.o)
 .bss           0x000000000207f4fc       0x28 c:/altera/14.1/nios2eds/bin/gnu/h-x86_64-mingw32/bin/../lib/gcc/nios2-elf/4.8.3/../../../../../H-x86_64-mingw32/nios2-elf/lib/mno-hw-mul\libc.a(lib_a-mallocr.o)
                0x000000000207f4fc                __malloc_current_mallinfo
 .bss           0x000000000207f524        0x0 c:/altera/14.1/nios2eds/bin/gnu/h-x86_64-mingw32/bin/../lib/gcc/nios2-elf/4.8.3/../../../../../H-x86_64-mingw32/nios2-elf/lib/mno-hw-mul\libc.a(lib_a-memchr.o)
 .bss           0x000000000207f524        0x0 c:/altera/14.1/nios2eds/bin/gnu/h-x86_64-mingw32/bin/../lib/gcc/nios2-elf/4.8.3/../../../../../H-x86_64-mingw32/nios2-elf/lib/mno-hw-mul\libc.a(lib_a-memcpy.o)
 .bss           0x000000000207f524        0x0 c:/altera/14.1/nios2eds/bin/gnu/h-x86_64-mingw32/bin/../lib/gcc/nios2-elf/4.8.3/../../../../../H-x86_64-mingw32/nios2-elf/lib/mno-hw-mul\libc.a(lib_a-memmove.o)
 .bss           0x000000000207f524        0x0 c:/altera/14.1/nios2eds/bin/gnu/h-x86_64-mingw32/bin/../lib/gcc/nios2-elf/4.8.3/../../../../../H-x86_64-mingw32/nios2-elf/lib/mno-hw-mul\libc.a(lib_a-memset.o)
 .bss           0x000000000207f524        0x0 c:/altera/14.1/nios2eds/bin/gnu/h-x86_64-mingw32/bin/../lib/gcc/nios2-elf/4.8.3/../../../../../H-x86_64-mingw32/nios2-elf/lib/mno-hw-mul\libc.a(lib_a-putc.o)
 .bss           0x000000000207f524        0x0 c:/altera/14.1/nios2eds/bin/gnu/h-x86_64-mingw32/bin/../lib/gcc/nios2-elf/4.8.3/../../../../../H-x86_64-mingw32/nios2-elf/lib/mno-hw-mul\libc.a(lib_a-reallocr.o)
 .bss           0x000000000207f524        0x0 c:/altera/14.1/nios2eds/bin/gnu/h-x86_64-mingw32/bin/../lib/gcc/nios2-elf/4.8.3/../../../../../H-x86_64-mingw32/nios2-elf/lib/mno-hw-mul\libc.a(lib_a-refill.o)
 .bss           0x000000000207f524        0x0 c:/altera/14.1/nios2eds/bin/gnu/h-x86_64-mingw32/bin/../lib/gcc/nios2-elf/4.8.3/../../../../../H-x86_64-mingw32/nios2-elf/lib/mno-hw-mul\libc.a(lib_a-sbrkr.o)
 .bss           0x000000000207f524        0x0 c:/altera/14.1/nios2eds/bin/gnu/h-x86_64-mingw32/bin/../lib/gcc/nios2-elf/4.8.3/../../../../../H-x86_64-mingw32/nios2-elf/lib/mno-hw-mul\libc.a(lib_a-stdio.o)
 .bss           0x000000000207f524        0x0 c:/altera/14.1/nios2eds/bin/gnu/h-x86_64-mingw32/bin/../lib/gcc/nios2-elf/4.8.3/../../../../../H-x86_64-mingw32/nios2-elf/lib/mno-hw-mul\libc.a(lib_a-wbuf.o)
 .bss           0x000000000207f524        0x0 c:/altera/14.1/nios2eds/bin/gnu/h-x86_64-mingw32/bin/../lib/gcc/nios2-elf/4.8.3/../../../../../H-x86_64-mingw32/nios2-elf/lib/mno-hw-mul\libc.a(lib_a-writer.o)
 .bss           0x000000000207f524        0x0 c:/altera/14.1/nios2eds/bin/gnu/h-x86_64-mingw32/bin/../lib/gcc/nios2-elf/4.8.3/../../../../../H-x86_64-mingw32/nios2-elf/lib/mno-hw-mul\libc.a(lib_a-wsetup.o)
 .bss           0x000000000207f524        0x0 c:/altera/14.1/nios2eds/bin/gnu/h-x86_64-mingw32/bin/../lib/gcc/nios2-elf/4.8.3/../../../../../H-x86_64-mingw32/nios2-elf/lib/mno-hw-mul\libc.a(closer.o)
 .bss           0x000000000207f524        0x0 c:/altera/14.1/nios2eds/bin/gnu/h-x86_64-mingw32/bin/../lib/gcc/nios2-elf/4.8.3/../../../../../H-x86_64-mingw32/nios2-elf/lib/mno-hw-mul\libc.a(lib_a-fclose.o)
 .bss           0x000000000207f524        0x0 c:/altera/14.1/nios2eds/bin/gnu/h-x86_64-mingw32/bin/../lib/gcc/nios2-elf/4.8.3/../../../../../H-x86_64-mingw32/nios2-elf/lib/mno-hw-mul\libc.a(lib_a-fflush.o)
 .bss           0x000000000207f524        0x0 c:/altera/14.1/nios2eds/bin/gnu/h-x86_64-mingw32/bin/../lib/gcc/nios2-elf/4.8.3/../../../../../H-x86_64-mingw32/nios2-elf/lib/mno-hw-mul\libc.a(lib_a-freer.o)
 .bss           0x000000000207f524        0x0 c:/altera/14.1/nios2eds/bin/gnu/h-x86_64-mingw32/bin/../lib/gcc/nios2-elf/4.8.3/../../../../../H-x86_64-mingw32/nios2-elf/lib/mno-hw-mul\libc.a(lib_a-int_errno.o)
 .bss           0x000000000207f524        0x0 c:/altera/14.1/nios2eds/bin/gnu/h-x86_64-mingw32/bin/../lib/gcc/nios2-elf/4.8.3/../../../../../H-x86_64-mingw32/nios2-elf/lib/mno-hw-mul\libc.a(lib_a-lseekr.o)
 .bss           0x000000000207f524        0x0 c:/altera/14.1/nios2eds/bin/gnu/h-x86_64-mingw32/bin/../lib/gcc/nios2-elf/4.8.3/../../../../../H-x86_64-mingw32/nios2-elf/lib/mno-hw-mul\libc.a(lib_a-makebuf.o)
 .bss           0x000000000207f524        0x0 c:/altera/14.1/nios2eds/bin/gnu/h-x86_64-mingw32/bin/../lib/gcc/nios2-elf/4.8.3/../../../../../H-x86_64-mingw32/nios2-elf/lib/mno-hw-mul\libc.a(lib_a-readr.o)
 .bss           0x000000000207f524        0x0 c:/altera/14.1/nios2eds/bin/gnu/h-x86_64-mingw32/bin/../lib/gcc/nios2-elf/4.8.3/../../../../../H-x86_64-mingw32/nios2-elf/lib/mno-hw-mul\libc.a(lib_a-fstatr.o)
 .bss           0x000000000207f524        0x0 c:/altera/14.1/nios2eds/bin/gnu/h-x86_64-mingw32/bin/../lib/gcc/nios2-elf/4.8.3/../../../../../H-x86_64-mingw32/nios2-elf/lib/mno-hw-mul\libc.a(lib_a-isattyr.o)
 .bss           0x000000000207f524        0x0 ../LEDTile_BSP2\libhal_bsp.a(alt_alarm_start.o)
 .bss           0x000000000207f524        0x0 ../LEDTile_BSP2\libhal_bsp.a(alt_close.o)
 .bss           0x000000000207f524        0x0 ../LEDTile_BSP2\libhal_bsp.a(alt_dev.o)
 .bss           0x000000000207f524        0x0 ../LEDTile_BSP2\libhal_bsp.a(alt_errno.o)
 .bss           0x000000000207f524        0x0 ../LEDTile_BSP2\libhal_bsp.a(alt_fstat.o)
 .bss           0x000000000207f524        0x0 ../LEDTile_BSP2\libhal_bsp.a(alt_isatty.o)
 .bss           0x000000000207f524        0x0 ../LEDTile_BSP2\libhal_bsp.a(alt_lseek.o)
 .bss           0x000000000207f524        0x0 ../LEDTile_BSP2\libhal_bsp.a(alt_main.o)
 .bss           0x000000000207f524        0x0 ../LEDTile_BSP2\libhal_bsp.a(alt_malloc_lock.o)
 .bss           0x000000000207f524        0x0 ../LEDTile_BSP2\libhal_bsp.a(alt_read.o)
 .bss           0x000000000207f524        0x0 ../LEDTile_BSP2\libhal_bsp.a(alt_release_fd.o)
 .bss           0x000000000207f524        0x0 ../LEDTile_BSP2\libhal_bsp.a(alt_sbrk.o)
 .bss           0x000000000207f524        0x0 ../LEDTile_BSP2\libhal_bsp.a(alt_tick.o)
 .bss           0x000000000207f524        0x0 ../LEDTile_BSP2\libhal_bsp.a(alt_write.o)
 .bss           0x000000000207f524        0x0 ../LEDTile_BSP2\libhal_bsp.a(alt_sys_init.o)
 .bss           0x000000000207f524        0x0 ../LEDTile_BSP2\libhal_bsp.a(altera_avalon_epcs_flash_controller.o)
 .bss           0x000000000207f524        0x0 ../LEDTile_BSP2\libhal_bsp.a(altera_avalon_jtag_uart_fd.o)
 .bss           0x000000000207f524        0x0 ../LEDTile_BSP2\libhal_bsp.a(altera_avalon_jtag_uart_init.o)
 .bss           0x000000000207f524        0x0 ../LEDTile_BSP2\libhal_bsp.a(altera_avalon_jtag_uart_ioctl.o)
 .bss           0x000000000207f524        0x0 ../LEDTile_BSP2\libhal_bsp.a(altera_avalon_jtag_uart_read.o)
 .bss           0x000000000207f524        0x0 ../LEDTile_BSP2\libhal_bsp.a(altera_avalon_jtag_uart_write.o)
 .bss           0x000000000207f524        0x0 ../LEDTile_BSP2\libhal_bsp.a(altera_avalon_timer_sc.o)
 .bss           0x000000000207f524        0x0 ../LEDTile_BSP2\libhal_bsp.a(altera_avalon_uart_fd.o)
 .bss           0x000000000207f524        0x0 ../LEDTile_BSP2\libhal_bsp.a(altera_avalon_uart_init.o)
 .bss           0x000000000207f524        0x0 ../LEDTile_BSP2\libhal_bsp.a(altera_avalon_uart_read.o)
 .bss           0x000000000207f524        0x0 ../LEDTile_BSP2\libhal_bsp.a(altera_avalon_uart_write.o)
 .bss           0x000000000207f524        0x0 ../LEDTile_BSP2\libhal_bsp.a(epcs_commands.o)
 .bss           0x000000000207f524        0x0 ../LEDTile_BSP2\libhal_bsp.a(alt_dev_llist_insert.o)
 .bss           0x000000000207f524        0x0 ../LEDTile_BSP2\libhal_bsp.a(alt_do_ctors.o)
 .bss           0x000000000207f524        0x0 ../LEDTile_BSP2\libhal_bsp.a(alt_do_dtors.o)
 .bss           0x000000000207f524        0x0 ../LEDTile_BSP2\libhal_bsp.a(alt_flash_dev.o)
 .bss           0x000000000207f524        0x0 ../LEDTile_BSP2\libhal_bsp.a(alt_iic.o)
 .bss           0x000000000207f524        0x0 ../LEDTile_BSP2\libhal_bsp.a(alt_iic_isr_register.o)
 .bss           0x000000000207f524        0x0 ../LEDTile_BSP2\libhal_bsp.a(alt_io_redirect.o)
 .bss           0x000000000207f524        0x0 ../LEDTile_BSP2\libhal_bsp.a(alt_irq_entry.o)
 .bss           0x000000000207f524        0x0 ../LEDTile_BSP2\libhal_bsp.a(alt_irq_handler.o)
 .bss           0x000000000207f524        0x0 ../LEDTile_BSP2\libhal_bsp.a(alt_irq_vars.o)
 .bss           0x000000000207f524        0x0 ../LEDTile_BSP2\libhal_bsp.a(alt_open.o)
 .bss           0x000000000207f524        0x0 ../LEDTile_BSP2\libhal_bsp.a(altera_nios2_gen2_irq.o)
 .bss           0x000000000207f524        0x0 ../LEDTile_BSP2\libhal_bsp.a(altera_avalon_spi.o)
 .bss           0x000000000207f524        0x0 ../LEDTile_BSP2\libhal_bsp.a(alt_exception_entry.o)
 .bss           0x000000000207f524        0x0 ../LEDTile_BSP2\libhal_bsp.a(alt_find_dev.o)
 .bss           0x000000000207f524        0x0 ../LEDTile_BSP2\libhal_bsp.a(alt_find_file.o)
 .bss           0x000000000207f524        0x0 ../LEDTile_BSP2\libhal_bsp.a(alt_get_fd.o)
 .bss           0x000000000207f524        0x0 ../LEDTile_BSP2\libhal_bsp.a(alt_instruction_exception_entry.o)
 .bss           0x000000000207f524        0x0 c:/altera/14.1/nios2eds/bin/gnu/h-x86_64-mingw32/bin/../lib/gcc/nios2-elf/4.8.3/../../../../../H-x86_64-mingw32/nios2-elf/lib/mno-hw-mul\libc.a(lib_a-atexit.o)
 .bss           0x000000000207f524        0x0 c:/altera/14.1/nios2eds/bin/gnu/h-x86_64-mingw32/bin/../lib/gcc/nios2-elf/4.8.3/../../../../../H-x86_64-mingw32/nios2-elf/lib/mno-hw-mul\libc.a(lib_a-exit.o)
 .bss           0x000000000207f524        0x0 c:/altera/14.1/nios2eds/bin/gnu/h-x86_64-mingw32/bin/../lib/gcc/nios2-elf/4.8.3/../../../../../H-x86_64-mingw32/nios2-elf/lib/mno-hw-mul\libc.a(lib_a-memcmp.o)
 .bss           0x000000000207f524        0x0 c:/altera/14.1/nios2eds/bin/gnu/h-x86_64-mingw32/bin/../lib/gcc/nios2-elf/4.8.3/../../../../../H-x86_64-mingw32/nios2-elf/lib/mno-hw-mul\libc.a(lib_a-__atexit.o)
 .bss           0x000000000207f524        0x0 c:/altera/14.1/nios2eds/bin/gnu/h-x86_64-mingw32/bin/../lib/gcc/nios2-elf/4.8.3/../../../../../H-x86_64-mingw32/nios2-elf/lib/mno-hw-mul\libc.a(lib_a-__call_atexit.o)
 .bss           0x000000000207f524        0x0 ../LEDTile_BSP2\libhal_bsp.a(alt_exit.o)
 *(COMMON)
 COMMON         0x000000000207f524      0x100 ../LEDTile_BSP2\libhal_bsp.a(alt_irq_handler.o)
                0x000000000207f524                alt_irq
                0x000000000207f624                . = ALIGN (0x4)
                0x000000000207f624                __bss_end = ABSOLUTE (.)

.sdram_controller
                0x000000000207f624        0x0
                0x000000000207f624                PROVIDE (_alt_partition_sdram_controller_start, ABSOLUTE (.))
 *(.sdram_controller .sdram_controller. sdram_controller.*)
                0x000000000207f624                . = ALIGN (0x4)
                0x000000000207f624                PROVIDE (_alt_partition_sdram_controller_end, ABSOLUTE (.))
                0x000000000207f624                _end = ABSOLUTE (.)
                0x000000000207f624                end = ABSOLUTE (.)
                0x000000000207f624                __alt_stack_base = ABSOLUTE (.)
                0x000000000207f624                PROVIDE (_alt_partition_sdram_controller_load_addr, LOADADDR (.sdram_controller))

.onchip_memory2
                0x0000000004000000        0x0
                0x0000000004000000                PROVIDE (_alt_partition_onchip_memory2_start, ABSOLUTE (.))
 *(.onchip_memory2 .onchip_memory2. onchip_memory2.*)
                0x0000000004000000                . = ALIGN (0x4)
                0x0000000004000000                PROVIDE (_alt_partition_onchip_memory2_end, ABSOLUTE (.))
                0x0000000004000000                PROVIDE (_alt_partition_onchip_memory2_load_addr, LOADADDR (.onchip_memory2))

.epcs_flash_controller
                0x0000000004009020        0x0
                0x0000000004009020                PROVIDE (_alt_partition_epcs_flash_controller_start, ABSOLUTE (.))
 *(.epcs_flash_controller .epcs_flash_controller. epcs_flash_controller.*)
                0x0000000004009020                . = ALIGN (0x4)
                0x0000000004009020                PROVIDE (_alt_partition_epcs_flash_controller_end, ABSOLUTE (.))
                0x0000000004009020                PROVIDE (_alt_partition_epcs_flash_controller_load_addr, LOADADDR (.epcs_flash_controller))

.stab
 *(.stab)

.stabstr
 *(.stabstr)

.stab.excl
 *(.stab.excl)

.stab.exclstr
 *(.stab.exclstr)

.stab.index
 *(.stab.index)

.stab.indexstr
 *(.stab.indexstr)

.comment        0x0000000000000000       0x39
 *(.comment)
 .comment       0x0000000000000000       0x39 obj/default/main.o
                                         0x3a (size before relaxing)
 .comment       0x0000000000000000       0x3a ../LEDTileLib/obj/default\libLEDTileLib.a(LEDTileLib.o)
 .comment       0x0000000000000000       0x3a c:/altera/14.1/nios2eds/bin/gnu/h-x86_64-mingw32/bin/../lib/gcc/nios2-elf/4.8.3/mno-hw-mul\libgcc.a(lib2-divmod.o)
 .comment       0x0000000000000000       0x3a c:/altera/14.1/nios2eds/bin/gnu/h-x86_64-mingw32/bin/../lib/gcc/nios2-elf/4.8.3/mno-hw-mul\libgcc.a(divdf3.o)
 .comment       0x0000000000000000       0x3a c:/altera/14.1/nios2eds/bin/gnu/h-x86_64-mingw32/bin/../lib/gcc/nios2-elf/4.8.3/mno-hw-mul\libgcc.a(muldf3.o)
 .comment       0x0000000000000000       0x3a c:/altera/14.1/nios2eds/bin/gnu/h-x86_64-mingw32/bin/../lib/gcc/nios2-elf/4.8.3/mno-hw-mul\libgcc.a(fixdfsi.o)
 .comment       0x0000000000000000       0x3a c:/altera/14.1/nios2eds/bin/gnu/h-x86_64-mingw32/bin/../lib/gcc/nios2-elf/4.8.3/mno-hw-mul\libgcc.a(floatsidf.o)
 .comment       0x0000000000000000       0x3a c:/altera/14.1/nios2eds/bin/gnu/h-x86_64-mingw32/bin/../lib/gcc/nios2-elf/4.8.3/mno-hw-mul\libgcc.a(_clzsi2.o)
 .comment       0x0000000000000000       0x3a c:/altera/14.1/nios2eds/bin/gnu/h-x86_64-mingw32/bin/../lib/gcc/nios2-elf/4.8.3/mno-hw-mul\libgcc.a(lib2-mul.o)
 .comment       0x0000000000000000       0x3a c:/altera/14.1/nios2eds/bin/gnu/h-x86_64-mingw32/bin/../lib/gcc/nios2-elf/4.8.3/mno-hw-mul\libgcc.a(_clz.o)
 .comment       0x0000000000000000       0x3a c:/altera/14.1/nios2eds/bin/gnu/h-x86_64-mingw32/bin/../lib/gcc/nios2-elf/4.8.3/../../../../../H-x86_64-mingw32/nios2-elf/lib/mno-hw-mul\libc.a(lib_a-getc.o)
 .comment       0x0000000000000000       0x3a c:/altera/14.1/nios2eds/bin/gnu/h-x86_64-mingw32/bin/../lib/gcc/nios2-elf/4.8.3/../../../../../H-x86_64-mingw32/nios2-elf/lib/mno-hw-mul\libc.a(lib_a-impure.o)
 .comment       0x0000000000000000       0x3a c:/altera/14.1/nios2eds/bin/gnu/h-x86_64-mingw32/bin/../lib/gcc/nios2-elf/4.8.3/../../../../../H-x86_64-mingw32/nios2-elf/lib/mno-hw-mul\libc.a(lib_a-putchar.o)
 .comment       0x0000000000000000       0x3a c:/altera/14.1/nios2eds/bin/gnu/h-x86_64-mingw32/bin/../lib/gcc/nios2-elf/4.8.3/../../../../../H-x86_64-mingw32/nios2-elf/lib/mno-hw-mul\libc.a(lib_a-puts.o)
 .comment       0x0000000000000000       0x3a c:/altera/14.1/nios2eds/bin/gnu/h-x86_64-mingw32/bin/../lib/gcc/nios2-elf/4.8.3/../../../../../H-x86_64-mingw32/nios2-elf/lib/mno-hw-mul\libc.a(lib_a-rget.o)
 .comment       0x0000000000000000       0x3a c:/altera/14.1/nios2eds/bin/gnu/h-x86_64-mingw32/bin/../lib/gcc/nios2-elf/4.8.3/../../../../../H-x86_64-mingw32/nios2-elf/lib/mno-hw-mul\libc.a(lib_a-strlen.o)
 .comment       0x0000000000000000       0x3a c:/altera/14.1/nios2eds/bin/gnu/h-x86_64-mingw32/bin/../lib/gcc/nios2-elf/4.8.3/../../../../../H-x86_64-mingw32/nios2-elf/lib/mno-hw-mul\libc.a(lib_a-findfp.o)
 .comment       0x0000000000000000       0x3a c:/altera/14.1/nios2eds/bin/gnu/h-x86_64-mingw32/bin/../lib/gcc/nios2-elf/4.8.3/../../../../../H-x86_64-mingw32/nios2-elf/lib/mno-hw-mul\libc.a(lib_a-fvwrite.o)
 .comment       0x0000000000000000       0x3a c:/altera/14.1/nios2eds/bin/gnu/h-x86_64-mingw32/bin/../lib/gcc/nios2-elf/4.8.3/../../../../../H-x86_64-mingw32/nios2-elf/lib/mno-hw-mul\libc.a(lib_a-fwalk.o)
 .comment       0x0000000000000000       0x3a c:/altera/14.1/nios2eds/bin/gnu/h-x86_64-mingw32/bin/../lib/gcc/nios2-elf/4.8.3/../../../../../H-x86_64-mingw32/nios2-elf/lib/mno-hw-mul\libc.a(lib_a-mallocr.o)
 .comment       0x0000000000000000       0x3a c:/altera/14.1/nios2eds/bin/gnu/h-x86_64-mingw32/bin/../lib/gcc/nios2-elf/4.8.3/../../../../../H-x86_64-mingw32/nios2-elf/lib/mno-hw-mul\libc.a(lib_a-memchr.o)
 .comment       0x0000000000000000       0x3a c:/altera/14.1/nios2eds/bin/gnu/h-x86_64-mingw32/bin/../lib/gcc/nios2-elf/4.8.3/../../../../../H-x86_64-mingw32/nios2-elf/lib/mno-hw-mul\libc.a(lib_a-memcpy.o)
 .comment       0x0000000000000000       0x3a c:/altera/14.1/nios2eds/bin/gnu/h-x86_64-mingw32/bin/../lib/gcc/nios2-elf/4.8.3/../../../../../H-x86_64-mingw32/nios2-elf/lib/mno-hw-mul\libc.a(lib_a-memmove.o)
 .comment       0x0000000000000000       0x3a c:/altera/14.1/nios2eds/bin/gnu/h-x86_64-mingw32/bin/../lib/gcc/nios2-elf/4.8.3/../../../../../H-x86_64-mingw32/nios2-elf/lib/mno-hw-mul\libc.a(lib_a-memset.o)
 .comment       0x0000000000000000       0x3a c:/altera/14.1/nios2eds/bin/gnu/h-x86_64-mingw32/bin/../lib/gcc/nios2-elf/4.8.3/../../../../../H-x86_64-mingw32/nios2-elf/lib/mno-hw-mul\libc.a(lib_a-putc.o)
 .comment       0x0000000000000000       0x3a c:/altera/14.1/nios2eds/bin/gnu/h-x86_64-mingw32/bin/../lib/gcc/nios2-elf/4.8.3/../../../../../H-x86_64-mingw32/nios2-elf/lib/mno-hw-mul\libc.a(lib_a-reallocr.o)
 .comment       0x0000000000000000       0x3a c:/altera/14.1/nios2eds/bin/gnu/h-x86_64-mingw32/bin/../lib/gcc/nios2-elf/4.8.3/../../../../../H-x86_64-mingw32/nios2-elf/lib/mno-hw-mul\libc.a(lib_a-refill.o)
 .comment       0x0000000000000000       0x3a c:/altera/14.1/nios2eds/bin/gnu/h-x86_64-mingw32/bin/../lib/gcc/nios2-elf/4.8.3/../../../../../H-x86_64-mingw32/nios2-elf/lib/mno-hw-mul\libc.a(lib_a-sbrkr.o)
 .comment       0x0000000000000000       0x3a c:/altera/14.1/nios2eds/bin/gnu/h-x86_64-mingw32/bin/../lib/gcc/nios2-elf/4.8.3/../../../../../H-x86_64-mingw32/nios2-elf/lib/mno-hw-mul\libc.a(lib_a-stdio.o)
 .comment       0x0000000000000000       0x3a c:/altera/14.1/nios2eds/bin/gnu/h-x86_64-mingw32/bin/../lib/gcc/nios2-elf/4.8.3/../../../../../H-x86_64-mingw32/nios2-elf/lib/mno-hw-mul\libc.a(lib_a-wbuf.o)
 .comment       0x0000000000000000       0x3a c:/altera/14.1/nios2eds/bin/gnu/h-x86_64-mingw32/bin/../lib/gcc/nios2-elf/4.8.3/../../../../../H-x86_64-mingw32/nios2-elf/lib/mno-hw-mul\libc.a(lib_a-writer.o)
 .comment       0x0000000000000000       0x3a c:/altera/14.1/nios2eds/bin/gnu/h-x86_64-mingw32/bin/../lib/gcc/nios2-elf/4.8.3/../../../../../H-x86_64-mingw32/nios2-elf/lib/mno-hw-mul\libc.a(lib_a-wsetup.o)
 .comment       0x0000000000000000       0x3a c:/altera/14.1/nios2eds/bin/gnu/h-x86_64-mingw32/bin/../lib/gcc/nios2-elf/4.8.3/../../../../../H-x86_64-mingw32/nios2-elf/lib/mno-hw-mul\libc.a(closer.o)
 .comment       0x0000000000000000       0x3a c:/altera/14.1/nios2eds/bin/gnu/h-x86_64-mingw32/bin/../lib/gcc/nios2-elf/4.8.3/../../../../../H-x86_64-mingw32/nios2-elf/lib/mno-hw-mul\libc.a(lib_a-fclose.o)
 .comment       0x0000000000000000       0x3a c:/altera/14.1/nios2eds/bin/gnu/h-x86_64-mingw32/bin/../lib/gcc/nios2-elf/4.8.3/../../../../../H-x86_64-mingw32/nios2-elf/lib/mno-hw-mul\libc.a(lib_a-fflush.o)
 .comment       0x0000000000000000       0x3a c:/altera/14.1/nios2eds/bin/gnu/h-x86_64-mingw32/bin/../lib/gcc/nios2-elf/4.8.3/../../../../../H-x86_64-mingw32/nios2-elf/lib/mno-hw-mul\libc.a(lib_a-freer.o)
 .comment       0x0000000000000000       0x3a c:/altera/14.1/nios2eds/bin/gnu/h-x86_64-mingw32/bin/../lib/gcc/nios2-elf/4.8.3/../../../../../H-x86_64-mingw32/nios2-elf/lib/mno-hw-mul\libc.a(lib_a-int_errno.o)
 .comment       0x0000000000000000       0x3a c:/altera/14.1/nios2eds/bin/gnu/h-x86_64-mingw32/bin/../lib/gcc/nios2-elf/4.8.3/../../../../../H-x86_64-mingw32/nios2-elf/lib/mno-hw-mul\libc.a(lib_a-lseekr.o)
 .comment       0x0000000000000000       0x3a c:/altera/14.1/nios2eds/bin/gnu/h-x86_64-mingw32/bin/../lib/gcc/nios2-elf/4.8.3/../../../../../H-x86_64-mingw32/nios2-elf/lib/mno-hw-mul\libc.a(lib_a-makebuf.o)
 .comment       0x0000000000000000       0x3a c:/altera/14.1/nios2eds/bin/gnu/h-x86_64-mingw32/bin/../lib/gcc/nios2-elf/4.8.3/../../../../../H-x86_64-mingw32/nios2-elf/lib/mno-hw-mul\libc.a(lib_a-readr.o)
 .comment       0x0000000000000000       0x3a c:/altera/14.1/nios2eds/bin/gnu/h-x86_64-mingw32/bin/../lib/gcc/nios2-elf/4.8.3/../../../../../H-x86_64-mingw32/nios2-elf/lib/mno-hw-mul\libc.a(lib_a-fstatr.o)
 .comment       0x0000000000000000       0x3a c:/altera/14.1/nios2eds/bin/gnu/h-x86_64-mingw32/bin/../lib/gcc/nios2-elf/4.8.3/../../../../../H-x86_64-mingw32/nios2-elf/lib/mno-hw-mul\libc.a(lib_a-isattyr.o)
 .comment       0x0000000000000000       0x3a ../LEDTile_BSP2\libhal_bsp.a(alt_alarm_start.o)
 .comment       0x0000000000000000       0x3a ../LEDTile_BSP2\libhal_bsp.a(alt_close.o)
 .comment       0x0000000000000000       0x3a ../LEDTile_BSP2\libhal_bsp.a(alt_dev.o)
 .comment       0x0000000000000000       0x3a ../LEDTile_BSP2\libhal_bsp.a(alt_errno.o)
 .comment       0x0000000000000000       0x3a ../LEDTile_BSP2\libhal_bsp.a(alt_fstat.o)
 .comment       0x0000000000000000       0x3a ../LEDTile_BSP2\libhal_bsp.a(alt_isatty.o)
 .comment       0x0000000000000000       0x3a ../LEDTile_BSP2\libhal_bsp.a(alt_lseek.o)
 .comment       0x0000000000000000       0x3a ../LEDTile_BSP2\libhal_bsp.a(alt_main.o)
 .comment       0x0000000000000000       0x3a ../LEDTile_BSP2\libhal_bsp.a(alt_malloc_lock.o)
 .comment       0x0000000000000000       0x3a ../LEDTile_BSP2\libhal_bsp.a(alt_read.o)
 .comment       0x0000000000000000       0x3a ../LEDTile_BSP2\libhal_bsp.a(alt_release_fd.o)
 .comment       0x0000000000000000       0x3a ../LEDTile_BSP2\libhal_bsp.a(alt_sbrk.o)
 .comment       0x0000000000000000       0x3a ../LEDTile_BSP2\libhal_bsp.a(alt_tick.o)
 .comment       0x0000000000000000       0x3a ../LEDTile_BSP2\libhal_bsp.a(alt_write.o)
 .comment       0x0000000000000000       0x3a ../LEDTile_BSP2\libhal_bsp.a(alt_sys_init.o)
 .comment       0x0000000000000000       0x3a ../LEDTile_BSP2\libhal_bsp.a(altera_avalon_epcs_flash_controller.o)
 .comment       0x0000000000000000       0x3a ../LEDTile_BSP2\libhal_bsp.a(altera_avalon_jtag_uart_fd.o)
 .comment       0x0000000000000000       0x3a ../LEDTile_BSP2\libhal_bsp.a(altera_avalon_jtag_uart_init.o)
 .comment       0x0000000000000000       0x3a ../LEDTile_BSP2\libhal_bsp.a(altera_avalon_jtag_uart_ioctl.o)
 .comment       0x0000000000000000       0x3a ../LEDTile_BSP2\libhal_bsp.a(altera_avalon_jtag_uart_read.o)
 .comment       0x0000000000000000       0x3a ../LEDTile_BSP2\libhal_bsp.a(altera_avalon_jtag_uart_write.o)
 .comment       0x0000000000000000       0x3a ../LEDTile_BSP2\libhal_bsp.a(altera_avalon_timer_sc.o)
 .comment       0x0000000000000000       0x3a ../LEDTile_BSP2\libhal_bsp.a(altera_avalon_uart_fd.o)
 .comment       0x0000000000000000       0x3a ../LEDTile_BSP2\libhal_bsp.a(altera_avalon_uart_init.o)
 .comment       0x0000000000000000       0x3a ../LEDTile_BSP2\libhal_bsp.a(altera_avalon_uart_read.o)
 .comment       0x0000000000000000       0x3a ../LEDTile_BSP2\libhal_bsp.a(altera_avalon_uart_write.o)
 .comment       0x0000000000000000       0x3a ../LEDTile_BSP2\libhal_bsp.a(epcs_commands.o)
 .comment       0x0000000000000000       0x3a ../LEDTile_BSP2\libhal_bsp.a(alt_dev_llist_insert.o)
 .comment       0x0000000000000000       0x3a ../LEDTile_BSP2\libhal_bsp.a(alt_do_ctors.o)
 .comment       0x0000000000000000       0x3a ../LEDTile_BSP2\libhal_bsp.a(alt_do_dtors.o)
 .comment       0x0000000000000000       0x3a ../LEDTile_BSP2\libhal_bsp.a(alt_flash_dev.o)
 .comment       0x0000000000000000       0x3a ../LEDTile_BSP2\libhal_bsp.a(alt_iic.o)
 .comment       0x0000000000000000       0x3a ../LEDTile_BSP2\libhal_bsp.a(alt_iic_isr_register.o)
 .comment       0x0000000000000000       0x3a ../LEDTile_BSP2\libhal_bsp.a(alt_io_redirect.o)
 .comment       0x0000000000000000       0x3a ../LEDTile_BSP2\libhal_bsp.a(alt_irq_handler.o)
 .comment       0x0000000000000000       0x3a ../LEDTile_BSP2\libhal_bsp.a(alt_irq_vars.o)
 .comment       0x0000000000000000       0x3a ../LEDTile_BSP2\libhal_bsp.a(alt_open.o)
 .comment       0x0000000000000000       0x3a ../LEDTile_BSP2\libhal_bsp.a(altera_nios2_gen2_irq.o)
 .comment       0x0000000000000000       0x3a ../LEDTile_BSP2\libhal_bsp.a(altera_avalon_spi.o)
 .comment       0x0000000000000000       0x3a ../LEDTile_BSP2\libhal_bsp.a(alt_find_dev.o)
 .comment       0x0000000000000000       0x3a ../LEDTile_BSP2\libhal_bsp.a(alt_find_file.o)
 .comment       0x0000000000000000       0x3a ../LEDTile_BSP2\libhal_bsp.a(alt_get_fd.o)
 .comment       0x0000000000000000       0x3a ../LEDTile_BSP2\libhal_bsp.a(alt_instruction_exception_entry.o)
 .comment       0x0000000000000000       0x3a c:/altera/14.1/nios2eds/bin/gnu/h-x86_64-mingw32/bin/../lib/gcc/nios2-elf/4.8.3/../../../../../H-x86_64-mingw32/nios2-elf/lib/mno-hw-mul\libc.a(lib_a-atexit.o)
 .comment       0x0000000000000000       0x3a c:/altera/14.1/nios2eds/bin/gnu/h-x86_64-mingw32/bin/../lib/gcc/nios2-elf/4.8.3/../../../../../H-x86_64-mingw32/nios2-elf/lib/mno-hw-mul\libc.a(lib_a-exit.o)
 .comment       0x0000000000000000       0x3a c:/altera/14.1/nios2eds/bin/gnu/h-x86_64-mingw32/bin/../lib/gcc/nios2-elf/4.8.3/../../../../../H-x86_64-mingw32/nios2-elf/lib/mno-hw-mul\libc.a(lib_a-memcmp.o)
 .comment       0x0000000000000000       0x3a c:/altera/14.1/nios2eds/bin/gnu/h-x86_64-mingw32/bin/../lib/gcc/nios2-elf/4.8.3/../../../../../H-x86_64-mingw32/nios2-elf/lib/mno-hw-mul\libc.a(lib_a-__atexit.o)
 .comment       0x0000000000000000       0x3a c:/altera/14.1/nios2eds/bin/gnu/h-x86_64-mingw32/bin/../lib/gcc/nios2-elf/4.8.3/../../../../../H-x86_64-mingw32/nios2-elf/lib/mno-hw-mul\libc.a(lib_a-__call_atexit.o)
 .comment       0x0000000000000000       0x3a ../LEDTile_BSP2\libhal_bsp.a(alt_exit.o)

.debug
 *(.debug)

.line
 *(.line)

.debug_srcinfo
 *(.debug_srcinfo)

.debug_sfnames
 *(.debug_sfnames)

.debug_aranges  0x0000000000000000      0xbc8
 *(.debug_aranges)
 .debug_aranges
                0x0000000000000000       0x20 ../LEDTile_BSP2/obj/HAL/src/crt0.o
 .debug_aranges
                0x0000000000000020       0x20 obj/default/main.o
 .debug_aranges
                0x0000000000000040       0x20 ../LEDTileLib/obj/default\libLEDTileLib.a(LEDTileLib.o)
 .debug_aranges
                0x0000000000000060       0x20 c:/altera/14.1/nios2eds/bin/gnu/h-x86_64-mingw32/bin/../lib/gcc/nios2-elf/4.8.3/mno-hw-mul\libgcc.a(lib2-divmod.o)
 .debug_aranges
                0x0000000000000080       0x20 c:/altera/14.1/nios2eds/bin/gnu/h-x86_64-mingw32/bin/../lib/gcc/nios2-elf/4.8.3/mno-hw-mul\libgcc.a(divdf3.o)
 .debug_aranges
                0x00000000000000a0       0x20 c:/altera/14.1/nios2eds/bin/gnu/h-x86_64-mingw32/bin/../lib/gcc/nios2-elf/4.8.3/mno-hw-mul\libgcc.a(muldf3.o)
 .debug_aranges
                0x00000000000000c0       0x20 c:/altera/14.1/nios2eds/bin/gnu/h-x86_64-mingw32/bin/../lib/gcc/nios2-elf/4.8.3/mno-hw-mul\libgcc.a(fixdfsi.o)
 .debug_aranges
                0x00000000000000e0       0x20 c:/altera/14.1/nios2eds/bin/gnu/h-x86_64-mingw32/bin/../lib/gcc/nios2-elf/4.8.3/mno-hw-mul\libgcc.a(floatsidf.o)
 .debug_aranges
                0x0000000000000100       0x20 c:/altera/14.1/nios2eds/bin/gnu/h-x86_64-mingw32/bin/../lib/gcc/nios2-elf/4.8.3/mno-hw-mul\libgcc.a(_clzsi2.o)
 .debug_aranges
                0x0000000000000120       0x20 c:/altera/14.1/nios2eds/bin/gnu/h-x86_64-mingw32/bin/../lib/gcc/nios2-elf/4.8.3/mno-hw-mul\libgcc.a(lib2-mul.o)
 .debug_aranges
                0x0000000000000140       0x18 c:/altera/14.1/nios2eds/bin/gnu/h-x86_64-mingw32/bin/../lib/gcc/nios2-elf/4.8.3/mno-hw-mul\libgcc.a(_clz.o)
 .debug_aranges
                0x0000000000000158       0x20 c:/altera/14.1/nios2eds/bin/gnu/h-x86_64-mingw32/bin/../lib/gcc/nios2-elf/4.8.3/../../../../../H-x86_64-mingw32/nios2-elf/lib/mno-hw-mul\libc.a(lib_a-getc.o)
 .debug_aranges
                0x0000000000000178       0x18 c:/altera/14.1/nios2eds/bin/gnu/h-x86_64-mingw32/bin/../lib/gcc/nios2-elf/4.8.3/../../../../../H-x86_64-mingw32/nios2-elf/lib/mno-hw-mul\libc.a(lib_a-impure.o)
 .debug_aranges
                0x0000000000000190       0x20 c:/altera/14.1/nios2eds/bin/gnu/h-x86_64-mingw32/bin/../lib/gcc/nios2-elf/4.8.3/../../../../../H-x86_64-mingw32/nios2-elf/lib/mno-hw-mul\libc.a(lib_a-putchar.o)
 .debug_aranges
                0x00000000000001b0       0x20 c:/altera/14.1/nios2eds/bin/gnu/h-x86_64-mingw32/bin/../lib/gcc/nios2-elf/4.8.3/../../../../../H-x86_64-mingw32/nios2-elf/lib/mno-hw-mul\libc.a(lib_a-puts.o)
 .debug_aranges
                0x00000000000001d0       0x20 c:/altera/14.1/nios2eds/bin/gnu/h-x86_64-mingw32/bin/../lib/gcc/nios2-elf/4.8.3/../../../../../H-x86_64-mingw32/nios2-elf/lib/mno-hw-mul\libc.a(lib_a-rget.o)
 .debug_aranges
                0x00000000000001f0       0x20 c:/altera/14.1/nios2eds/bin/gnu/h-x86_64-mingw32/bin/../lib/gcc/nios2-elf/4.8.3/../../../../../H-x86_64-mingw32/nios2-elf/lib/mno-hw-mul\libc.a(lib_a-strlen.o)
 .debug_aranges
                0x0000000000000210       0x20 c:/altera/14.1/nios2eds/bin/gnu/h-x86_64-mingw32/bin/../lib/gcc/nios2-elf/4.8.3/../../../../../H-x86_64-mingw32/nios2-elf/lib/mno-hw-mul\libc.a(lib_a-findfp.o)
 .debug_aranges
                0x0000000000000230       0x20 c:/altera/14.1/nios2eds/bin/gnu/h-x86_64-mingw32/bin/../lib/gcc/nios2-elf/4.8.3/../../../../../H-x86_64-mingw32/nios2-elf/lib/mno-hw-mul\libc.a(lib_a-fvwrite.o)
 .debug_aranges
                0x0000000000000250       0x20 c:/altera/14.1/nios2eds/bin/gnu/h-x86_64-mingw32/bin/../lib/gcc/nios2-elf/4.8.3/../../../../../H-x86_64-mingw32/nios2-elf/lib/mno-hw-mul\libc.a(lib_a-fwalk.o)
 .debug_aranges
                0x0000000000000270       0x20 c:/altera/14.1/nios2eds/bin/gnu/h-x86_64-mingw32/bin/../lib/gcc/nios2-elf/4.8.3/../../../../../H-x86_64-mingw32/nios2-elf/lib/mno-hw-mul\libc.a(lib_a-mallocr.o)
 .debug_aranges
                0x0000000000000290       0x20 c:/altera/14.1/nios2eds/bin/gnu/h-x86_64-mingw32/bin/../lib/gcc/nios2-elf/4.8.3/../../../../../H-x86_64-mingw32/nios2-elf/lib/mno-hw-mul\libc.a(lib_a-memchr.o)
 .debug_aranges
                0x00000000000002b0       0x20 c:/altera/14.1/nios2eds/bin/gnu/h-x86_64-mingw32/bin/../lib/gcc/nios2-elf/4.8.3/../../../../../H-x86_64-mingw32/nios2-elf/lib/mno-hw-mul\libc.a(lib_a-memcpy.o)
 .debug_aranges
                0x00000000000002d0       0x20 c:/altera/14.1/nios2eds/bin/gnu/h-x86_64-mingw32/bin/../lib/gcc/nios2-elf/4.8.3/../../../../../H-x86_64-mingw32/nios2-elf/lib/mno-hw-mul\libc.a(lib_a-memmove.o)
 .debug_aranges
                0x00000000000002f0       0x20 c:/altera/14.1/nios2eds/bin/gnu/h-x86_64-mingw32/bin/../lib/gcc/nios2-elf/4.8.3/../../../../../H-x86_64-mingw32/nios2-elf/lib/mno-hw-mul\libc.a(lib_a-memset.o)
 .debug_aranges
                0x0000000000000310       0x20 c:/altera/14.1/nios2eds/bin/gnu/h-x86_64-mingw32/bin/../lib/gcc/nios2-elf/4.8.3/../../../../../H-x86_64-mingw32/nios2-elf/lib/mno-hw-mul\libc.a(lib_a-putc.o)
 .debug_aranges
                0x0000000000000330       0x20 c:/altera/14.1/nios2eds/bin/gnu/h-x86_64-mingw32/bin/../lib/gcc/nios2-elf/4.8.3/../../../../../H-x86_64-mingw32/nios2-elf/lib/mno-hw-mul\libc.a(lib_a-reallocr.o)
 .debug_aranges
                0x0000000000000350       0x20 c:/altera/14.1/nios2eds/bin/gnu/h-x86_64-mingw32/bin/../lib/gcc/nios2-elf/4.8.3/../../../../../H-x86_64-mingw32/nios2-elf/lib/mno-hw-mul\libc.a(lib_a-refill.o)
 .debug_aranges
                0x0000000000000370       0x20 c:/altera/14.1/nios2eds/bin/gnu/h-x86_64-mingw32/bin/../lib/gcc/nios2-elf/4.8.3/../../../../../H-x86_64-mingw32/nios2-elf/lib/mno-hw-mul\libc.a(lib_a-sbrkr.o)
 .debug_aranges
                0x0000000000000390       0x20 c:/altera/14.1/nios2eds/bin/gnu/h-x86_64-mingw32/bin/../lib/gcc/nios2-elf/4.8.3/../../../../../H-x86_64-mingw32/nios2-elf/lib/mno-hw-mul\libc.a(lib_a-stdio.o)
 .debug_aranges
                0x00000000000003b0       0x20 c:/altera/14.1/nios2eds/bin/gnu/h-x86_64-mingw32/bin/../lib/gcc/nios2-elf/4.8.3/../../../../../H-x86_64-mingw32/nios2-elf/lib/mno-hw-mul\libc.a(lib_a-wbuf.o)
 .debug_aranges
                0x00000000000003d0       0x20 c:/altera/14.1/nios2eds/bin/gnu/h-x86_64-mingw32/bin/../lib/gcc/nios2-elf/4.8.3/../../../../../H-x86_64-mingw32/nios2-elf/lib/mno-hw-mul\libc.a(lib_a-writer.o)
 .debug_aranges
                0x00000000000003f0       0x20 c:/altera/14.1/nios2eds/bin/gnu/h-x86_64-mingw32/bin/../lib/gcc/nios2-elf/4.8.3/../../../../../H-x86_64-mingw32/nios2-elf/lib/mno-hw-mul\libc.a(lib_a-wsetup.o)
 .debug_aranges
                0x0000000000000410       0x20 c:/altera/14.1/nios2eds/bin/gnu/h-x86_64-mingw32/bin/../lib/gcc/nios2-elf/4.8.3/../../../../../H-x86_64-mingw32/nios2-elf/lib/mno-hw-mul\libc.a(closer.o)
 .debug_aranges
                0x0000000000000430       0x20 c:/altera/14.1/nios2eds/bin/gnu/h-x86_64-mingw32/bin/../lib/gcc/nios2-elf/4.8.3/../../../../../H-x86_64-mingw32/nios2-elf/lib/mno-hw-mul\libc.a(lib_a-fclose.o)
 .debug_aranges
                0x0000000000000450       0x20 c:/altera/14.1/nios2eds/bin/gnu/h-x86_64-mingw32/bin/../lib/gcc/nios2-elf/4.8.3/../../../../../H-x86_64-mingw32/nios2-elf/lib/mno-hw-mul\libc.a(lib_a-fflush.o)
 .debug_aranges
                0x0000000000000470       0x20 c:/altera/14.1/nios2eds/bin/gnu/h-x86_64-mingw32/bin/../lib/gcc/nios2-elf/4.8.3/../../../../../H-x86_64-mingw32/nios2-elf/lib/mno-hw-mul\libc.a(lib_a-freer.o)
 .debug_aranges
                0x0000000000000490       0x18 c:/altera/14.1/nios2eds/bin/gnu/h-x86_64-mingw32/bin/../lib/gcc/nios2-elf/4.8.3/../../../../../H-x86_64-mingw32/nios2-elf/lib/mno-hw-mul\libc.a(lib_a-int_errno.o)
 .debug_aranges
                0x00000000000004a8       0x20 c:/altera/14.1/nios2eds/bin/gnu/h-x86_64-mingw32/bin/../lib/gcc/nios2-elf/4.8.3/../../../../../H-x86_64-mingw32/nios2-elf/lib/mno-hw-mul\libc.a(lib_a-lseekr.o)
 .debug_aranges
                0x00000000000004c8       0x20 c:/altera/14.1/nios2eds/bin/gnu/h-x86_64-mingw32/bin/../lib/gcc/nios2-elf/4.8.3/../../../../../H-x86_64-mingw32/nios2-elf/lib/mno-hw-mul\libc.a(lib_a-makebuf.o)
 .debug_aranges
                0x00000000000004e8       0x20 c:/altera/14.1/nios2eds/bin/gnu/h-x86_64-mingw32/bin/../lib/gcc/nios2-elf/4.8.3/../../../../../H-x86_64-mingw32/nios2-elf/lib/mno-hw-mul\libc.a(lib_a-readr.o)
 .debug_aranges
                0x0000000000000508       0x20 c:/altera/14.1/nios2eds/bin/gnu/h-x86_64-mingw32/bin/../lib/gcc/nios2-elf/4.8.3/../../../../../H-x86_64-mingw32/nios2-elf/lib/mno-hw-mul\libc.a(lib_a-fstatr.o)
 .debug_aranges
                0x0000000000000528       0x20 c:/altera/14.1/nios2eds/bin/gnu/h-x86_64-mingw32/bin/../lib/gcc/nios2-elf/4.8.3/../../../../../H-x86_64-mingw32/nios2-elf/lib/mno-hw-mul\libc.a(lib_a-isattyr.o)
 .debug_aranges
                0x0000000000000548       0x20 ../LEDTile_BSP2\libhal_bsp.a(alt_alarm_start.o)
 .debug_aranges
                0x0000000000000568       0x20 ../LEDTile_BSP2\libhal_bsp.a(alt_close.o)
 .debug_aranges
                0x0000000000000588       0x20 ../LEDTile_BSP2\libhal_bsp.a(alt_dev.o)
 .debug_aranges
                0x00000000000005a8       0x18 ../LEDTile_BSP2\libhal_bsp.a(alt_errno.o)
 .debug_aranges
                0x00000000000005c0       0x20 ../LEDTile_BSP2\libhal_bsp.a(alt_fstat.o)
 .debug_aranges
                0x00000000000005e0       0x20 ../LEDTile_BSP2\libhal_bsp.a(alt_isatty.o)
 .debug_aranges
                0x0000000000000600       0x20 ../LEDTile_BSP2\libhal_bsp.a(alt_lseek.o)
 .debug_aranges
                0x0000000000000620       0x20 ../LEDTile_BSP2\libhal_bsp.a(alt_main.o)
 .debug_aranges
                0x0000000000000640       0x20 ../LEDTile_BSP2\libhal_bsp.a(alt_malloc_lock.o)
 .debug_aranges
                0x0000000000000660       0x20 ../LEDTile_BSP2\libhal_bsp.a(alt_read.o)
 .debug_aranges
                0x0000000000000680       0x20 ../LEDTile_BSP2\libhal_bsp.a(alt_release_fd.o)
 .debug_aranges
                0x00000000000006a0       0x20 ../LEDTile_BSP2\libhal_bsp.a(alt_sbrk.o)
 .debug_aranges
                0x00000000000006c0       0x20 ../LEDTile_BSP2\libhal_bsp.a(alt_tick.o)
 .debug_aranges
                0x00000000000006e0       0x20 ../LEDTile_BSP2\libhal_bsp.a(alt_write.o)
 .debug_aranges
                0x0000000000000700       0x20 ../LEDTile_BSP2\libhal_bsp.a(alt_sys_init.o)
 .debug_aranges
                0x0000000000000720       0x20 ../LEDTile_BSP2\libhal_bsp.a(altera_avalon_epcs_flash_controller.o)
 .debug_aranges
                0x0000000000000740       0x20 ../LEDTile_BSP2\libhal_bsp.a(altera_avalon_jtag_uart_fd.o)
 .debug_aranges
                0x0000000000000760       0x20 ../LEDTile_BSP2\libhal_bsp.a(altera_avalon_jtag_uart_init.o)
 .debug_aranges
                0x0000000000000780       0x20 ../LEDTile_BSP2\libhal_bsp.a(altera_avalon_jtag_uart_ioctl.o)
 .debug_aranges
                0x00000000000007a0       0x20 ../LEDTile_BSP2\libhal_bsp.a(altera_avalon_jtag_uart_read.o)
 .debug_aranges